Command line invocation:
    /Applications/Xcode.app/Contents/Developer/usr/bin/xcodebuild -project "Immich Gallery.xcodeproj" -scheme "Immich Gallery" -sdk appletvsimulator build

Build settings from command line:
    SDKROOT = appletvsimulator26.2

--- xcodebuild: WARNING: Using the first of multiple matching destinations:
{ platform:tvOS Simulator, id:dvtdevice-DVTiOSDeviceSimulatorPlaceholder-appletvsimulator:placeholder, name:Any tvOS Simulator Device }
{ platform:tvOS Simulator, arch:arm64, id:954DE667-E916-44AE-97EF-AC0157BBBA79, OS:26.2, name:Apple TV 4K (3rd generation) }
{ platform:tvOS Simulator, arch:arm64, id:A370C37B-030F-4C07-92F0-EF29ADC9E768, OS:26.2, name:Apple TV 4K (3rd generation) (at 1080p) }
{ platform:tvOS Simulator, arch:arm64, id:77FDE50F-430F-46EF-883F-A6DA74468C04, OS:26.2, name:tvOS }
{ platform:tvOS, id:dvtdevice-DVTiOSDevicePlaceholder-appletvos:placeholder, name:Any tvOS Device }
{ platform:tvOS, arch:arm64, id:6b84cb00d40037a338bcd2df1696312a84c4b953, name:TV }
ComputePackagePrebuildTargetDependencyGraph

Prepare packages

CreateBuildRequest

SendProjectDescription

CreateBuildOperation

ComputeTargetDependencyGraph
note: Building targets in dependency order
note: Target dependency graph (2 targets)
    Target 'Immich Gallery' in project 'Immich Gallery'
        ➜ Explicit dependency on target 'TopShelfExtension' in project 'Immich Gallery'
    Target 'TopShelfExtension' in project 'Immich Gallery' (no dependencies)

GatherProvisioningInputs

CreateBuildDescription

ExecuteExternalTool /Applications/Xcode.app/Contents/Developer/Toolchains/XcodeDefault.xctoolchain/usr/bin/clang -v -E -dM -isysroot /Applications/Xcode.app/Contents/Developer/Platforms/AppleTVSimulator.platform/Developer/SDKs/AppleTVSimulator26.2.sdk -x c -c /dev/null

ExecuteExternalTool /Applications/Xcode.app/Contents/Developer/Toolchains/XcodeDefault.xctoolchain/usr/bin/swiftc --version

ExecuteExternalTool /Applications/Xcode.app/Contents/Developer/usr/bin/actool --print-asset-tag-combinations --output-format xml1 /Users/sander/dev/Immich-Gallery/Immich Gallery/Preview Content/Preview Assets.xcassets /Users/sander/dev/Immich-Gallery/Immich Gallery/Assets.xcassets

ExecuteExternalTool /Applications/Xcode.app/Contents/Developer/usr/bin/actool --version --output-format xml1

ExecuteExternalTool /Applications/Xcode.app/Contents/Developer/Toolchains/XcodeDefault.xctoolchain/usr/bin/ld -version_details

Build description signature: 17e690e40923f6650612148e83bdd15a
Build description path: /Users/sander/Library/Developer/Xcode/DerivedData/Immich_Gallery-eittrmpavvicbzfinpapxnnmzxht/Build/Intermediates.noindex/XCBuildData/17e690e40923f6650612148e83bdd15a.xcbuilddata
ClangStatCache /Applications/Xcode.app/Contents/Developer/Toolchains/XcodeDefault.xctoolchain/usr/bin/clang-stat-cache /Applications/Xcode.app/Contents/Developer/Platforms/AppleTVSimulator.platform/Developer/SDKs/AppleTVSimulator26.2.sdk /Users/sander/Library/Developer/Xcode/DerivedData/SDKStatCaches.noindex/appletvsimulator26.2-23K50-3885c01c3e6b6a337905948deab2002e080c9acb371011151a58bc032572b023.sdkstatcache
    cd /Users/sander/dev/Immich-Gallery/Immich\ Gallery.xcodeproj
    /Applications/Xcode.app/Contents/Developer/Toolchains/XcodeDefault.xctoolchain/usr/bin/clang-stat-cache /Applications/Xcode.app/Contents/Developer/Platforms/AppleTVSimulator.platform/Developer/SDKs/AppleTVSimulator26.2.sdk -o /Users/sander/Library/Developer/Xcode/DerivedData/SDKStatCaches.noindex/appletvsimulator26.2-23K50-3885c01c3e6b6a337905948deab2002e080c9acb371011151a58bc032572b023.sdkstatcache

ProcessInfoPlistFile /Users/sander/Library/Developer/Xcode/DerivedData/Immich_Gallery-eittrmpavvicbzfinpapxnnmzxht/Build/Products/Debug-appletvsimulator/TopShelfExtension.appex/Info.plist /Users/sander/dev/Immich-Gallery/TopShelfExtension/Info.plist (in target 'TopShelfExtension' from project 'Immich Gallery')
    cd /Users/sander/dev/Immich-Gallery
    builtin-infoPlistUtility /Users/sander/dev/Immich-Gallery/TopShelfExtension/Info.plist -producttype com.apple.product-type.app-extension -expandbuildsettings -format binary -platform appletvsimulator -o /Users/sander/Library/Developer/Xcode/DerivedData/Immich_Gallery-eittrmpavvicbzfinpapxnnmzxht/Build/Products/Debug-appletvsimulator/TopShelfExtension.appex/Info.plist

SwiftDriver Immich\ Gallery normal x86_64 com.apple.xcode.tools.swift.compiler (in target 'Immich Gallery' from project 'Immich Gallery')
    cd /Users/sander/dev/Immich-Gallery
    builtin-SwiftDriver -- /Applications/Xcode.app/Contents/Developer/Toolchains/XcodeDefault.xctoolchain/usr/bin/swiftc -module-name Immich_Gallery -Onone -enforce-exclusivity\=checked @/Users/sander/Library/Developer/Xcode/DerivedData/Immich_Gallery-eittrmpavvicbzfinpapxnnmzxht/Build/Intermediates.noindex/Immich\ Gallery.build/Debug-appletvsimulator/Immich\ Gallery.build/Objects-normal/x86_64/Immich\ Gallery.SwiftFileList -DDEBUG -enable-bare-slash-regex -enable-experimental-feature DebugDescriptionMacro -sdk /Applications/Xcode.app/Contents/Developer/Platforms/AppleTVSimulator.platform/Developer/SDKs/AppleTVSimulator26.2.sdk -target x86_64-apple-tvos26.0-simulator -g -module-cache-path /Users/sander/Library/Developer/Xcode/DerivedData/ModuleCache.noindex -Xfrontend -serialize-debugging-options -profile-coverage-mapping -profile-generate -enable-testing -index-store-path /Users/sander/Library/Developer/Xcode/DerivedData/Immich_Gallery-eittrmpavvicbzfinpapxnnmzxht/Index.noindex/DataStore -Xcc -D_LIBCPP_HARDENING_MODE\=_LIBCPP_HARDENING_MODE_DEBUG -swift-version 5 -I /Users/sander/Library/Developer/Xcode/DerivedData/Immich_Gallery-eittrmpavvicbzfinpapxnnmzxht/Build/Products/Debug-appletvsimulator -F /Users/sander/Library/Developer/Xcode/DerivedData/Immich_Gallery-eittrmpavvicbzfinpapxnnmzxht/Build/Products/Debug-appletvsimulator -emit-localized-strings -emit-localized-strings-path /Users/sander/Library/Developer/Xcode/DerivedData/Immich_Gallery-eittrmpavvicbzfinpapxnnmzxht/Build/Intermediates.noindex/Immich\ Gallery.build/Debug-appletvsimulator/Immich\ Gallery.build/Objects-normal/x86_64 -c -j10 -enable-batch-mode -incremental -Xcc -ivfsstatcache -Xcc /Users/sander/Library/Developer/Xcode/DerivedData/SDKStatCaches.noindex/appletvsimulator26.2-23K50-3885c01c3e6b6a337905948deab2002e080c9acb371011151a58bc032572b023.sdkstatcache -output-file-map /Users/sander/Library/Developer/Xcode/DerivedData/Immich_Gallery-eittrmpavvicbzfinpapxnnmzxht/Build/Intermediates.noindex/Immich\ Gallery.build/Debug-appletvsimulator/Immich\ Gallery.build/Objects-normal/x86_64/Immich\ Gallery-OutputFileMap.json -use-frontend-parseable-output -save-temps -no-color-diagnostics -explicit-module-build -module-cache-path /Users/sander/Library/Developer/Xcode/DerivedData/Immich_Gallery-eittrmpavvicbzfinpapxnnmzxht/Build/Intermediates.noindex/SwiftExplicitPrecompiledModules -clang-scanner-module-cache-path /Users/sander/Library/Developer/Xcode/DerivedData/ModuleCache.noindex -sdk-module-cache-path /Users/sander/Library/Developer/Xcode/DerivedData/ModuleCache.noindex -serialize-diagnostics -emit-dependencies -emit-module -emit-module-path /Users/sander/Library/Developer/Xcode/DerivedData/Immich_Gallery-eittrmpavvicbzfinpapxnnmzxht/Build/Intermediates.noindex/Immich\ Gallery.build/Debug-appletvsimulator/Immich\ Gallery.build/Objects-normal/x86_64/Immich_Gallery.swiftmodule -validate-clang-modules-once -clang-build-session-file /Users/sander/Library/Developer/Xcode/DerivedData/ModuleCache.noindex/Session.modulevalidation -Xcc -I/Users/sander/Library/Developer/Xcode/DerivedData/Immich_Gallery-eittrmpavvicbzfinpapxnnmzxht/Build/Intermediates.noindex/Immich\ Gallery.build/Debug-appletvsimulator/Immich\ Gallery.build/swift-overrides.hmap -emit-const-values -Xfrontend -const-gather-protocols-file -Xfrontend /Users/sander/Library/Developer/Xcode/DerivedData/Immich_Gallery-eittrmpavvicbzfinpapxnnmzxht/Build/Intermediates.noindex/Immich\ Gallery.build/Debug-appletvsimulator/Immich\ Gallery.build/Objects-normal/x86_64/Immich\ Gallery_const_extract_protocols.json -Xcc -iquote -Xcc /Users/sander/Library/Developer/Xcode/DerivedData/Immich_Gallery-eittrmpavvicbzfinpapxnnmzxht/Build/Intermediates.noindex/Immich\ Gallery.build/Debug-appletvsimulator/Immich\ Gallery.build/Immich\ Gallery-generated-files.hmap -Xcc -I/Users/sander/Library/Developer/Xcode/DerivedData/Immich_Gallery-eittrmpavvicbzfinpapxnnmzxht/Build/Intermediates.noindex/Immich\ Gallery.build/Debug-appletvsimulator/Immich\ Gallery.build/Immich\ Gallery-own-target-headers.hmap -Xcc -I/Users/sander/Library/Developer/Xcode/DerivedData/Immich_Gallery-eittrmpavvicbzfinpapxnnmzxht/Build/Intermediates.noindex/Immich\ Gallery.build/Debug-appletvsimulator/Immich\ Gallery.build/Immich\ Gallery-all-target-headers.hmap -Xcc -iquote -Xcc /Users/sander/Library/Developer/Xcode/DerivedData/Immich_Gallery-eittrmpavvicbzfinpapxnnmzxht/Build/Intermediates.noindex/Immich\ Gallery.build/Debug-appletvsimulator/Immich\ Gallery.build/Immich\ Gallery-project-headers.hmap -Xcc -I/Users/sander/Library/Developer/Xcode/DerivedData/Immich_Gallery-eittrmpavvicbzfinpapxnnmzxht/Build/Products/Debug-appletvsimulator/include -Xcc -I/Users/sander/Library/Developer/Xcode/DerivedData/Immich_Gallery-eittrmpavvicbzfinpapxnnmzxht/Build/Intermediates.noindex/Immich\ Gallery.build/Debug-appletvsimulator/Immich\ Gallery.build/DerivedSources-normal/x86_64 -Xcc -I/Users/sander/Library/Developer/Xcode/DerivedData/Immich_Gallery-eittrmpavvicbzfinpapxnnmzxht/Build/Intermediates.noindex/Immich\ Gallery.build/Debug-appletvsimulator/Immich\ Gallery.build/DerivedSources/x86_64 -Xcc -I/Users/sander/Library/Developer/Xcode/DerivedData/Immich_Gallery-eittrmpavvicbzfinpapxnnmzxht/Build/Intermediates.noindex/Immich\ Gallery.build/Debug-appletvsimulator/Immich\ Gallery.build/DerivedSources -Xcc -DDEBUG\=1 -emit-objc-header -emit-objc-header-path /Users/sander/Library/Developer/Xcode/DerivedData/Immich_Gallery-eittrmpavvicbzfinpapxnnmzxht/Build/Intermediates.noindex/Immich\ Gallery.build/Debug-appletvsimulator/Immich\ Gallery.build/Objects-normal/x86_64/Immich_Gallery-Swift.h -working-directory /Users/sander/dev/Immich-Gallery -experimental-emit-module-separately -disable-cmo

SwiftDriver Immich\ Gallery normal arm64 com.apple.xcode.tools.swift.compiler (in target 'Immich Gallery' from project 'Immich Gallery')
    cd /Users/sander/dev/Immich-Gallery
    builtin-SwiftDriver -- /Applications/Xcode.app/Contents/Developer/Toolchains/XcodeDefault.xctoolchain/usr/bin/swiftc -module-name Immich_Gallery -Onone -enforce-exclusivity\=checked @/Users/sander/Library/Developer/Xcode/DerivedData/Immich_Gallery-eittrmpavvicbzfinpapxnnmzxht/Build/Intermediates.noindex/Immich\ Gallery.build/Debug-appletvsimulator/Immich\ Gallery.build/Objects-normal/arm64/Immich\ Gallery.SwiftFileList -DDEBUG -enable-bare-slash-regex -enable-experimental-feature DebugDescriptionMacro -sdk /Applications/Xcode.app/Contents/Developer/Platforms/AppleTVSimulator.platform/Developer/SDKs/AppleTVSimulator26.2.sdk -target arm64-apple-tvos26.0-simulator -g -module-cache-path /Users/sander/Library/Developer/Xcode/DerivedData/ModuleCache.noindex -Xfrontend -serialize-debugging-options -profile-coverage-mapping -profile-generate -enable-testing -index-store-path /Users/sander/Library/Developer/Xcode/DerivedData/Immich_Gallery-eittrmpavvicbzfinpapxnnmzxht/Index.noindex/DataStore -Xcc -D_LIBCPP_HARDENING_MODE\=_LIBCPP_HARDENING_MODE_DEBUG -swift-version 5 -I /Users/sander/Library/Developer/Xcode/DerivedData/Immich_Gallery-eittrmpavvicbzfinpapxnnmzxht/Build/Products/Debug-appletvsimulator -F /Users/sander/Library/Developer/Xcode/DerivedData/Immich_Gallery-eittrmpavvicbzfinpapxnnmzxht/Build/Products/Debug-appletvsimulator -emit-localized-strings -emit-localized-strings-path /Users/sander/Library/Developer/Xcode/DerivedData/Immich_Gallery-eittrmpavvicbzfinpapxnnmzxht/Build/Intermediates.noindex/Immich\ Gallery.build/Debug-appletvsimulator/Immich\ Gallery.build/Objects-normal/arm64 -c -j10 -enable-batch-mode -incremental -Xcc -ivfsstatcache -Xcc /Users/sander/Library/Developer/Xcode/DerivedData/SDKStatCaches.noindex/appletvsimulator26.2-23K50-3885c01c3e6b6a337905948deab2002e080c9acb371011151a58bc032572b023.sdkstatcache -output-file-map /Users/sander/Library/Developer/Xcode/DerivedData/Immich_Gallery-eittrmpavvicbzfinpapxnnmzxht/Build/Intermediates.noindex/Immich\ Gallery.build/Debug-appletvsimulator/Immich\ Gallery.build/Objects-normal/arm64/Immich\ Gallery-OutputFileMap.json -use-frontend-parseable-output -save-temps -no-color-diagnostics -explicit-module-build -module-cache-path /Users/sander/Library/Developer/Xcode/DerivedData/Immich_Gallery-eittrmpavvicbzfinpapxnnmzxht/Build/Intermediates.noindex/SwiftExplicitPrecompiledModules -clang-scanner-module-cache-path /Users/sander/Library/Developer/Xcode/DerivedData/ModuleCache.noindex -sdk-module-cache-path /Users/sander/Library/Developer/Xcode/DerivedData/ModuleCache.noindex -serialize-diagnostics -emit-dependencies -emit-module -emit-module-path /Users/sander/Library/Developer/Xcode/DerivedData/Immich_Gallery-eittrmpavvicbzfinpapxnnmzxht/Build/Intermediates.noindex/Immich\ Gallery.build/Debug-appletvsimulator/Immich\ Gallery.build/Objects-normal/arm64/Immich_Gallery.swiftmodule -validate-clang-modules-once -clang-build-session-file /Users/sander/Library/Developer/Xcode/DerivedData/ModuleCache.noindex/Session.modulevalidation -Xcc -I/Users/sander/Library/Developer/Xcode/DerivedData/Immich_Gallery-eittrmpavvicbzfinpapxnnmzxht/Build/Intermediates.noindex/Immich\ Gallery.build/Debug-appletvsimulator/Immich\ Gallery.build/swift-overrides.hmap -emit-const-values -Xfrontend -const-gather-protocols-file -Xfrontend /Users/sander/Library/Developer/Xcode/DerivedData/Immich_Gallery-eittrmpavvicbzfinpapxnnmzxht/Build/Intermediates.noindex/Immich\ Gallery.build/Debug-appletvsimulator/Immich\ Gallery.build/Objects-normal/arm64/Immich\ Gallery_const_extract_protocols.json -Xcc -iquote -Xcc /Users/sander/Library/Developer/Xcode/DerivedData/Immich_Gallery-eittrmpavvicbzfinpapxnnmzxht/Build/Intermediates.noindex/Immich\ Gallery.build/Debug-appletvsimulator/Immich\ Gallery.build/Immich\ Gallery-generated-files.hmap -Xcc -I/Users/sander/Library/Developer/Xcode/DerivedData/Immich_Gallery-eittrmpavvicbzfinpapxnnmzxht/Build/Intermediates.noindex/Immich\ Gallery.build/Debug-appletvsimulator/Immich\ Gallery.build/Immich\ Gallery-own-target-headers.hmap -Xcc -I/Users/sander/Library/Developer/Xcode/DerivedData/Immich_Gallery-eittrmpavvicbzfinpapxnnmzxht/Build/Intermediates.noindex/Immich\ Gallery.build/Debug-appletvsimulator/Immich\ Gallery.build/Immich\ Gallery-all-target-headers.hmap -Xcc -iquote -Xcc /Users/sander/Library/Developer/Xcode/DerivedData/Immich_Gallery-eittrmpavvicbzfinpapxnnmzxht/Build/Intermediates.noindex/Immich\ Gallery.build/Debug-appletvsimulator/Immich\ Gallery.build/Immich\ Gallery-project-headers.hmap -Xcc -I/Users/sander/Library/Developer/Xcode/DerivedData/Immich_Gallery-eittrmpavvicbzfinpapxnnmzxht/Build/Products/Debug-appletvsimulator/include -Xcc -I/Users/sander/Library/Developer/Xcode/DerivedData/Immich_Gallery-eittrmpavvicbzfinpapxnnmzxht/Build/Intermediates.noindex/Immich\ Gallery.build/Debug-appletvsimulator/Immich\ Gallery.build/DerivedSources-normal/arm64 -Xcc -I/Users/sander/Library/Developer/Xcode/DerivedData/Immich_Gallery-eittrmpavvicbzfinpapxnnmzxht/Build/Intermediates.noindex/Immich\ Gallery.build/Debug-appletvsimulator/Immich\ Gallery.build/DerivedSources/arm64 -Xcc -I/Users/sander/Library/Developer/Xcode/DerivedData/Immich_Gallery-eittrmpavvicbzfinpapxnnmzxht/Build/Intermediates.noindex/Immich\ Gallery.build/Debug-appletvsimulator/Immich\ Gallery.build/DerivedSources -Xcc -DDEBUG\=1 -emit-objc-header -emit-objc-header-path /Users/sander/Library/Developer/Xcode/DerivedData/Immich_Gallery-eittrmpavvicbzfinpapxnnmzxht/Build/Intermediates.noindex/Immich\ Gallery.build/Debug-appletvsimulator/Immich\ Gallery.build/Objects-normal/arm64/Immich_Gallery-Swift.h -working-directory /Users/sander/dev/Immich-Gallery -experimental-emit-module-separately -disable-cmo

SwiftExplicitDependencyGeneratePcm x86_64 /Users/sander/Library/Developer/Xcode/DerivedData/ModuleCache.noindex/CoreVideo-9IZT1T0PDFXCQ5URE3P9SBE2T.pcm

SwiftCompile normal arm64 Compiling\ PauseShelfView.swift,\ SlideImageView.swift /Users/sander/dev/Immich-Gallery/Immich\ Gallery/Views/OmniSlide/Views/PauseShelfView.swift /Users/sander/dev/Immich-Gallery/Immich\ Gallery/Views/OmniSlide/Views/SlideImageView.swift (in target 'Immich Gallery' from project 'Immich Gallery')
SwiftCompile normal arm64 /Users/sander/dev/Immich-Gallery/Immich\ Gallery/Views/OmniSlide/Views/PauseShelfView.swift (in target 'Immich Gallery' from project 'Immich Gallery')
    cd /Users/sander/dev/Immich-Gallery
    

SwiftCompile normal arm64 /Users/sander/dev/Immich-Gallery/Immich\ Gallery/Views/OmniSlide/Views/SlideImageView.swift (in target 'Immich Gallery' from project 'Immich Gallery')
    cd /Users/sander/dev/Immich-Gallery
    

SwiftCompile normal arm64 Compiling\ SettingsView.swift,\ SlideShowSettings.swift /Users/sander/dev/Immich-Gallery/Immich\ Gallery/Views/Settings/SettingsView.swift /Users/sander/dev/Immich-Gallery/Immich\ Gallery/Views/Settings/SlideShowSettings.swift (in target 'Immich Gallery' from project 'Immich Gallery')
SwiftCompile normal arm64 /Users/sander/dev/Immich-Gallery/Immich\ Gallery/Views/Settings/SettingsView.swift (in target 'Immich Gallery' from project 'Immich Gallery')
    cd /Users/sander/dev/Immich-Gallery
    

SwiftCompile normal arm64 /Users/sander/dev/Immich-Gallery/Immich\ Gallery/Views/Settings/SlideShowSettings.swift (in target 'Immich Gallery' from project 'Immich Gallery')
    cd /Users/sander/dev/Immich-Gallery
    
/Users/sander/dev/Immich-Gallery/Immich Gallery/Views/Settings/SlideShowSettings.swift:282:5: warning: '@State' used inline will not work unless tagged with '@Previewable' (from macro 'Preview')
    @State var slideshowInterval: Double = 8.0
    ^
/Users/sander/dev/Immich-Gallery/Immich Gallery/Views/Settings/SlideShowSettings.swift:282:5: note: Add '@Previewable'
    @State var slideshowInterval: Double = 8.0
    ^~~~~~
    @Previewable @State
/Users/sander/dev/Immich-Gallery/Immich Gallery/Views/Settings/SlideShowSettings.swift:283:5: warning: '@State' used inline will not work unless tagged with '@Previewable' (from macro 'Preview')
    @State var slideshowBackgroundColor = "white"
    ^
/Users/sander/dev/Immich-Gallery/Immich Gallery/Views/Settings/SlideShowSettings.swift:283:5: note: Add '@Previewable'
    @State var slideshowBackgroundColor = "white"
    ^~~~~~
    @Previewable @State
/Users/sander/dev/Immich-Gallery/Immich Gallery/Views/Settings/SlideShowSettings.swift:284:5: warning: '@State' used inline will not work unless tagged with '@Previewable' (from macro 'Preview')
    @State var use24HourClock = true
    ^
/Users/sander/dev/Immich-Gallery/Immich Gallery/Views/Settings/SlideShowSettings.swift:284:5: note: Add '@Previewable'
    @State var use24HourClock = true
    ^~~~~~
    @Previewable @State
/Users/sander/dev/Immich-Gallery/Immich Gallery/Views/Settings/SlideShowSettings.swift:285:5: warning: '@State' used inline will not work unless tagged with '@Previewable' (from macro 'Preview')
    @State var hideOverlay = true
    ^
/Users/sander/dev/Immich-Gallery/Immich Gallery/Views/Settings/SlideShowSettings.swift:285:5: note: Add '@Previewable'
    @State var hideOverlay = true
    ^~~~~~
    @Previewable @State
/Users/sander/dev/Immich-Gallery/Immich Gallery/Views/Settings/SlideShowSettings.swift:286:5: warning: '@State' used inline will not work unless tagged with '@Previewable' (from macro 'Preview')
    @State var enableReflections = true
    ^
/Users/sander/dev/Immich-Gallery/Immich Gallery/Views/Settings/SlideShowSettings.swift:286:5: note: Add '@Previewable'
    @State var enableReflections = true
    ^~~~~~
    @Previewable @State
/Users/sander/dev/Immich-Gallery/Immich Gallery/Views/Settings/SlideShowSettings.swift:287:5: warning: '@State' used inline will not work unless tagged with '@Previewable' (from macro 'Preview')
    @State var enableKenBurns = false
    ^
/Users/sander/dev/Immich-Gallery/Immich Gallery/Views/Settings/SlideShowSettings.swift:287:5: note: Add '@Previewable'
    @State var enableKenBurns = false
    ^~~~~~
    @Previewable @State
/Users/sander/dev/Immich-Gallery/Immich Gallery/Views/Settings/SlideShowSettings.swift:288:5: warning: '@State' used inline will not work unless tagged with '@Previewable' (from macro 'Preview')
    @State var enableMemoriesSlideshow = false
    ^
/Users/sander/dev/Immich-Gallery/Immich Gallery/Views/Settings/SlideShowSettings.swift:288:5: note: Add '@Previewable'
    @State var enableMemoriesSlideshow = false
    ^~~~~~
    @Previewable @State
/Users/sander/dev/Immich-Gallery/Immich Gallery/Views/Settings/SlideShowSettings.swift:289:5: warning: '@State' used inline will not work unless tagged with '@Previewable' (from macro 'Preview')
    @State var enableShuffle = false
    ^
/Users/sander/dev/Immich-Gallery/Immich Gallery/Views/Settings/SlideShowSettings.swift:289:5: note: Add '@Previewable'
    @State var enableShuffle = false
    ^~~~~~
    @Previewable @State
/Users/sander/dev/Immich-Gallery/Immich Gallery/Views/Settings/SlideShowSettings.swift:290:5: warning: '@State' used inline will not work unless tagged with '@Previewable' (from macro 'Preview')
    @State var slideshowTransition = "fade"
    ^
/Users/sander/dev/Immich-Gallery/Immich Gallery/Views/Settings/SlideShowSettings.swift:290:5: note: Add '@Previewable'
    @State var slideshowTransition = "fade"
    ^~~~~~
    @Previewable @State
/Users/sander/dev/Immich-Gallery/Immich Gallery/Views/Settings/SlideShowSettings.swift:291:5: warning: '@State' used inline will not work unless tagged with '@Previewable' (from macro 'Preview')
    @State var autoSlideshowTimeout = 5
    ^
/Users/sander/dev/Immich-Gallery/Immich Gallery/Views/Settings/SlideShowSettings.swift:291:5: note: Add '@Previewable'
    @State var autoSlideshowTimeout = 5
    ^~~~~~
    @Previewable @State

SwiftCompile normal arm64 Compiling\ SlideVideoView.swift,\ AutoSlideshowTimeoutPicker.swift /Users/sander/dev/Immich-Gallery/Immich\ Gallery/Views/OmniSlide/Views/SlideVideoView.swift /Users/sander/dev/Immich-Gallery/Immich\ Gallery/Views/Settings/AutoSlideshowTimeoutPicker.swift (in target 'Immich Gallery' from project 'Immich Gallery')

SwiftCompile normal arm64 /Users/sander/dev/Immich-Gallery/Immich\ Gallery/Views/OmniSlide/Views/SlideVideoView.swift (in target 'Immich Gallery' from project 'Immich Gallery')
    cd /Users/sander/dev/Immich-Gallery
    

SwiftCompile normal arm64 /Users/sander/dev/Immich-Gallery/Immich\ Gallery/Views/Settings/AutoSlideshowTimeoutPicker.swift (in target 'Immich Gallery' from project 'Immich Gallery')
    cd /Users/sander/dev/Immich-Gallery
    
/Users/sander/dev/Immich-Gallery/Immich Gallery/Views/Settings/SlideShowSettings.swift:282:5: warning: '@State' used inline will not work unless tagged with '@Previewable' (from macro 'Preview')
    @State var slideshowInterval: Double = 8.0
    ^
/Users/sander/dev/Immich-Gallery/Immich Gallery/Views/Settings/SlideShowSettings.swift:282:5: note: Add '@Previewable'
    @State var slideshowInterval: Double = 8.0
    ^~~~~~
    @Previewable @State
/Users/sander/dev/Immich-Gallery/Immich Gallery/Views/Settings/SlideShowSettings.swift:283:5: warning: '@State' used inline will not work unless tagged with '@Previewable' (from macro 'Preview')
    @State var slideshowBackgroundColor = "white"
    ^
/Users/sander/dev/Immich-Gallery/Immich Gallery/Views/Settings/SlideShowSettings.swift:283:5: note: Add '@Previewable'
    @State var slideshowBackgroundColor = "white"
    ^~~~~~
    @Previewable @State
/Users/sander/dev/Immich-Gallery/Immich Gallery/Views/Settings/SlideShowSettings.swift:284:5: warning: '@State' used inline will not work unless tagged with '@Previewable' (from macro 'Preview')
    @State var use24HourClock = true
    ^
/Users/sander/dev/Immich-Gallery/Immich Gallery/Views/Settings/SlideShowSettings.swift:284:5: note: Add '@Previewable'
    @State var use24HourClock = true
    ^~~~~~
    @Previewable @State
/Users/sander/dev/Immich-Gallery/Immich Gallery/Views/Settings/SlideShowSettings.swift:285:5: warning: '@State' used inline will not work unless tagged with '@Previewable' (from macro 'Preview')
    @State var hideOverlay = true
    ^
/Users/sander/dev/Immich-Gallery/Immich Gallery/Views/Settings/SlideShowSettings.swift:285:5: note: Add '@Previewable'
    @State var hideOverlay = true
    ^~~~~~
    @Previewable @State
/Users/sander/dev/Immich-Gallery/Immich Gallery/Views/Settings/SlideShowSettings.swift:286:5: warning: '@State' used inline will not work unless tagged with '@Previewable' (from macro 'Preview')
    @State var enableReflections = true
    ^
/Users/sander/dev/Immich-Gallery/Immich Gallery/Views/Settings/SlideShowSettings.swift:286:5: note: Add '@Previewable'
    @State var enableReflections = true
    ^~~~~~
    @Previewable @State
/Users/sander/dev/Immich-Gallery/Immich Gallery/Views/Settings/SlideShowSettings.swift:287:5: warning: '@State' used inline will not work unless tagged with '@Previewable' (from macro 'Preview')
    @State var enableKenBurns = false
    ^
/Users/sander/dev/Immich-Gallery/Immich Gallery/Views/Settings/SlideShowSettings.swift:287:5: note: Add '@Previewable'
    @State var enableKenBurns = false
    ^~~~~~
    @Previewable @State
/Users/sander/dev/Immich-Gallery/Immich Gallery/Views/Settings/SlideShowSettings.swift:288:5: warning: '@State' used inline will not work unless tagged with '@Previewable' (from macro 'Preview')
    @State var enableMemoriesSlideshow = false
    ^
/Users/sander/dev/Immich-Gallery/Immich Gallery/Views/Settings/SlideShowSettings.swift:288:5: note: Add '@Previewable'
    @State var enableMemoriesSlideshow = false
    ^~~~~~
    @Previewable @State
/Users/sander/dev/Immich-Gallery/Immich Gallery/Views/Settings/SlideShowSettings.swift:289:5: warning: '@State' used inline will not work unless tagged with '@Previewable' (from macro 'Preview')
    @State var enableShuffle = false
    ^
/Users/sander/dev/Immich-Gallery/Immich Gallery/Views/Settings/SlideShowSettings.swift:289:5: note: Add '@Previewable'
    @State var enableShuffle = false
    ^~~~~~
    @Previewable @State
/Users/sander/dev/Immich-Gallery/Immich Gallery/Views/Settings/SlideShowSettings.swift:290:5: warning: '@State' used inline will not work unless tagged with '@Previewable' (from macro 'Preview')
    @State var slideshowTransition = "fade"
    ^
/Users/sander/dev/Immich-Gallery/Immich Gallery/Views/Settings/SlideShowSettings.swift:290:5: note: Add '@Previewable'
    @State var slideshowTransition = "fade"
    ^~~~~~
    @Previewable @State
/Users/sander/dev/Immich-Gallery/Immich Gallery/Views/Settings/SlideShowSettings.swift:291:5: warning: '@State' used inline will not work unless tagged with '@Previewable' (from macro 'Preview')
    @State var autoSlideshowTimeout = 5
    ^
/Users/sander/dev/Immich-Gallery/Immich Gallery/Views/Settings/SlideShowSettings.swift:291:5: note: Add '@Previewable'
    @State var autoSlideshowTimeout = 5
    ^~~~~~
    @Previewable @State

SwiftCompile normal arm64 Compiling\ FullScreenImageView.swift,\ InfoRow.swift /Users/sander/dev/Immich-Gallery/Immich\ Gallery/Views/FullScreenImageView.swift /Users/sander/dev/Immich-Gallery/Immich\ Gallery/Views/InfoRow.swift (in target 'Immich Gallery' from project 'Immich Gallery')

SwiftCompile normal arm64 /Users/sander/dev/Immich-Gallery/Immich\ Gallery/Views/FullScreenImageView.swift (in target 'Immich Gallery' from project 'Immich Gallery')
    cd /Users/sander/dev/Immich-Gallery
    
/Users/sander/dev/Immich-Gallery/Immich Gallery/Views/Settings/SlideShowSettings.swift:282:5: warning: '@State' used inline will not work unless tagged with '@Previewable' (from macro 'Preview')
    @State var slideshowInterval: Double = 8.0
    ^
/Users/sander/dev/Immich-Gallery/Immich Gallery/Views/Settings/SlideShowSettings.swift:282:5: note: Add '@Previewable'
    @State var slideshowInterval: Double = 8.0
    ^~~~~~
    @Previewable @State
/Users/sander/dev/Immich-Gallery/Immich Gallery/Views/Settings/SlideShowSettings.swift:283:5: warning: '@State' used inline will not work unless tagged with '@Previewable' (from macro 'Preview')
    @State var slideshowBackgroundColor = "white"
    ^
/Users/sander/dev/Immich-Gallery/Immich Gallery/Views/Settings/SlideShowSettings.swift:283:5: note: Add '@Previewable'
    @State var slideshowBackgroundColor = "white"
    ^~~~~~
    @Previewable @State
/Users/sander/dev/Immich-Gallery/Immich Gallery/Views/Settings/SlideShowSettings.swift:284:5: warning: '@State' used inline will not work unless tagged with '@Previewable' (from macro 'Preview')
    @State var use24HourClock = true
    ^
/Users/sander/dev/Immich-Gallery/Immich Gallery/Views/Settings/SlideShowSettings.swift:284:5: note: Add '@Previewable'
    @State var use24HourClock = true
    ^~~~~~
    @Previewable @State
/Users/sander/dev/Immich-Gallery/Immich Gallery/Views/Settings/SlideShowSettings.swift:285:5: warning: '@State' used inline will not work unless tagged with '@Previewable' (from macro 'Preview')
    @State var hideOverlay = true
    ^
/Users/sander/dev/Immich-Gallery/Immich Gallery/Views/Settings/SlideShowSettings.swift:285:5: note: Add '@Previewable'
    @State var hideOverlay = true
    ^~~~~~
    @Previewable @State
/Users/sander/dev/Immich-Gallery/Immich Gallery/Views/Settings/SlideShowSettings.swift:286:5: warning: '@State' used inline will not work unless tagged with '@Previewable' (from macro 'Preview')
    @State var enableReflections = true
    ^
/Users/sander/dev/Immich-Gallery/Immich Gallery/Views/Settings/SlideShowSettings.swift:286:5: note: Add '@Previewable'
    @State var enableReflections = true
    ^~~~~~
    @Previewable @State
/Users/sander/dev/Immich-Gallery/Immich Gallery/Views/Settings/SlideShowSettings.swift:287:5: warning: '@State' used inline will not work unless tagged with '@Previewable' (from macro 'Preview')
    @State var enableKenBurns = false
    ^
/Users/sander/dev/Immich-Gallery/Immich Gallery/Views/Settings/SlideShowSettings.swift:287:5: note: Add '@Previewable'
    @State var enableKenBurns = false
    ^~~~~~
    @Previewable @State
/Users/sander/dev/Immich-Gallery/Immich Gallery/Views/Settings/SlideShowSettings.swift:288:5: warning: '@State' used inline will not work unless tagged with '@Previewable' (from macro 'Preview')
    @State var enableMemoriesSlideshow = false
    ^
/Users/sander/dev/Immich-Gallery/Immich Gallery/Views/Settings/SlideShowSettings.swift:288:5: note: Add '@Previewable'
    @State var enableMemoriesSlideshow = false
    ^~~~~~
    @Previewable @State
/Users/sander/dev/Immich-Gallery/Immich Gallery/Views/Settings/SlideShowSettings.swift:289:5: warning: '@State' used inline will not work unless tagged with '@Previewable' (from macro 'Preview')
    @State var enableShuffle = false
    ^
/Users/sander/dev/Immich-Gallery/Immich Gallery/Views/Settings/SlideShowSettings.swift:289:5: note: Add '@Previewable'
    @State var enableShuffle = false
    ^~~~~~
    @Previewable @State
/Users/sander/dev/Immich-Gallery/Immich Gallery/Views/Settings/SlideShowSettings.swift:290:5: warning: '@State' used inline will not work unless tagged with '@Previewable' (from macro 'Preview')
    @State var slideshowTransition = "fade"
    ^
/Users/sander/dev/Immich-Gallery/Immich Gallery/Views/Settings/SlideShowSettings.swift:290:5: note: Add '@Previewable'
    @State var slideshowTransition = "fade"
    ^~~~~~
    @Previewable @State
/Users/sander/dev/Immich-Gallery/Immich Gallery/Views/Settings/SlideShowSettings.swift:291:5: warning: '@State' used inline will not work unless tagged with '@Previewable' (from macro 'Preview')
    @State var autoSlideshowTimeout = 5
    ^
/Users/sander/dev/Immich-Gallery/Immich Gallery/Views/Settings/SlideShowSettings.swift:291:5: note: Add '@Previewable'
    @State var autoSlideshowTimeout = 5
    ^~~~~~
    @Previewable @State

SwiftCompile normal arm64 /Users/sander/dev/Immich-Gallery/Immich\ Gallery/Views/InfoRow.swift (in target 'Immich Gallery' from project 'Immich Gallery')
    cd /Users/sander/dev/Immich-Gallery
    

SwiftCompile normal arm64 Compiling\ SignInView.swift,\ SlideshowView.swift /Users/sander/dev/Immich-Gallery/Immich\ Gallery/Views/SignInView.swift /Users/sander/dev/Immich-Gallery/Immich\ Gallery/Views/SlideshowView.swift (in target 'Immich Gallery' from project 'Immich Gallery')
SwiftCompile normal arm64 /Users/sander/dev/Immich-Gallery/Immich\ Gallery/Views/SignInView.swift (in target 'Immich Gallery' from project 'Immich Gallery')
    cd /Users/sander/dev/Immich-Gallery
    
/Users/sander/dev/Immich-Gallery/Immich Gallery/Views/Settings/SlideShowSettings.swift:282:5: warning: '@State' used inline will not work unless tagged with '@Previewable' (from macro 'Preview')
    @State var slideshowInterval: Double = 8.0
    ^
/Users/sander/dev/Immich-Gallery/Immich Gallery/Views/Settings/SlideShowSettings.swift:282:5: note: Add '@Previewable'
    @State var slideshowInterval: Double = 8.0
    ^~~~~~
    @Previewable @State
/Users/sander/dev/Immich-Gallery/Immich Gallery/Views/Settings/SlideShowSettings.swift:283:5: warning: '@State' used inline will not work unless tagged with '@Previewable' (from macro 'Preview')
    @State var slideshowBackgroundColor = "white"
    ^
/Users/sander/dev/Immich-Gallery/Immich Gallery/Views/Settings/SlideShowSettings.swift:283:5: note: Add '@Previewable'
    @State var slideshowBackgroundColor = "white"
    ^~~~~~
    @Previewable @State
/Users/sander/dev/Immich-Gallery/Immich Gallery/Views/Settings/SlideShowSettings.swift:284:5: warning: '@State' used inline will not work unless tagged with '@Previewable' (from macro 'Preview')
    @State var use24HourClock = true
    ^
/Users/sander/dev/Immich-Gallery/Immich Gallery/Views/Settings/SlideShowSettings.swift:284:5: note: Add '@Previewable'
    @State var use24HourClock = true
    ^~~~~~
    @Previewable @State
/Users/sander/dev/Immich-Gallery/Immich Gallery/Views/Settings/SlideShowSettings.swift:285:5: warning: '@State' used inline will not work unless tagged with '@Previewable' (from macro 'Preview')
    @State var hideOverlay = true
    ^
/Users/sander/dev/Immich-Gallery/Immich Gallery/Views/Settings/SlideShowSettings.swift:285:5: note: Add '@Previewable'
    @State var hideOverlay = true
    ^~~~~~
    @Previewable @State
/Users/sander/dev/Immich-Gallery/Immich Gallery/Views/Settings/SlideShowSettings.swift:286:5: warning: '@State' used inline will not work unless tagged with '@Previewable' (from macro 'Preview')
    @State var enableReflections = true
    ^
/Users/sander/dev/Immich-Gallery/Immich Gallery/Views/Settings/SlideShowSettings.swift:286:5: note: Add '@Previewable'
    @State var enableReflections = true
    ^~~~~~
    @Previewable @State
/Users/sander/dev/Immich-Gallery/Immich Gallery/Views/Settings/SlideShowSettings.swift:287:5: warning: '@State' used inline will not work unless tagged with '@Previewable' (from macro 'Preview')
    @State var enableKenBurns = false
    ^
/Users/sander/dev/Immich-Gallery/Immich Gallery/Views/Settings/SlideShowSettings.swift:287:5: note: Add '@Previewable'
    @State var enableKenBurns = false
    ^~~~~~
    @Previewable @State
/Users/sander/dev/Immich-Gallery/Immich Gallery/Views/Settings/SlideShowSettings.swift:288:5: warning: '@State' used inline will not work unless tagged with '@Previewable' (from macro 'Preview')
    @State var enableMemoriesSlideshow = false
    ^
/Users/sander/dev/Immich-Gallery/Immich Gallery/Views/Settings/SlideShowSettings.swift:288:5: note: Add '@Previewable'
    @State var enableMemoriesSlideshow = false
    ^~~~~~
    @Previewable @State
/Users/sander/dev/Immich-Gallery/Immich Gallery/Views/Settings/SlideShowSettings.swift:289:5: warning: '@State' used inline will not work unless tagged with '@Previewable' (from macro 'Preview')
    @State var enableShuffle = false
    ^
/Users/sander/dev/Immich-Gallery/Immich Gallery/Views/Settings/SlideShowSettings.swift:289:5: note: Add '@Previewable'
    @State var enableShuffle = false
    ^~~~~~
    @Previewable @State
/Users/sander/dev/Immich-Gallery/Immich Gallery/Views/Settings/SlideShowSettings.swift:290:5: warning: '@State' used inline will not work unless tagged with '@Previewable' (from macro 'Preview')
    @State var slideshowTransition = "fade"
    ^
/Users/sander/dev/Immich-Gallery/Immich Gallery/Views/Settings/SlideShowSettings.swift:290:5: note: Add '@Previewable'
    @State var slideshowTransition = "fade"
    ^~~~~~
    @Previewable @State
/Users/sander/dev/Immich-Gallery/Immich Gallery/Views/Settings/SlideShowSettings.swift:291:5: warning: '@State' used inline will not work unless tagged with '@Previewable' (from macro 'Preview')
    @State var autoSlideshowTimeout = 5
    ^
/Users/sander/dev/Immich-Gallery/Immich Gallery/Views/Settings/SlideShowSettings.swift:291:5: note: Add '@Previewable'
    @State var autoSlideshowTimeout = 5
    ^~~~~~
    @Previewable @State
/Users/sander/dev/Immich-Gallery/Immich Gallery/Views/SignInView.swift:199:25: warning: immutable value 'token' was never used; consider removing it
                    let token: String
                        ^
@__swiftmacro_14Immich_Gallery0024SlideshowViewswift_ynAHffMX762_0_33_2C1E79635FFF774D24F079C96DAB34A1Ll7PreviewfMf_.swift:25:31: warning: immutable value 'assetService' was never used; consider replacing with '_' or removing it
                let (_, _, _, assetService, _, _, _, _) = MockServiceFactory.createMockServices()
                              ^
/Users/sander/dev/Immich-Gallery/Immich Gallery/Views/SlideshowView.swift:763:1: note: in expansion of macro 'Preview' here
#Preview {
^~~~~~~~~~
/Users/sander/dev/Immich-Gallery/Immich Gallery/Views/SlideshowView.swift:763:1: note: in expansion of macro 'Preview' here
#Preview {
^~~~~~~~~~
@__swiftmacro_14Immich_Gallery0024SlideshowViewswift_ynAHffMX762_0_33_2C1E79635FFF774D24F079C96DAB34A1Ll7PreviewfMf_.swift:28:21: warning: initialization of immutable value 'mockAssets' was never used; consider replacing with assignment to '_' or removing it
                let mockAssets = [
                    ^
/Users/sander/dev/Immich-Gallery/Immich Gallery/Views/SlideshowView.swift:763:1: note: in expansion of macro 'Preview' here
#Preview {
^~~~~~~~~~
/Users/sander/dev/Immich-Gallery/Immich Gallery/Views/SlideshowView.swift:763:1: note: in expansion of macro 'Preview' here
#Preview {
^~~~~~~~~~

SwiftCompile normal arm64 /Users/sander/dev/Immich-Gallery/Immich\ Gallery/Views/SlideshowView.swift (in target 'Immich Gallery' from project 'Immich Gallery')
    cd /Users/sander/dev/Immich-Gallery
    
@__swiftmacro_14Immich_Gallery0024SlideshowViewswift_ynAHffMX762_0_33_2C1E79635FFF774D24F079C96DAB34A1Ll7PreviewfMf_.swift:25:31: warning: immutable value 'assetService' was never used; consider replacing with '_' or removing it
                let (_, _, _, assetService, _, _, _, _) = MockServiceFactory.createMockServices()
                              ^
/Users/sander/dev/Immich-Gallery/Immich Gallery/Views/SlideshowView.swift:763:1: note: in expansion of macro 'Preview' here
#Preview {
^~~~~~~~~~
/Users/sander/dev/Immich-Gallery/Immich Gallery/Views/SlideshowView.swift:763:1: note: in expansion of macro 'Preview' here
#Preview {
^~~~~~~~~~
@__swiftmacro_14Immich_Gallery0024SlideshowViewswift_ynAHffMX762_0_33_2C1E79635FFF774D24F079C96DAB34A1Ll7PreviewfMf_.swift:28:21: warning: initialization of immutable value 'mockAssets' was never used; consider replacing with assignment to '_' or removing it
                let mockAssets = [
                    ^
/Users/sander/dev/Immich-Gallery/Immich Gallery/Views/SlideshowView.swift:763:1: note: in expansion of macro 'Preview' here
#Preview {
^~~~~~~~~~
/Users/sander/dev/Immich-Gallery/Immich Gallery/Views/SlideshowView.swift:763:1: note: in expansion of macro 'Preview' here
#Preview {
^~~~~~~~~~

SwiftCompile normal arm64 Compiling\ UniversalErrorHandler.swift /Users/sander/dev/Immich-Gallery/Immich\ Gallery/Views/UniversalErrorHandler.swift (in target 'Immich Gallery' from project 'Immich Gallery')
SwiftCompile normal arm64 /Users/sander/dev/Immich-Gallery/Immich\ Gallery/Views/UniversalErrorHandler.swift (in target 'Immich Gallery' from project 'Immich Gallery')
    cd /Users/sander/dev/Immich-Gallery
    
/Users/sander/dev/Immich-Gallery/Immich Gallery/Views/Settings/SlideShowSettings.swift:282:5: warning: '@State' used inline will not work unless tagged with '@Previewable' (from macro 'Preview')
    @State var slideshowInterval: Double = 8.0
    ^
/Users/sander/dev/Immich-Gallery/Immich Gallery/Views/Settings/SlideShowSettings.swift:282:5: note: Add '@Previewable'
    @State var slideshowInterval: Double = 8.0
    ^~~~~~
    @Previewable @State
/Users/sander/dev/Immich-Gallery/Immich Gallery/Views/Settings/SlideShowSettings.swift:283:5: warning: '@State' used inline will not work unless tagged with '@Previewable' (from macro 'Preview')
    @State var slideshowBackgroundColor = "white"
    ^
/Users/sander/dev/Immich-Gallery/Immich Gallery/Views/Settings/SlideShowSettings.swift:283:5: note: Add '@Previewable'
    @State var slideshowBackgroundColor = "white"
    ^~~~~~
    @Previewable @State
/Users/sander/dev/Immich-Gallery/Immich Gallery/Views/Settings/SlideShowSettings.swift:284:5: warning: '@State' used inline will not work unless tagged with '@Previewable' (from macro 'Preview')
    @State var use24HourClock = true
    ^
/Users/sander/dev/Immich-Gallery/Immich Gallery/Views/Settings/SlideShowSettings.swift:284:5: note: Add '@Previewable'
    @State var use24HourClock = true
    ^~~~~~
    @Previewable @State
/Users/sander/dev/Immich-Gallery/Immich Gallery/Views/Settings/SlideShowSettings.swift:285:5: warning: '@State' used inline will not work unless tagged with '@Previewable' (from macro 'Preview')
    @State var hideOverlay = true
    ^
/Users/sander/dev/Immich-Gallery/Immich Gallery/Views/Settings/SlideShowSettings.swift:285:5: note: Add '@Previewable'
    @State var hideOverlay = true
    ^~~~~~
    @Previewable @State
/Users/sander/dev/Immich-Gallery/Immich Gallery/Views/Settings/SlideShowSettings.swift:286:5: warning: '@State' used inline will not work unless tagged with '@Previewable' (from macro 'Preview')
    @State var enableReflections = true
    ^
/Users/sander/dev/Immich-Gallery/Immich Gallery/Views/Settings/SlideShowSettings.swift:286:5: note: Add '@Previewable'
    @State var enableReflections = true
    ^~~~~~
    @Previewable @State
/Users/sander/dev/Immich-Gallery/Immich Gallery/Views/Settings/SlideShowSettings.swift:287:5: warning: '@State' used inline will not work unless tagged with '@Previewable' (from macro 'Preview')
    @State var enableKenBurns = false
    ^
/Users/sander/dev/Immich-Gallery/Immich Gallery/Views/Settings/SlideShowSettings.swift:287:5: note: Add '@Previewable'
    @State var enableKenBurns = false
    ^~~~~~
    @Previewable @State
/Users/sander/dev/Immich-Gallery/Immich Gallery/Views/Settings/SlideShowSettings.swift:288:5: warning: '@State' used inline will not work unless tagged with '@Previewable' (from macro 'Preview')
    @State var enableMemoriesSlideshow = false
    ^
/Users/sander/dev/Immich-Gallery/Immich Gallery/Views/Settings/SlideShowSettings.swift:288:5: note: Add '@Previewable'
    @State var enableMemoriesSlideshow = false
    ^~~~~~
    @Previewable @State
/Users/sander/dev/Immich-Gallery/Immich Gallery/Views/Settings/SlideShowSettings.swift:289:5: warning: '@State' used inline will not work unless tagged with '@Previewable' (from macro 'Preview')
    @State var enableShuffle = false
    ^
/Users/sander/dev/Immich-Gallery/Immich Gallery/Views/Settings/SlideShowSettings.swift:289:5: note: Add '@Previewable'
    @State var enableShuffle = false
    ^~~~~~
    @Previewable @State
/Users/sander/dev/Immich-Gallery/Immich Gallery/Views/Settings/SlideShowSettings.swift:290:5: warning: '@State' used inline will not work unless tagged with '@Previewable' (from macro 'Preview')
    @State var slideshowTransition = "fade"
    ^
/Users/sander/dev/Immich-Gallery/Immich Gallery/Views/Settings/SlideShowSettings.swift:290:5: note: Add '@Previewable'
    @State var slideshowTransition = "fade"
    ^~~~~~
    @Previewable @State
/Users/sander/dev/Immich-Gallery/Immich Gallery/Views/Settings/SlideShowSettings.swift:291:5: warning: '@State' used inline will not work unless tagged with '@Previewable' (from macro 'Preview')
    @State var autoSlideshowTimeout = 5
    ^
/Users/sander/dev/Immich-Gallery/Immich Gallery/Views/Settings/SlideShowSettings.swift:291:5: note: Add '@Previewable'
    @State var autoSlideshowTimeout = 5
    ^~~~~~
    @Previewable @State

SwiftCompile normal arm64 Compiling\ TechnicalInfoItem.swift /Users/sander/dev/Immich-Gallery/Immich\ Gallery/Views/TechnicalInfoItem.swift (in target 'Immich Gallery' from project 'Immich Gallery')

SwiftCompile normal arm64 /Users/sander/dev/Immich-Gallery/Immich\ Gallery/Views/TechnicalInfoItem.swift (in target 'Immich Gallery' from project 'Immich Gallery')
    cd /Users/sander/dev/Immich-Gallery
    
/Users/sander/dev/Immich-Gallery/Immich Gallery/Views/Settings/SlideShowSettings.swift:282:5: warning: '@State' used inline will not work unless tagged with '@Previewable' (from macro 'Preview')
    @State var slideshowInterval: Double = 8.0
    ^
/Users/sander/dev/Immich-Gallery/Immich Gallery/Views/Settings/SlideShowSettings.swift:282:5: note: Add '@Previewable'
    @State var slideshowInterval: Double = 8.0
    ^~~~~~
    @Previewable @State
/Users/sander/dev/Immich-Gallery/Immich Gallery/Views/Settings/SlideShowSettings.swift:283:5: warning: '@State' used inline will not work unless tagged with '@Previewable' (from macro 'Preview')
    @State var slideshowBackgroundColor = "white"
    ^
/Users/sander/dev/Immich-Gallery/Immich Gallery/Views/Settings/SlideShowSettings.swift:283:5: note: Add '@Previewable'
    @State var slideshowBackgroundColor = "white"
    ^~~~~~
    @Previewable @State
/Users/sander/dev/Immich-Gallery/Immich Gallery/Views/Settings/SlideShowSettings.swift:284:5: warning: '@State' used inline will not work unless tagged with '@Previewable' (from macro 'Preview')
    @State var use24HourClock = true
    ^
/Users/sander/dev/Immich-Gallery/Immich Gallery/Views/Settings/SlideShowSettings.swift:284:5: note: Add '@Previewable'
    @State var use24HourClock = true
    ^~~~~~
    @Previewable @State
/Users/sander/dev/Immich-Gallery/Immich Gallery/Views/Settings/SlideShowSettings.swift:285:5: warning: '@State' used inline will not work unless tagged with '@Previewable' (from macro 'Preview')
    @State var hideOverlay = true
    ^
/Users/sander/dev/Immich-Gallery/Immich Gallery/Views/Settings/SlideShowSettings.swift:285:5: note: Add '@Previewable'
    @State var hideOverlay = true
    ^~~~~~
    @Previewable @State
/Users/sander/dev/Immich-Gallery/Immich Gallery/Views/Settings/SlideShowSettings.swift:286:5: warning: '@State' used inline will not work unless tagged with '@Previewable' (from macro 'Preview')
    @State var enableReflections = true
    ^
/Users/sander/dev/Immich-Gallery/Immich Gallery/Views/Settings/SlideShowSettings.swift:286:5: note: Add '@Previewable'
    @State var enableReflections = true
    ^~~~~~
    @Previewable @State
/Users/sander/dev/Immich-Gallery/Immich Gallery/Views/Settings/SlideShowSettings.swift:287:5: warning: '@State' used inline will not work unless tagged with '@Previewable' (from macro 'Preview')
    @State var enableKenBurns = false
    ^
/Users/sander/dev/Immich-Gallery/Immich Gallery/Views/Settings/SlideShowSettings.swift:287:5: note: Add '@Previewable'
    @State var enableKenBurns = false
    ^~~~~~
    @Previewable @State
/Users/sander/dev/Immich-Gallery/Immich Gallery/Views/Settings/SlideShowSettings.swift:288:5: warning: '@State' used inline will not work unless tagged with '@Previewable' (from macro 'Preview')
    @State var enableMemoriesSlideshow = false
    ^
/Users/sander/dev/Immich-Gallery/Immich Gallery/Views/Settings/SlideShowSettings.swift:288:5: note: Add '@Previewable'
    @State var enableMemoriesSlideshow = false
    ^~~~~~
    @Previewable @State
/Users/sander/dev/Immich-Gallery/Immich Gallery/Views/Settings/SlideShowSettings.swift:289:5: warning: '@State' used inline will not work unless tagged with '@Previewable' (from macro 'Preview')
    @State var enableShuffle = false
    ^
/Users/sander/dev/Immich-Gallery/Immich Gallery/Views/Settings/SlideShowSettings.swift:289:5: note: Add '@Previewable'
    @State var enableShuffle = false
    ^~~~~~
    @Previewable @State
/Users/sander/dev/Immich-Gallery/Immich Gallery/Views/Settings/SlideShowSettings.swift:290:5: warning: '@State' used inline will not work unless tagged with '@Previewable' (from macro 'Preview')
    @State var slideshowTransition = "fade"
    ^
/Users/sander/dev/Immich-Gallery/Immich Gallery/Views/Settings/SlideShowSettings.swift:290:5: note: Add '@Previewable'
    @State var slideshowTransition = "fade"
    ^~~~~~
    @Previewable @State
/Users/sander/dev/Immich-Gallery/Immich Gallery/Views/Settings/SlideShowSettings.swift:291:5: warning: '@State' used inline will not work unless tagged with '@Previewable' (from macro 'Preview')
    @State var autoSlideshowTimeout = 5
    ^
/Users/sander/dev/Immich-Gallery/Immich Gallery/Views/Settings/SlideShowSettings.swift:291:5: note: Add '@Previewable'
    @State var autoSlideshowTimeout = 5
    ^~~~~~
    @Previewable @State

SwiftEmitModule normal arm64 Emitting\ module\ for\ Immich_Gallery (in target 'Immich Gallery' from project 'Immich Gallery')

EmitSwiftModule normal arm64 (in target 'Immich Gallery' from project 'Immich Gallery')
    cd /Users/sander/dev/Immich-Gallery
    
/Users/sander/dev/Immich-Gallery/Immich Gallery/Components/ThumbnailProviders.swift:21:35: warning: use of protocol 'GridDisplayable' as a type must be written 'any GridDisplayable'; this will be an error in a future Swift language mode
    func loadThumbnails(for item: GridDisplayable) async -> [UIImage] {
                                  ^~~~~~~~~~~~~~~
                                  any GridDisplayable
/Users/sander/dev/Immich-Gallery/Immich Gallery/Components/ThumbnailProviders.swift:89:35: warning: use of protocol 'GridDisplayable' as a type must be written 'any GridDisplayable'; this will be an error in a future Swift language mode
    func loadThumbnails(for item: GridDisplayable) async -> [UIImage] {
                                  ^~~~~~~~~~~~~~~
                                  any GridDisplayable
/Users/sander/dev/Immich-Gallery/Immich Gallery/Components/ThumbnailProviders.swift:128:35: warning: use of protocol 'GridDisplayable' as a type must be written 'any GridDisplayable'; this will be an error in a future Swift language mode
    func loadThumbnails(for item: GridDisplayable) async -> [UIImage] {
                                  ^~~~~~~~~~~~~~~
                                  any GridDisplayable
/Users/sander/dev/Immich-Gallery/Immich Gallery/Components/ThumbnailProviders.swift:167:35: warning: use of protocol 'GridDisplayable' as a type must be written 'any GridDisplayable'; this will be an error in a future Swift language mode
    func loadThumbnails(for item: GridDisplayable) async -> [UIImage] {
                                  ^~~~~~~~~~~~~~~
                                  any GridDisplayable
/Users/sander/dev/Immich-Gallery/Immich Gallery/Views/Settings/SlideShowSettings.swift:282:5: warning: '@State' used inline will not work unless tagged with '@Previewable' (from macro 'Preview')
    @State var slideshowInterval: Double = 8.0
    ^
/Users/sander/dev/Immich-Gallery/Immich Gallery/Views/Settings/SlideShowSettings.swift:282:5: note: Add '@Previewable'
    @State var slideshowInterval: Double = 8.0
    ^~~~~~
    @Previewable @State
/Users/sander/dev/Immich-Gallery/Immich Gallery/Views/Settings/SlideShowSettings.swift:283:5: warning: '@State' used inline will not work unless tagged with '@Previewable' (from macro 'Preview')
    @State var slideshowBackgroundColor = "white"
    ^
/Users/sander/dev/Immich-Gallery/Immich Gallery/Views/Settings/SlideShowSettings.swift:283:5: note: Add '@Previewable'
    @State var slideshowBackgroundColor = "white"
    ^~~~~~
    @Previewable @State
/Users/sander/dev/Immich-Gallery/Immich Gallery/Views/Settings/SlideShowSettings.swift:284:5: warning: '@State' used inline will not work unless tagged with '@Previewable' (from macro 'Preview')
    @State var use24HourClock = true
    ^
/Users/sander/dev/Immich-Gallery/Immich Gallery/Views/Settings/SlideShowSettings.swift:284:5: note: Add '@Previewable'
    @State var use24HourClock = true
    ^~~~~~
    @Previewable @State
/Users/sander/dev/Immich-Gallery/Immich Gallery/Views/Settings/SlideShowSettings.swift:285:5: warning: '@State' used inline will not work unless tagged with '@Previewable' (from macro 'Preview')
    @State var hideOverlay = true
    ^
/Users/sander/dev/Immich-Gallery/Immich Gallery/Views/Settings/SlideShowSettings.swift:285:5: note: Add '@Previewable'
    @State var hideOverlay = true
    ^~~~~~
    @Previewable @State
/Users/sander/dev/Immich-Gallery/Immich Gallery/Views/Settings/SlideShowSettings.swift:286:5: warning: '@State' used inline will not work unless tagged with '@Previewable' (from macro 'Preview')
    @State var enableReflections = true
    ^
/Users/sander/dev/Immich-Gallery/Immich Gallery/Views/Settings/SlideShowSettings.swift:286:5: note: Add '@Previewable'
    @State var enableReflections = true
    ^~~~~~
    @Previewable @State
/Users/sander/dev/Immich-Gallery/Immich Gallery/Views/Settings/SlideShowSettings.swift:287:5: warning: '@State' used inline will not work unless tagged with '@Previewable' (from macro 'Preview')
    @State var enableKenBurns = false
    ^
/Users/sander/dev/Immich-Gallery/Immich Gallery/Views/Settings/SlideShowSettings.swift:287:5: note: Add '@Previewable'
    @State var enableKenBurns = false
    ^~~~~~
    @Previewable @State
/Users/sander/dev/Immich-Gallery/Immich Gallery/Views/Settings/SlideShowSettings.swift:288:5: warning: '@State' used inline will not work unless tagged with '@Previewable' (from macro 'Preview')
    @State var enableMemoriesSlideshow = false
    ^
/Users/sander/dev/Immich-Gallery/Immich Gallery/Views/Settings/SlideShowSettings.swift:288:5: note: Add '@Previewable'
    @State var enableMemoriesSlideshow = false
    ^~~~~~
    @Previewable @State
/Users/sander/dev/Immich-Gallery/Immich Gallery/Views/Settings/SlideShowSettings.swift:289:5: warning: '@State' used inline will not work unless tagged with '@Previewable' (from macro 'Preview')
    @State var enableShuffle = false
    ^
/Users/sander/dev/Immich-Gallery/Immich Gallery/Views/Settings/SlideShowSettings.swift:289:5: note: Add '@Previewable'
    @State var enableShuffle = false
    ^~~~~~
    @Previewable @State
/Users/sander/dev/Immich-Gallery/Immich Gallery/Views/Settings/SlideShowSettings.swift:290:5: warning: '@State' used inline will not work unless tagged with '@Previewable' (from macro 'Preview')
    @State var slideshowTransition = "fade"
    ^
/Users/sander/dev/Immich-Gallery/Immich Gallery/Views/Settings/SlideShowSettings.swift:290:5: note: Add '@Previewable'
    @State var slideshowTransition = "fade"
    ^~~~~~
    @Previewable @State
/Users/sander/dev/Immich-Gallery/Immich Gallery/Views/Settings/SlideShowSettings.swift:291:5: warning: '@State' used inline will not work unless tagged with '@Previewable' (from macro 'Preview')
    @State var autoSlideshowTimeout = 5
    ^
/Users/sander/dev/Immich-Gallery/Immich Gallery/Views/Settings/SlideShowSettings.swift:291:5: note: Add '@Previewable'
    @State var autoSlideshowTimeout = 5
    ^~~~~~
    @Previewable @State
/Users/sander/dev/Immich-Gallery/Immich Gallery/Views/ExploreView.swift:796:35: warning: use of protocol 'GridDisplayable' as a type must be written 'any GridDisplayable'; this will be an error in a future Swift language mode
    func loadThumbnails(for item: GridDisplayable) async -> [UIImage] {
                                  ^~~~~~~~~~~~~~~
                                  any GridDisplayable

SwiftCompile normal arm64 Compiling\ ContentView.swift /Users/sander/dev/Immich-Gallery/Immich\ Gallery/ContentView.swift (in target 'Immich Gallery' from project 'Immich Gallery')

SwiftCompile normal arm64 /Users/sander/dev/Immich-Gallery/Immich\ Gallery/ContentView.swift (in target 'Immich Gallery' from project 'Immich Gallery')
    cd /Users/sander/dev/Immich-Gallery
    
/Users/sander/dev/Immich-Gallery/Immich Gallery/Views/Settings/SlideShowSettings.swift:282:5: warning: '@State' used inline will not work unless tagged with '@Previewable' (from macro 'Preview')
    @State var slideshowInterval: Double = 8.0
    ^
/Users/sander/dev/Immich-Gallery/Immich Gallery/Views/Settings/SlideShowSettings.swift:282:5: note: Add '@Previewable'
    @State var slideshowInterval: Double = 8.0
    ^~~~~~
    @Previewable @State
/Users/sander/dev/Immich-Gallery/Immich Gallery/Views/Settings/SlideShowSettings.swift:283:5: warning: '@State' used inline will not work unless tagged with '@Previewable' (from macro 'Preview')
    @State var slideshowBackgroundColor = "white"
    ^
/Users/sander/dev/Immich-Gallery/Immich Gallery/Views/Settings/SlideShowSettings.swift:283:5: note: Add '@Previewable'
    @State var slideshowBackgroundColor = "white"
    ^~~~~~
    @Previewable @State
/Users/sander/dev/Immich-Gallery/Immich Gallery/Views/Settings/SlideShowSettings.swift:284:5: warning: '@State' used inline will not work unless tagged with '@Previewable' (from macro 'Preview')
    @State var use24HourClock = true
    ^
/Users/sander/dev/Immich-Gallery/Immich Gallery/Views/Settings/SlideShowSettings.swift:284:5: note: Add '@Previewable'
    @State var use24HourClock = true
    ^~~~~~
    @Previewable @State
/Users/sander/dev/Immich-Gallery/Immich Gallery/Views/Settings/SlideShowSettings.swift:285:5: warning: '@State' used inline will not work unless tagged with '@Previewable' (from macro 'Preview')
    @State var hideOverlay = true
    ^
/Users/sander/dev/Immich-Gallery/Immich Gallery/Views/Settings/SlideShowSettings.swift:285:5: note: Add '@Previewable'
    @State var hideOverlay = true
    ^~~~~~
    @Previewable @State
/Users/sander/dev/Immich-Gallery/Immich Gallery/Views/Settings/SlideShowSettings.swift:286:5: warning: '@State' used inline will not work unless tagged with '@Previewable' (from macro 'Preview')
    @State var enableReflections = true
    ^
/Users/sander/dev/Immich-Gallery/Immich Gallery/Views/Settings/SlideShowSettings.swift:286:5: note: Add '@Previewable'
    @State var enableReflections = true
    ^~~~~~
    @Previewable @State
/Users/sander/dev/Immich-Gallery/Immich Gallery/Views/Settings/SlideShowSettings.swift:287:5: warning: '@State' used inline will not work unless tagged with '@Previewable' (from macro 'Preview')
    @State var enableKenBurns = false
    ^
/Users/sander/dev/Immich-Gallery/Immich Gallery/Views/Settings/SlideShowSettings.swift:287:5: note: Add '@Previewable'
    @State var enableKenBurns = false
    ^~~~~~
    @Previewable @State
/Users/sander/dev/Immich-Gallery/Immich Gallery/Views/Settings/SlideShowSettings.swift:288:5: warning: '@State' used inline will not work unless tagged with '@Previewable' (from macro 'Preview')
    @State var enableMemoriesSlideshow = false
    ^
/Users/sander/dev/Immich-Gallery/Immich Gallery/Views/Settings/SlideShowSettings.swift:288:5: note: Add '@Previewable'
    @State var enableMemoriesSlideshow = false
    ^~~~~~
    @Previewable @State
/Users/sander/dev/Immich-Gallery/Immich Gallery/Views/Settings/SlideShowSettings.swift:289:5: warning: '@State' used inline will not work unless tagged with '@Previewable' (from macro 'Preview')
    @State var enableShuffle = false
    ^
/Users/sander/dev/Immich-Gallery/Immich Gallery/Views/Settings/SlideShowSettings.swift:289:5: note: Add '@Previewable'
    @State var enableShuffle = false
    ^~~~~~
    @Previewable @State
/Users/sander/dev/Immich-Gallery/Immich Gallery/Views/Settings/SlideShowSettings.swift:290:5: warning: '@State' used inline will not work unless tagged with '@Previewable' (from macro 'Preview')
    @State var slideshowTransition = "fade"
    ^
/Users/sander/dev/Immich-Gallery/Immich Gallery/Views/Settings/SlideShowSettings.swift:290:5: note: Add '@Previewable'
    @State var slideshowTransition = "fade"
    ^~~~~~
    @Previewable @State
/Users/sander/dev/Immich-Gallery/Immich Gallery/Views/Settings/SlideShowSettings.swift:291:5: warning: '@State' used inline will not work unless tagged with '@Previewable' (from macro 'Preview')
    @State var autoSlideshowTimeout = 5
    ^
/Users/sander/dev/Immich-Gallery/Immich Gallery/Views/Settings/SlideShowSettings.swift:291:5: note: Add '@Previewable'
    @State var autoSlideshowTimeout = 5
    ^~~~~~
    @Previewable @State

SwiftCompile normal arm64 Compiling\ AlbumListView.swift,\ AssetGridView.swift /Users/sander/dev/Immich-Gallery/Immich\ Gallery/Views/AlbumListView.swift /Users/sander/dev/Immich-Gallery/Immich\ Gallery/Views/AssetGridView.swift (in target 'Immich Gallery' from project 'Immich Gallery')

SwiftCompile normal arm64 /Users/sander/dev/Immich-Gallery/Immich\ Gallery/Views/AlbumListView.swift (in target 'Immich Gallery' from project 'Immich Gallery')
    cd /Users/sander/dev/Immich-Gallery
    
/Users/sander/dev/Immich-Gallery/Immich Gallery/Views/Settings/SlideShowSettings.swift:282:5: warning: '@State' used inline will not work unless tagged with '@Previewable' (from macro 'Preview')
    @State var slideshowInterval: Double = 8.0
    ^
/Users/sander/dev/Immich-Gallery/Immich Gallery/Views/Settings/SlideShowSettings.swift:282:5: note: Add '@Previewable'
    @State var slideshowInterval: Double = 8.0
    ^~~~~~
    @Previewable @State
/Users/sander/dev/Immich-Gallery/Immich Gallery/Views/Settings/SlideShowSettings.swift:283:5: warning: '@State' used inline will not work unless tagged with '@Previewable' (from macro 'Preview')
    @State var slideshowBackgroundColor = "white"
    ^
/Users/sander/dev/Immich-Gallery/Immich Gallery/Views/Settings/SlideShowSettings.swift:283:5: note: Add '@Previewable'
    @State var slideshowBackgroundColor = "white"
    ^~~~~~
    @Previewable @State
/Users/sander/dev/Immich-Gallery/Immich Gallery/Views/Settings/SlideShowSettings.swift:284:5: warning: '@State' used inline will not work unless tagged with '@Previewable' (from macro 'Preview')
    @State var use24HourClock = true
    ^
/Users/sander/dev/Immich-Gallery/Immich Gallery/Views/Settings/SlideShowSettings.swift:284:5: note: Add '@Previewable'
    @State var use24HourClock = true
    ^~~~~~
    @Previewable @State
/Users/sander/dev/Immich-Gallery/Immich Gallery/Views/Settings/SlideShowSettings.swift:285:5: warning: '@State' used inline will not work unless tagged with '@Previewable' (from macro 'Preview')
    @State var hideOverlay = true
    ^
/Users/sander/dev/Immich-Gallery/Immich Gallery/Views/Settings/SlideShowSettings.swift:285:5: note: Add '@Previewable'
    @State var hideOverlay = true
    ^~~~~~
    @Previewable @State
/Users/sander/dev/Immich-Gallery/Immich Gallery/Views/Settings/SlideShowSettings.swift:286:5: warning: '@State' used inline will not work unless tagged with '@Previewable' (from macro 'Preview')
    @State var enableReflections = true
    ^
/Users/sander/dev/Immich-Gallery/Immich Gallery/Views/Settings/SlideShowSettings.swift:286:5: note: Add '@Previewable'
    @State var enableReflections = true
    ^~~~~~
    @Previewable @State
/Users/sander/dev/Immich-Gallery/Immich Gallery/Views/Settings/SlideShowSettings.swift:287:5: warning: '@State' used inline will not work unless tagged with '@Previewable' (from macro 'Preview')
    @State var enableKenBurns = false
    ^
/Users/sander/dev/Immich-Gallery/Immich Gallery/Views/Settings/SlideShowSettings.swift:287:5: note: Add '@Previewable'
    @State var enableKenBurns = false
    ^~~~~~
    @Previewable @State
/Users/sander/dev/Immich-Gallery/Immich Gallery/Views/Settings/SlideShowSettings.swift:288:5: warning: '@State' used inline will not work unless tagged with '@Previewable' (from macro 'Preview')
    @State var enableMemoriesSlideshow = false
    ^
/Users/sander/dev/Immich-Gallery/Immich Gallery/Views/Settings/SlideShowSettings.swift:288:5: note: Add '@Previewable'
    @State var enableMemoriesSlideshow = false
    ^~~~~~
    @Previewable @State
/Users/sander/dev/Immich-Gallery/Immich Gallery/Views/Settings/SlideShowSettings.swift:289:5: warning: '@State' used inline will not work unless tagged with '@Previewable' (from macro 'Preview')
    @State var enableShuffle = false
    ^
/Users/sander/dev/Immich-Gallery/Immich Gallery/Views/Settings/SlideShowSettings.swift:289:5: note: Add '@Previewable'
    @State var enableShuffle = false
    ^~~~~~
    @Previewable @State
/Users/sander/dev/Immich-Gallery/Immich Gallery/Views/Settings/SlideShowSettings.swift:290:5: warning: '@State' used inline will not work unless tagged with '@Previewable' (from macro 'Preview')
    @State var slideshowTransition = "fade"
    ^
/Users/sander/dev/Immich-Gallery/Immich Gallery/Views/Settings/SlideShowSettings.swift:290:5: note: Add '@Previewable'
    @State var slideshowTransition = "fade"
    ^~~~~~
    @Previewable @State
/Users/sander/dev/Immich-Gallery/Immich Gallery/Views/Settings/SlideShowSettings.swift:291:5: warning: '@State' used inline will not work unless tagged with '@Previewable' (from macro 'Preview')
    @State var autoSlideshowTimeout = 5
    ^
/Users/sander/dev/Immich-Gallery/Immich Gallery/Views/Settings/SlideShowSettings.swift:291:5: note: Add '@Previewable'
    @State var autoSlideshowTimeout = 5
    ^~~~~~
    @Previewable @State
@__swiftmacro_14Immich_Gallery0024AlbumListViewswift_ynAHffMX235_0_33_8E4C8C3C900D7E754AFE1CDF382D01DBLl7PreviewfMf_.swift:19:79: warning: immutable value 'peopleService' was never used; consider replacing with '_' or removing it
                let (_, userManager, authService, assetService, albumService, peopleService, _, _) =
                                                                              ^
/Users/sander/dev/Immich-Gallery/Immich Gallery/Views/AlbumListView.swift:236:1: note: in expansion of macro 'Preview' here
#Preview {
^~~~~~~~~~
/Users/sander/dev/Immich-Gallery/Immich Gallery/Views/AlbumListView.swift:236:1: note: in expansion of macro 'Preview' here
#Preview {
^~~~~~~~~~

SwiftCompile normal arm64 /Users/sander/dev/Immich-Gallery/Immich\ Gallery/Views/AssetGridView.swift (in target 'Immich Gallery' from project 'Immich Gallery')
    cd /Users/sander/dev/Immich-Gallery
    
@__swiftmacro_14Immich_Gallery0024AlbumListViewswift_ynAHffMX235_0_33_8E4C8C3C900D7E754AFE1CDF382D01DBLl7PreviewfMf_.swift:19:79: warning: immutable value 'peopleService' was never used; consider replacing with '_' or removing it
                let (_, userManager, authService, assetService, albumService, peopleService, _, _) =
                                                                              ^
/Users/sander/dev/Immich-Gallery/Immich Gallery/Views/AlbumListView.swift:236:1: note: in expansion of macro 'Preview' here
#Preview {
^~~~~~~~~~
/Users/sander/dev/Immich-Gallery/Immich Gallery/Views/AlbumListView.swift:236:1: note: in expansion of macro 'Preview' here
#Preview {
^~~~~~~~~~
/Users/sander/dev/Immich-Gallery/Immich Gallery/Views/AssetGridView.swift:143:26: warning: 'onChange(of:perform:)' was deprecated in tvOS 17.0: Use `onChange` with a two or zero parameter action closure instead.
                        .onChange(of: focusedAssetId) { newFocusedId in
                         ^
/Users/sander/dev/Immich-Gallery/Immich Gallery/Views/AssetGridView.swift:170:26: warning: 'onChange(of:perform:)' was deprecated in tvOS 17.0: Use `onChange` with a two or zero parameter action closure instead.
                        .onChange(of: shouldScrollToAsset) { assetId in
                         ^
/Users/sander/dev/Immich-Gallery/Immich Gallery/Views/AssetGridView.swift:185:26: warning: 'onChange(of:perform:)' was deprecated in tvOS 17.0: Use `onChange` with a two or zero parameter action closure instead.
                        .onChange(of: deepLinkAssetId) { assetId in
                         ^

SwiftExplicitDependencyGeneratePcm x86_64 /Users/sander/Library/Developer/Xcode/DerivedData/ModuleCache.noindex/QuartzCore-BO8TTMV740PZW8O7SXBDB8H17.pcm

SwiftDriverJobDiscovery normal arm64 Compiling TechnicalInfoItem.swift (in target 'Immich Gallery' from project 'Immich Gallery')

SwiftExplicitDependencyGeneratePcm x86_64 /Users/sander/Library/Developer/Xcode/DerivedData/ModuleCache.noindex/CoreMedia-1H32HO77SKVX64Y5H8GQ53UNW.pcm

SwiftExplicitDependencyGeneratePcm x86_64 /Users/sander/Library/Developer/Xcode/DerivedData/ModuleCache.noindex/SwiftUICore-CZEG7DGX3IR4AS1HG1QA1I2CI.pcm

SwiftExplicitDependencyGeneratePcm x86_64 /Users/sander/Library/Developer/Xcode/DerivedData/ModuleCache.noindex/AVFAudio-C05I74C5CRMJYMAK7OR9Y6FQF.pcm

SwiftDriverJobDiscovery normal arm64 Compiling PauseShelfView.swift, SlideImageView.swift (in target 'Immich Gallery' from project 'Immich Gallery')

SwiftExplicitDependencyGeneratePcm x86_64 /Users/sander/Library/Developer/Xcode/DerivedData/ModuleCache.noindex/MediaToolbox-1F6COLZZ4C6NJ53RYTNG6HOXR.pcm

SwiftExplicitDependencyGeneratePcm x86_64 /Users/sander/Library/Developer/Xcode/DerivedData/ModuleCache.noindex/CoreImage-2YG1DSROQV70XN4AEW7N50ZK9.pcm

SwiftCompile normal arm64 Compiling\ OmniSlideshowView.swift /Users/sander/dev/Immich-Gallery/Immich\ Gallery/Views/OmniSlide/Views/OmniSlideshowView.swift (in target 'Immich Gallery' from project 'Immich Gallery')

SwiftCompile normal arm64 /Users/sander/dev/Immich-Gallery/Immich\ Gallery/Views/OmniSlide/Views/OmniSlideshowView.swift (in target 'Immich Gallery' from project 'Immich Gallery')
    cd /Users/sander/dev/Immich-Gallery
    

SwiftDriverJobDiscovery normal arm64 Compiling SlideVideoView.swift, AutoSlideshowTimeoutPicker.swift (in target 'Immich Gallery' from project 'Immich Gallery')

SwiftCompile normal arm64 Compiling\ MemoriesPauseShelfView.swift /Users/sander/dev/Immich-Gallery/Immich\ Gallery/Views/MemoriesPauseShelfView.swift (in target 'Immich Gallery' from project 'Immich Gallery')

SwiftCompile normal arm64 /Users/sander/dev/Immich-Gallery/Immich\ Gallery/Views/MemoriesPauseShelfView.swift (in target 'Immich Gallery' from project 'Immich Gallery')
    cd /Users/sander/dev/Immich-Gallery
    

SwiftExplicitDependencyGeneratePcm x86_64 /Users/sander/Library/Developer/Xcode/DerivedData/ModuleCache.noindex/AVFoundation-DWYDVJQBLDEFHJ1T7Y8N2E7K3.pcm

SwiftExplicitDependencyGeneratePcm x86_64 /Users/sander/Library/Developer/Xcode/DerivedData/ModuleCache.noindex/UIKit-AX2XI9NZWK6QALFYAB3OLO2FI.pcm

SwiftDriverJobDiscovery normal arm64 Compiling ContentView.swift (in target 'Immich Gallery' from project 'Immich Gallery')

SwiftCompile normal arm64 Compiling\ LockScreenStyleOverlay.swift,\ SharedGradientBackground.swift /Users/sander/dev/Immich-Gallery/Immich\ Gallery/Views/LockScreenStyleOverlay.swift /Users/sander/dev/Immich-Gallery/Immich\ Gallery/Views/SharedGradientBackground.swift (in target 'Immich Gallery' from project 'Immich Gallery')

SwiftCompile normal arm64 /Users/sander/dev/Immich-Gallery/Immich\ Gallery/Views/LockScreenStyleOverlay.swift (in target 'Immich Gallery' from project 'Immich Gallery')
    cd /Users/sander/dev/Immich-Gallery
    
/Users/sander/dev/Immich-Gallery/Immich Gallery/Views/Settings/SlideShowSettings.swift:282:5: warning: '@State' used inline will not work unless tagged with '@Previewable' (from macro 'Preview')
    @State var slideshowInterval: Double = 8.0
    ^
/Users/sander/dev/Immich-Gallery/Immich Gallery/Views/Settings/SlideShowSettings.swift:282:5: note: Add '@Previewable'
    @State var slideshowInterval: Double = 8.0
    ^~~~~~
    @Previewable @State
/Users/sander/dev/Immich-Gallery/Immich Gallery/Views/Settings/SlideShowSettings.swift:283:5: warning: '@State' used inline will not work unless tagged with '@Previewable' (from macro 'Preview')
    @State var slideshowBackgroundColor = "white"
    ^
/Users/sander/dev/Immich-Gallery/Immich Gallery/Views/Settings/SlideShowSettings.swift:283:5: note: Add '@Previewable'
    @State var slideshowBackgroundColor = "white"
    ^~~~~~
    @Previewable @State
/Users/sander/dev/Immich-Gallery/Immich Gallery/Views/Settings/SlideShowSettings.swift:284:5: warning: '@State' used inline will not work unless tagged with '@Previewable' (from macro 'Preview')
    @State var use24HourClock = true
    ^
/Users/sander/dev/Immich-Gallery/Immich Gallery/Views/Settings/SlideShowSettings.swift:284:5: note: Add '@Previewable'
    @State var use24HourClock = true
    ^~~~~~
    @Previewable @State
/Users/sander/dev/Immich-Gallery/Immich Gallery/Views/Settings/SlideShowSettings.swift:285:5: warning: '@State' used inline will not work unless tagged with '@Previewable' (from macro 'Preview')
    @State var hideOverlay = true
    ^
/Users/sander/dev/Immich-Gallery/Immich Gallery/Views/Settings/SlideShowSettings.swift:285:5: note: Add '@Previewable'
    @State var hideOverlay = true
    ^~~~~~
    @Previewable @State
/Users/sander/dev/Immich-Gallery/Immich Gallery/Views/Settings/SlideShowSettings.swift:286:5: warning: '@State' used inline will not work unless tagged with '@Previewable' (from macro 'Preview')
    @State var enableReflections = true
    ^
/Users/sander/dev/Immich-Gallery/Immich Gallery/Views/Settings/SlideShowSettings.swift:286:5: note: Add '@Previewable'
    @State var enableReflections = true
    ^~~~~~
    @Previewable @State
/Users/sander/dev/Immich-Gallery/Immich Gallery/Views/Settings/SlideShowSettings.swift:287:5: warning: '@State' used inline will not work unless tagged with '@Previewable' (from macro 'Preview')
    @State var enableKenBurns = false
    ^
/Users/sander/dev/Immich-Gallery/Immich Gallery/Views/Settings/SlideShowSettings.swift:287:5: note: Add '@Previewable'
    @State var enableKenBurns = false
    ^~~~~~
    @Previewable @State
/Users/sander/dev/Immich-Gallery/Immich Gallery/Views/Settings/SlideShowSettings.swift:288:5: warning: '@State' used inline will not work unless tagged with '@Previewable' (from macro 'Preview')
    @State var enableMemoriesSlideshow = false
    ^
/Users/sander/dev/Immich-Gallery/Immich Gallery/Views/Settings/SlideShowSettings.swift:288:5: note: Add '@Previewable'
    @State var enableMemoriesSlideshow = false
    ^~~~~~
    @Previewable @State
/Users/sander/dev/Immich-Gallery/Immich Gallery/Views/Settings/SlideShowSettings.swift:289:5: warning: '@State' used inline will not work unless tagged with '@Previewable' (from macro 'Preview')
    @State var enableShuffle = false
    ^
/Users/sander/dev/Immich-Gallery/Immich Gallery/Views/Settings/SlideShowSettings.swift:289:5: note: Add '@Previewable'
    @State var enableShuffle = false
    ^~~~~~
    @Previewable @State
/Users/sander/dev/Immich-Gallery/Immich Gallery/Views/Settings/SlideShowSettings.swift:290:5: warning: '@State' used inline will not work unless tagged with '@Previewable' (from macro 'Preview')
    @State var slideshowTransition = "fade"
    ^
/Users/sander/dev/Immich-Gallery/Immich Gallery/Views/Settings/SlideShowSettings.swift:290:5: note: Add '@Previewable'
    @State var slideshowTransition = "fade"
    ^~~~~~
    @Previewable @State
/Users/sander/dev/Immich-Gallery/Immich Gallery/Views/Settings/SlideShowSettings.swift:291:5: warning: '@State' used inline will not work unless tagged with '@Previewable' (from macro 'Preview')
    @State var autoSlideshowTimeout = 5
    ^
/Users/sander/dev/Immich-Gallery/Immich Gallery/Views/Settings/SlideShowSettings.swift:291:5: note: Add '@Previewable'
    @State var autoSlideshowTimeout = 5
    ^~~~~~
    @Previewable @State
@__swiftmacro_14Immich_Gallery0033LockScreenStyleOverlayswift_DbGHjfMX189_0_33_55F5540CBE00C8AD946C0B24DDA7D854Ll7PreviewfMf_.swift:19:31: warning: immutable value 'assetService' was never used; consider replacing with '_' or removing it
                let (_, _, _, assetService, _, _, _, _) = MockServiceFactory.createMockServices()
                              ^
/Users/sander/dev/Immich-Gallery/Immich Gallery/Views/LockScreenStyleOverlay.swift:190:1: note: in expansion of macro 'Preview' here
#Preview {
^~~~~~~~~~
/Users/sander/dev/Immich-Gallery/Immich Gallery/Views/LockScreenStyleOverlay.swift:190:1: note: in expansion of macro 'Preview' here
#Preview {
^~~~~~~~~~
@__swiftmacro_14Immich_Gallery0033LockScreenStyleOverlayswift_DbGHjfMX189_0_33_55F5540CBE00C8AD946C0B24DDA7D854Ll7PreviewfMf_.swift:22:21: warning: initialization of immutable value 'mockAssets' was never used; consider replacing with assignment to '_' or removing it
                let mockAssets = [
                    ^
/Users/sander/dev/Immich-Gallery/Immich Gallery/Views/LockScreenStyleOverlay.swift:190:1: note: in expansion of macro 'Preview' here
#Preview {
^~~~~~~~~~
/Users/sander/dev/Immich-Gallery/Immich Gallery/Views/LockScreenStyleOverlay.swift:190:1: note: in expansion of macro 'Preview' here
#Preview {
^~~~~~~~~~

SwiftCompile normal arm64 /Users/sander/dev/Immich-Gallery/Immich\ Gallery/Views/SharedGradientBackground.swift (in target 'Immich Gallery' from project 'Immich Gallery')
    cd /Users/sander/dev/Immich-Gallery
    
@__swiftmacro_14Immich_Gallery0033LockScreenStyleOverlayswift_DbGHjfMX189_0_33_55F5540CBE00C8AD946C0B24DDA7D854Ll7PreviewfMf_.swift:19:31: warning: immutable value 'assetService' was never used; consider replacing with '_' or removing it
                let (_, _, _, assetService, _, _, _, _) = MockServiceFactory.createMockServices()
                              ^
/Users/sander/dev/Immich-Gallery/Immich Gallery/Views/LockScreenStyleOverlay.swift:190:1: note: in expansion of macro 'Preview' here
#Preview {
^~~~~~~~~~
/Users/sander/dev/Immich-Gallery/Immich Gallery/Views/LockScreenStyleOverlay.swift:190:1: note: in expansion of macro 'Preview' here
#Preview {
^~~~~~~~~~
@__swiftmacro_14Immich_Gallery0033LockScreenStyleOverlayswift_DbGHjfMX189_0_33_55F5540CBE00C8AD946C0B24DDA7D854Ll7PreviewfMf_.swift:22:21: warning: initialization of immutable value 'mockAssets' was never used; consider replacing with assignment to '_' or removing it
                let mockAssets = [
                    ^
/Users/sander/dev/Immich-Gallery/Immich Gallery/Views/LockScreenStyleOverlay.swift:190:1: note: in expansion of macro 'Preview' here
#Preview {
^~~~~~~~~~
/Users/sander/dev/Immich-Gallery/Immich Gallery/Views/LockScreenStyleOverlay.swift:190:1: note: in expansion of macro 'Preview' here
#Preview {
^~~~~~~~~~

SwiftDriverJobDiscovery normal arm64 Emitting module for Immich_Gallery (in target 'Immich Gallery' from project 'Immich Gallery')

SwiftDriver\ Compilation\ Requirements Immich\ Gallery normal arm64 com.apple.xcode.tools.swift.compiler (in target 'Immich Gallery' from project 'Immich Gallery')
    cd /Users/sander/dev/Immich-Gallery
    builtin-Swift-Compilation-Requirements -- /Applications/Xcode.app/Contents/Developer/Toolchains/XcodeDefault.xctoolchain/usr/bin/swiftc -module-name Immich_Gallery -Onone -enforce-exclusivity\=checked @/Users/sander/Library/Developer/Xcode/DerivedData/Immich_Gallery-eittrmpavvicbzfinpapxnnmzxht/Build/Intermediates.noindex/Immich\ Gallery.build/Debug-appletvsimulator/Immich\ Gallery.build/Objects-normal/arm64/Immich\ Gallery.SwiftFileList -DDEBUG -enable-bare-slash-regex -enable-experimental-feature DebugDescriptionMacro -sdk /Applications/Xcode.app/Contents/Developer/Platforms/AppleTVSimulator.platform/Developer/SDKs/AppleTVSimulator26.2.sdk -target arm64-apple-tvos26.0-simulator -g -module-cache-path /Users/sander/Library/Developer/Xcode/DerivedData/ModuleCache.noindex -Xfrontend -serialize-debugging-options -profile-coverage-mapping -profile-generate -enable-testing -index-store-path /Users/sander/Library/Developer/Xcode/DerivedData/Immich_Gallery-eittrmpavvicbzfinpapxnnmzxht/Index.noindex/DataStore -Xcc -D_LIBCPP_HARDENING_MODE\=_LIBCPP_HARDENING_MODE_DEBUG -swift-version 5 -I /Users/sander/Library/Developer/Xcode/DerivedData/Immich_Gallery-eittrmpavvicbzfinpapxnnmzxht/Build/Products/Debug-appletvsimulator -F /Users/sander/Library/Developer/Xcode/DerivedData/Immich_Gallery-eittrmpavvicbzfinpapxnnmzxht/Build/Products/Debug-appletvsimulator -emit-localized-strings -emit-localized-strings-path /Users/sander/Library/Developer/Xcode/DerivedData/Immich_Gallery-eittrmpavvicbzfinpapxnnmzxht/Build/Intermediates.noindex/Immich\ Gallery.build/Debug-appletvsimulator/Immich\ Gallery.build/Objects-normal/arm64 -c -j10 -enable-batch-mode -incremental -Xcc -ivfsstatcache -Xcc /Users/sander/Library/Developer/Xcode/DerivedData/SDKStatCaches.noindex/appletvsimulator26.2-23K50-3885c01c3e6b6a337905948deab2002e080c9acb371011151a58bc032572b023.sdkstatcache -output-file-map /Users/sander/Library/Developer/Xcode/DerivedData/Immich_Gallery-eittrmpavvicbzfinpapxnnmzxht/Build/Intermediates.noindex/Immich\ Gallery.build/Debug-appletvsimulator/Immich\ Gallery.build/Objects-normal/arm64/Immich\ Gallery-OutputFileMap.json -use-frontend-parseable-output -save-temps -no-color-diagnostics -explicit-module-build -module-cache-path /Users/sander/Library/Developer/Xcode/DerivedData/Immich_Gallery-eittrmpavvicbzfinpapxnnmzxht/Build/Intermediates.noindex/SwiftExplicitPrecompiledModules -clang-scanner-module-cache-path /Users/sander/Library/Developer/Xcode/DerivedData/ModuleCache.noindex -sdk-module-cache-path /Users/sander/Library/Developer/Xcode/DerivedData/ModuleCache.noindex -serialize-diagnostics -emit-dependencies -emit-module -emit-module-path /Users/sander/Library/Developer/Xcode/DerivedData/Immich_Gallery-eittrmpavvicbzfinpapxnnmzxht/Build/Intermediates.noindex/Immich\ Gallery.build/Debug-appletvsimulator/Immich\ Gallery.build/Objects-normal/arm64/Immich_Gallery.swiftmodule -validate-clang-modules-once -clang-build-session-file /Users/sander/Library/Developer/Xcode/DerivedData/ModuleCache.noindex/Session.modulevalidation -Xcc -I/Users/sander/Library/Developer/Xcode/DerivedData/Immich_Gallery-eittrmpavvicbzfinpapxnnmzxht/Build/Intermediates.noindex/Immich\ Gallery.build/Debug-appletvsimulator/Immich\ Gallery.build/swift-overrides.hmap -emit-const-values -Xfrontend -const-gather-protocols-file -Xfrontend /Users/sander/Library/Developer/Xcode/DerivedData/Immich_Gallery-eittrmpavvicbzfinpapxnnmzxht/Build/Intermediates.noindex/Immich\ Gallery.build/Debug-appletvsimulator/Immich\ Gallery.build/Objects-normal/arm64/Immich\ Gallery_const_extract_protocols.json -Xcc -iquote -Xcc /Users/sander/Library/Developer/Xcode/DerivedData/Immich_Gallery-eittrmpavvicbzfinpapxnnmzxht/Build/Intermediates.noindex/Immich\ Gallery.build/Debug-appletvsimulator/Immich\ Gallery.build/Immich\ Gallery-generated-files.hmap -Xcc -I/Users/sander/Library/Developer/Xcode/DerivedData/Immich_Gallery-eittrmpavvicbzfinpapxnnmzxht/Build/Intermediates.noindex/Immich\ Gallery.build/Debug-appletvsimulator/Immich\ Gallery.build/Immich\ Gallery-own-target-headers.hmap -Xcc -I/Users/sander/Library/Developer/Xcode/DerivedData/Immich_Gallery-eittrmpavvicbzfinpapxnnmzxht/Build/Intermediates.noindex/Immich\ Gallery.build/Debug-appletvsimulator/Immich\ Gallery.build/Immich\ Gallery-all-target-headers.hmap -Xcc -iquote -Xcc /Users/sander/Library/Developer/Xcode/DerivedData/Immich_Gallery-eittrmpavvicbzfinpapxnnmzxht/Build/Intermediates.noindex/Immich\ Gallery.build/Debug-appletvsimulator/Immich\ Gallery.build/Immich\ Gallery-project-headers.hmap -Xcc -I/Users/sander/Library/Developer/Xcode/DerivedData/Immich_Gallery-eittrmpavvicbzfinpapxnnmzxht/Build/Products/Debug-appletvsimulator/include -Xcc -I/Users/sander/Library/Developer/Xcode/DerivedData/Immich_Gallery-eittrmpavvicbzfinpapxnnmzxht/Build/Intermediates.noindex/Immich\ Gallery.build/Debug-appletvsimulator/Immich\ Gallery.build/DerivedSources-normal/arm64 -Xcc -I/Users/sander/Library/Developer/Xcode/DerivedData/Immich_Gallery-eittrmpavvicbzfinpapxnnmzxht/Build/Intermediates.noindex/Immich\ Gallery.build/Debug-appletvsimulator/Immich\ Gallery.build/DerivedSources/arm64 -Xcc -I/Users/sander/Library/Developer/Xcode/DerivedData/Immich_Gallery-eittrmpavvicbzfinpapxnnmzxht/Build/Intermediates.noindex/Immich\ Gallery.build/Debug-appletvsimulator/Immich\ Gallery.build/DerivedSources -Xcc -DDEBUG\=1 -emit-objc-header -emit-objc-header-path /Users/sander/Library/Developer/Xcode/DerivedData/Immich_Gallery-eittrmpavvicbzfinpapxnnmzxht/Build/Intermediates.noindex/Immich\ Gallery.build/Debug-appletvsimulator/Immich\ Gallery.build/Objects-normal/arm64/Immich_Gallery-Swift.h -working-directory /Users/sander/dev/Immich-Gallery -experimental-emit-module-separately -disable-cmo

SwiftDriverJobDiscovery normal arm64 Compiling OmniSlideshowView.swift (in target 'Immich Gallery' from project 'Immich Gallery')

Copy /Users/sander/Library/Developer/Xcode/DerivedData/Immich_Gallery-eittrmpavvicbzfinpapxnnmzxht/Build/Products/Debug-appletvsimulator/Immich_Gallery.swiftmodule/arm64-apple-tvos-simulator.abi.json /Users/sander/Library/Developer/Xcode/DerivedData/Immich_Gallery-eittrmpavvicbzfinpapxnnmzxht/Build/Intermediates.noindex/Immich\ Gallery.build/Debug-appletvsimulator/Immich\ Gallery.build/Objects-normal/arm64/Immich_Gallery.abi.json (in target 'Immich Gallery' from project 'Immich Gallery')
    cd /Users/sander/dev/Immich-Gallery
    builtin-copy -exclude .DS_Store -exclude CVS -exclude .svn -exclude .git -exclude .hg -resolve-src-symlinks -rename /Users/sander/Library/Developer/Xcode/DerivedData/Immich_Gallery-eittrmpavvicbzfinpapxnnmzxht/Build/Intermediates.noindex/Immich\ Gallery.build/Debug-appletvsimulator/Immich\ Gallery.build/Objects-normal/arm64/Immich_Gallery.abi.json /Users/sander/Library/Developer/Xcode/DerivedData/Immich_Gallery-eittrmpavvicbzfinpapxnnmzxht/Build/Products/Debug-appletvsimulator/Immich_Gallery.swiftmodule/arm64-apple-tvos-simulator.abi.json

Copy /Users/sander/Library/Developer/Xcode/DerivedData/Immich_Gallery-eittrmpavvicbzfinpapxnnmzxht/Build/Products/Debug-appletvsimulator/Immich_Gallery.swiftmodule/Project/arm64-apple-tvos-simulator.swiftsourceinfo /Users/sander/Library/Developer/Xcode/DerivedData/Immich_Gallery-eittrmpavvicbzfinpapxnnmzxht/Build/Intermediates.noindex/Immich\ Gallery.build/Debug-appletvsimulator/Immich\ Gallery.build/Objects-normal/arm64/Immich_Gallery.swiftsourceinfo (in target 'Immich Gallery' from project 'Immich Gallery')
    cd /Users/sander/dev/Immich-Gallery
    builtin-copy -exclude .DS_Store -exclude CVS -exclude .svn -exclude .git -exclude .hg -resolve-src-symlinks -rename /Users/sander/Library/Developer/Xcode/DerivedData/Immich_Gallery-eittrmpavvicbzfinpapxnnmzxht/Build/Intermediates.noindex/Immich\ Gallery.build/Debug-appletvsimulator/Immich\ Gallery.build/Objects-normal/arm64/Immich_Gallery.swiftsourceinfo /Users/sander/Library/Developer/Xcode/DerivedData/Immich_Gallery-eittrmpavvicbzfinpapxnnmzxht/Build/Products/Debug-appletvsimulator/Immich_Gallery.swiftmodule/Project/arm64-apple-tvos-simulator.swiftsourceinfo

SwiftDriverJobDiscovery normal arm64 Compiling FullScreenImageView.swift, InfoRow.swift (in target 'Immich Gallery' from project 'Immich Gallery')

SwiftDriverJobDiscovery normal arm64 Compiling MemoriesPauseShelfView.swift (in target 'Immich Gallery' from project 'Immich Gallery')

SwiftExplicitDependencyGeneratePcm x86_64 /Users/sander/Library/Developer/Xcode/DerivedData/ModuleCache.noindex/SwiftUI-AF6LN4Y3LLW7QIKP2XRBG94W.pcm

SwiftExplicitDependencyGeneratePcm x86_64 /Users/sander/Library/Developer/Xcode/DerivedData/ModuleCache.noindex/AVKit-1WW622XJTSKGCL5SNVZ676YBQ.pcm

SwiftDriverJobDiscovery normal arm64 Compiling AlbumListView.swift, AssetGridView.swift (in target 'Immich Gallery' from project 'Immich Gallery')

SwiftEmitModule normal x86_64 Emitting\ module\ for\ Immich_Gallery (in target 'Immich Gallery' from project 'Immich Gallery')
EmitSwiftModule normal x86_64 (in target 'Immich Gallery' from project 'Immich Gallery')
    cd /Users/sander/dev/Immich-Gallery
    
/Users/sander/dev/Immich-Gallery/Immich Gallery/Components/ThumbnailProviders.swift:21:35: warning: use of protocol 'GridDisplayable' as a type must be written 'any GridDisplayable'; this will be an error in a future Swift language mode
    func loadThumbnails(for item: GridDisplayable) async -> [UIImage] {
                                  ^~~~~~~~~~~~~~~
                                  any GridDisplayable
/Users/sander/dev/Immich-Gallery/Immich Gallery/Components/ThumbnailProviders.swift:89:35: warning: use of protocol 'GridDisplayable' as a type must be written 'any GridDisplayable'; this will be an error in a future Swift language mode
    func loadThumbnails(for item: GridDisplayable) async -> [UIImage] {
                                  ^~~~~~~~~~~~~~~
                                  any GridDisplayable
/Users/sander/dev/Immich-Gallery/Immich Gallery/Components/ThumbnailProviders.swift:128:35: warning: use of protocol 'GridDisplayable' as a type must be written 'any GridDisplayable'; this will be an error in a future Swift language mode
    func loadThumbnails(for item: GridDisplayable) async -> [UIImage] {
                                  ^~~~~~~~~~~~~~~
                                  any GridDisplayable
/Users/sander/dev/Immich-Gallery/Immich Gallery/Components/ThumbnailProviders.swift:167:35: warning: use of protocol 'GridDisplayable' as a type must be written 'any GridDisplayable'; this will be an error in a future Swift language mode
    func loadThumbnails(for item: GridDisplayable) async -> [UIImage] {
                                  ^~~~~~~~~~~~~~~
                                  any GridDisplayable
/Users/sander/dev/Immich-Gallery/Immich Gallery/Views/Settings/SlideShowSettings.swift:282:5: warning: '@State' used inline will not work unless tagged with '@Previewable' (from macro 'Preview')
    @State var slideshowInterval: Double = 8.0
    ^
/Users/sander/dev/Immich-Gallery/Immich Gallery/Views/Settings/SlideShowSettings.swift:282:5: note: Add '@Previewable'
    @State var slideshowInterval: Double = 8.0
    ^~~~~~
    @Previewable @State
/Users/sander/dev/Immich-Gallery/Immich Gallery/Views/Settings/SlideShowSettings.swift:283:5: warning: '@State' used inline will not work unless tagged with '@Previewable' (from macro 'Preview')
    @State var slideshowBackgroundColor = "white"
    ^
/Users/sander/dev/Immich-Gallery/Immich Gallery/Views/Settings/SlideShowSettings.swift:283:5: note: Add '@Previewable'
    @State var slideshowBackgroundColor = "white"
    ^~~~~~
    @Previewable @State
/Users/sander/dev/Immich-Gallery/Immich Gallery/Views/Settings/SlideShowSettings.swift:284:5: warning: '@State' used inline will not work unless tagged with '@Previewable' (from macro 'Preview')
    @State var use24HourClock = true
    ^
/Users/sander/dev/Immich-Gallery/Immich Gallery/Views/Settings/SlideShowSettings.swift:284:5: note: Add '@Previewable'
    @State var use24HourClock = true
    ^~~~~~
    @Previewable @State
/Users/sander/dev/Immich-Gallery/Immich Gallery/Views/Settings/SlideShowSettings.swift:285:5: warning: '@State' used inline will not work unless tagged with '@Previewable' (from macro 'Preview')
    @State var hideOverlay = true
    ^
/Users/sander/dev/Immich-Gallery/Immich Gallery/Views/Settings/SlideShowSettings.swift:285:5: note: Add '@Previewable'
    @State var hideOverlay = true
    ^~~~~~
    @Previewable @State
/Users/sander/dev/Immich-Gallery/Immich Gallery/Views/Settings/SlideShowSettings.swift:286:5: warning: '@State' used inline will not work unless tagged with '@Previewable' (from macro 'Preview')
    @State var enableReflections = true
    ^
/Users/sander/dev/Immich-Gallery/Immich Gallery/Views/Settings/SlideShowSettings.swift:286:5: note: Add '@Previewable'
    @State var enableReflections = true
    ^~~~~~
    @Previewable @State
/Users/sander/dev/Immich-Gallery/Immich Gallery/Views/Settings/SlideShowSettings.swift:287:5: warning: '@State' used inline will not work unless tagged with '@Previewable' (from macro 'Preview')
    @State var enableKenBurns = false
    ^
/Users/sander/dev/Immich-Gallery/Immich Gallery/Views/Settings/SlideShowSettings.swift:287:5: note: Add '@Previewable'
    @State var enableKenBurns = false
    ^~~~~~
    @Previewable @State
/Users/sander/dev/Immich-Gallery/Immich Gallery/Views/Settings/SlideShowSettings.swift:288:5: warning: '@State' used inline will not work unless tagged with '@Previewable' (from macro 'Preview')
    @State var enableMemoriesSlideshow = false
    ^
/Users/sander/dev/Immich-Gallery/Immich Gallery/Views/Settings/SlideShowSettings.swift:288:5: note: Add '@Previewable'
    @State var enableMemoriesSlideshow = false
    ^~~~~~
    @Previewable @State
/Users/sander/dev/Immich-Gallery/Immich Gallery/Views/Settings/SlideShowSettings.swift:289:5: warning: '@State' used inline will not work unless tagged with '@Previewable' (from macro 'Preview')
    @State var enableShuffle = false
    ^
/Users/sander/dev/Immich-Gallery/Immich Gallery/Views/Settings/SlideShowSettings.swift:289:5: note: Add '@Previewable'
    @State var enableShuffle = false
    ^~~~~~
    @Previewable @State
/Users/sander/dev/Immich-Gallery/Immich Gallery/Views/Settings/SlideShowSettings.swift:290:5: warning: '@State' used inline will not work unless tagged with '@Previewable' (from macro 'Preview')
    @State var slideshowTransition = "fade"
    ^
/Users/sander/dev/Immich-Gallery/Immich Gallery/Views/Settings/SlideShowSettings.swift:290:5: note: Add '@Previewable'
    @State var slideshowTransition = "fade"
    ^~~~~~
    @Previewable @State
/Users/sander/dev/Immich-Gallery/Immich Gallery/Views/Settings/SlideShowSettings.swift:291:5: warning: '@State' used inline will not work unless tagged with '@Previewable' (from macro 'Preview')
    @State var autoSlideshowTimeout = 5
    ^
/Users/sander/dev/Immich-Gallery/Immich Gallery/Views/Settings/SlideShowSettings.swift:291:5: note: Add '@Previewable'
    @State var autoSlideshowTimeout = 5
    ^~~~~~
    @Previewable @State
/Users/sander/dev/Immich-Gallery/Immich Gallery/Views/ExploreView.swift:796:35: warning: use of protocol 'GridDisplayable' as a type must be written 'any GridDisplayable'; this will be an error in a future Swift language mode
    func loadThumbnails(for item: GridDisplayable) async -> [UIImage] {
                                  ^~~~~~~~~~~~~~~
                                  any GridDisplayable

SwiftCompile normal x86_64 Compiling\ InfoRow.swift,\ LockScreenStyleOverlay.swift,\ MemoriesDetailView.swift,\ MemoriesPauseShelfView.swift,\ MemoriesSlideImageView.swift,\ MemoriesSlideItem.swift,\ MemoriesSlideshowTransition.swift,\ MemoriesSlideshowView.swift,\ MemoriesView.swift /Users/sander/dev/Immich-Gallery/Immich\ Gallery/Views/InfoRow.swift /Users/sander/dev/Immich-Gallery/Immich\ Gallery/Views/LockScreenStyleOverlay.swift /Users/sander/dev/Immich-Gallery/Immich\ Gallery/Views/MemoriesDetailView.swift /Users/sander/dev/Immich-Gallery/Immich\ Gallery/Views/MemoriesPauseShelfView.swift /Users/sander/dev/Immich-Gallery/Immich\ Gallery/Views/MemoriesSlideImageView.swift /Users/sander/dev/Immich-Gallery/Immich\ Gallery/Views/MemoriesSlideItem.swift /Users/sander/dev/Immich-Gallery/Immich\ Gallery/Views/MemoriesSlideshowTransition.swift /Users/sander/dev/Immich-Gallery/Immich\ Gallery/Views/MemoriesSlideshowView.swift /Users/sander/dev/Immich-Gallery/Immich\ Gallery/Views/MemoriesView.swift (in target 'Immich Gallery' from project 'Immich Gallery')
SwiftCompile normal x86_64 /Users/sander/dev/Immich-Gallery/Immich\ Gallery/Views/InfoRow.swift (in target 'Immich Gallery' from project 'Immich Gallery')
    cd /Users/sander/dev/Immich-Gallery
    
/Users/sander/dev/Immich-Gallery/Immich Gallery/Views/Settings/SlideShowSettings.swift:282:5: warning: '@State' used inline will not work unless tagged with '@Previewable' (from macro 'Preview')
    @State var slideshowInterval: Double = 8.0
    ^
/Users/sander/dev/Immich-Gallery/Immich Gallery/Views/Settings/SlideShowSettings.swift:282:5: note: Add '@Previewable'
    @State var slideshowInterval: Double = 8.0
    ^~~~~~
    @Previewable @State
/Users/sander/dev/Immich-Gallery/Immich Gallery/Views/Settings/SlideShowSettings.swift:283:5: warning: '@State' used inline will not work unless tagged with '@Previewable' (from macro 'Preview')
    @State var slideshowBackgroundColor = "white"
    ^
/Users/sander/dev/Immich-Gallery/Immich Gallery/Views/Settings/SlideShowSettings.swift:283:5: note: Add '@Previewable'
    @State var slideshowBackgroundColor = "white"
    ^~~~~~
    @Previewable @State
/Users/sander/dev/Immich-Gallery/Immich Gallery/Views/Settings/SlideShowSettings.swift:284:5: warning: '@State' used inline will not work unless tagged with '@Previewable' (from macro 'Preview')
    @State var use24HourClock = true
    ^
/Users/sander/dev/Immich-Gallery/Immich Gallery/Views/Settings/SlideShowSettings.swift:284:5: note: Add '@Previewable'
    @State var use24HourClock = true
    ^~~~~~
    @Previewable @State
/Users/sander/dev/Immich-Gallery/Immich Gallery/Views/Settings/SlideShowSettings.swift:285:5: warning: '@State' used inline will not work unless tagged with '@Previewable' (from macro 'Preview')
    @State var hideOverlay = true
    ^
/Users/sander/dev/Immich-Gallery/Immich Gallery/Views/Settings/SlideShowSettings.swift:285:5: note: Add '@Previewable'
    @State var hideOverlay = true
    ^~~~~~
    @Previewable @State
/Users/sander/dev/Immich-Gallery/Immich Gallery/Views/Settings/SlideShowSettings.swift:286:5: warning: '@State' used inline will not work unless tagged with '@Previewable' (from macro 'Preview')
    @State var enableReflections = true
    ^
/Users/sander/dev/Immich-Gallery/Immich Gallery/Views/Settings/SlideShowSettings.swift:286:5: note: Add '@Previewable'
    @State var enableReflections = true
    ^~~~~~
    @Previewable @State
/Users/sander/dev/Immich-Gallery/Immich Gallery/Views/Settings/SlideShowSettings.swift:287:5: warning: '@State' used inline will not work unless tagged with '@Previewable' (from macro 'Preview')
    @State var enableKenBurns = false
    ^
/Users/sander/dev/Immich-Gallery/Immich Gallery/Views/Settings/SlideShowSettings.swift:287:5: note: Add '@Previewable'
    @State var enableKenBurns = false
    ^~~~~~
    @Previewable @State
/Users/sander/dev/Immich-Gallery/Immich Gallery/Views/Settings/SlideShowSettings.swift:288:5: warning: '@State' used inline will not work unless tagged with '@Previewable' (from macro 'Preview')
    @State var enableMemoriesSlideshow = false
    ^
/Users/sander/dev/Immich-Gallery/Immich Gallery/Views/Settings/SlideShowSettings.swift:288:5: note: Add '@Previewable'
    @State var enableMemoriesSlideshow = false
    ^~~~~~
    @Previewable @State
/Users/sander/dev/Immich-Gallery/Immich Gallery/Views/Settings/SlideShowSettings.swift:289:5: warning: '@State' used inline will not work unless tagged with '@Previewable' (from macro 'Preview')
    @State var enableShuffle = false
    ^
/Users/sander/dev/Immich-Gallery/Immich Gallery/Views/Settings/SlideShowSettings.swift:289:5: note: Add '@Previewable'
    @State var enableShuffle = false
    ^~~~~~
    @Previewable @State
/Users/sander/dev/Immich-Gallery/Immich Gallery/Views/Settings/SlideShowSettings.swift:290:5: warning: '@State' used inline will not work unless tagged with '@Previewable' (from macro 'Preview')
    @State var slideshowTransition = "fade"
    ^
/Users/sander/dev/Immich-Gallery/Immich Gallery/Views/Settings/SlideShowSettings.swift:290:5: note: Add '@Previewable'
    @State var slideshowTransition = "fade"
    ^~~~~~
    @Previewable @State
/Users/sander/dev/Immich-Gallery/Immich Gallery/Views/Settings/SlideShowSettings.swift:291:5: warning: '@State' used inline will not work unless tagged with '@Previewable' (from macro 'Preview')
    @State var autoSlideshowTimeout = 5
    ^
/Users/sander/dev/Immich-Gallery/Immich Gallery/Views/Settings/SlideShowSettings.swift:291:5: note: Add '@Previewable'
    @State var autoSlideshowTimeout = 5
    ^~~~~~
    @Previewable @State
@__swiftmacro_14Immich_Gallery0033LockScreenStyleOverlayswift_DbGHjfMX189_0_33_55F5540CBE00C8AD946C0B24DDA7D854Ll7PreviewfMf_.swift:19:31: warning: immutable value 'assetService' was never used; consider replacing with '_' or removing it
                let (_, _, _, assetService, _, _, _, _) = MockServiceFactory.createMockServices()
                              ^
/Users/sander/dev/Immich-Gallery/Immich Gallery/Views/LockScreenStyleOverlay.swift:190:1: note: in expansion of macro 'Preview' here
#Preview {
^~~~~~~~~~
/Users/sander/dev/Immich-Gallery/Immich Gallery/Views/LockScreenStyleOverlay.swift:190:1: note: in expansion of macro 'Preview' here
#Preview {
^~~~~~~~~~
@__swiftmacro_14Immich_Gallery0033LockScreenStyleOverlayswift_DbGHjfMX189_0_33_55F5540CBE00C8AD946C0B24DDA7D854Ll7PreviewfMf_.swift:22:21: warning: initialization of immutable value 'mockAssets' was never used; consider replacing with assignment to '_' or removing it
                let mockAssets = [
                    ^
/Users/sander/dev/Immich-Gallery/Immich Gallery/Views/LockScreenStyleOverlay.swift:190:1: note: in expansion of macro 'Preview' here
#Preview {
^~~~~~~~~~
/Users/sander/dev/Immich-Gallery/Immich Gallery/Views/LockScreenStyleOverlay.swift:190:1: note: in expansion of macro 'Preview' here
#Preview {
^~~~~~~~~~

SwiftCompile normal x86_64 /Users/sander/dev/Immich-Gallery/Immich\ Gallery/Views/LockScreenStyleOverlay.swift (in target 'Immich Gallery' from project 'Immich Gallery')
    cd /Users/sander/dev/Immich-Gallery
    
@__swiftmacro_14Immich_Gallery0033LockScreenStyleOverlayswift_DbGHjfMX189_0_33_55F5540CBE00C8AD946C0B24DDA7D854Ll7PreviewfMf_.swift:19:31: warning: immutable value 'assetService' was never used; consider replacing with '_' or removing it
                let (_, _, _, assetService, _, _, _, _) = MockServiceFactory.createMockServices()
                              ^
/Users/sander/dev/Immich-Gallery/Immich Gallery/Views/LockScreenStyleOverlay.swift:190:1: note: in expansion of macro 'Preview' here
#Preview {
^~~~~~~~~~
/Users/sander/dev/Immich-Gallery/Immich Gallery/Views/LockScreenStyleOverlay.swift:190:1: note: in expansion of macro 'Preview' here
#Preview {
^~~~~~~~~~
@__swiftmacro_14Immich_Gallery0033LockScreenStyleOverlayswift_DbGHjfMX189_0_33_55F5540CBE00C8AD946C0B24DDA7D854Ll7PreviewfMf_.swift:22:21: warning: initialization of immutable value 'mockAssets' was never used; consider replacing with assignment to '_' or removing it
                let mockAssets = [
                    ^
/Users/sander/dev/Immich-Gallery/Immich Gallery/Views/LockScreenStyleOverlay.swift:190:1: note: in expansion of macro 'Preview' here
#Preview {
^~~~~~~~~~
/Users/sander/dev/Immich-Gallery/Immich Gallery/Views/LockScreenStyleOverlay.swift:190:1: note: in expansion of macro 'Preview' here
#Preview {
^~~~~~~~~~

SwiftCompile normal x86_64 /Users/sander/dev/Immich-Gallery/Immich\ Gallery/Views/MemoriesDetailView.swift (in target 'Immich Gallery' from project 'Immich Gallery')
    cd /Users/sander/dev/Immich-Gallery
    
@__swiftmacro_14Immich_Gallery0033LockScreenStyleOverlayswift_DbGHjfMX189_0_33_55F5540CBE00C8AD946C0B24DDA7D854Ll7PreviewfMf_.swift:19:31: warning: immutable value 'assetService' was never used; consider replacing with '_' or removing it
                let (_, _, _, assetService, _, _, _, _) = MockServiceFactory.createMockServices()
                              ^
/Users/sander/dev/Immich-Gallery/Immich Gallery/Views/LockScreenStyleOverlay.swift:190:1: note: in expansion of macro 'Preview' here
#Preview {
^~~~~~~~~~
/Users/sander/dev/Immich-Gallery/Immich Gallery/Views/LockScreenStyleOverlay.swift:190:1: note: in expansion of macro 'Preview' here
#Preview {
^~~~~~~~~~
@__swiftmacro_14Immich_Gallery0033LockScreenStyleOverlayswift_DbGHjfMX189_0_33_55F5540CBE00C8AD946C0B24DDA7D854Ll7PreviewfMf_.swift:22:21: warning: initialization of immutable value 'mockAssets' was never used; consider replacing with assignment to '_' or removing it
                let mockAssets = [
                    ^
/Users/sander/dev/Immich-Gallery/Immich Gallery/Views/LockScreenStyleOverlay.swift:190:1: note: in expansion of macro 'Preview' here
#Preview {
^~~~~~~~~~
/Users/sander/dev/Immich-Gallery/Immich Gallery/Views/LockScreenStyleOverlay.swift:190:1: note: in expansion of macro 'Preview' here
#Preview {
^~~~~~~~~~

SwiftCompile normal x86_64 /Users/sander/dev/Immich-Gallery/Immich\ Gallery/Views/MemoriesPauseShelfView.swift (in target 'Immich Gallery' from project 'Immich Gallery')
    cd /Users/sander/dev/Immich-Gallery
    
@__swiftmacro_14Immich_Gallery0033LockScreenStyleOverlayswift_DbGHjfMX189_0_33_55F5540CBE00C8AD946C0B24DDA7D854Ll7PreviewfMf_.swift:19:31: warning: immutable value 'assetService' was never used; consider replacing with '_' or removing it
                let (_, _, _, assetService, _, _, _, _) = MockServiceFactory.createMockServices()
                              ^
/Users/sander/dev/Immich-Gallery/Immich Gallery/Views/LockScreenStyleOverlay.swift:190:1: note: in expansion of macro 'Preview' here
#Preview {
^~~~~~~~~~
/Users/sander/dev/Immich-Gallery/Immich Gallery/Views/LockScreenStyleOverlay.swift:190:1: note: in expansion of macro 'Preview' here
#Preview {
^~~~~~~~~~
@__swiftmacro_14Immich_Gallery0033LockScreenStyleOverlayswift_DbGHjfMX189_0_33_55F5540CBE00C8AD946C0B24DDA7D854Ll7PreviewfMf_.swift:22:21: warning: initialization of immutable value 'mockAssets' was never used; consider replacing with assignment to '_' or removing it
                let mockAssets = [
                    ^
/Users/sander/dev/Immich-Gallery/Immich Gallery/Views/LockScreenStyleOverlay.swift:190:1: note: in expansion of macro 'Preview' here
#Preview {
^~~~~~~~~~
/Users/sander/dev/Immich-Gallery/Immich Gallery/Views/LockScreenStyleOverlay.swift:190:1: note: in expansion of macro 'Preview' here
#Preview {
^~~~~~~~~~

SwiftCompile normal x86_64 /Users/sander/dev/Immich-Gallery/Immich\ Gallery/Views/MemoriesSlideImageView.swift (in target 'Immich Gallery' from project 'Immich Gallery')
    cd /Users/sander/dev/Immich-Gallery
    
@__swiftmacro_14Immich_Gallery0033LockScreenStyleOverlayswift_DbGHjfMX189_0_33_55F5540CBE00C8AD946C0B24DDA7D854Ll7PreviewfMf_.swift:19:31: warning: immutable value 'assetService' was never used; consider replacing with '_' or removing it
                let (_, _, _, assetService, _, _, _, _) = MockServiceFactory.createMockServices()
                              ^
/Users/sander/dev/Immich-Gallery/Immich Gallery/Views/LockScreenStyleOverlay.swift:190:1: note: in expansion of macro 'Preview' here
#Preview {
^~~~~~~~~~
/Users/sander/dev/Immich-Gallery/Immich Gallery/Views/LockScreenStyleOverlay.swift:190:1: note: in expansion of macro 'Preview' here
#Preview {
^~~~~~~~~~
@__swiftmacro_14Immich_Gallery0033LockScreenStyleOverlayswift_DbGHjfMX189_0_33_55F5540CBE00C8AD946C0B24DDA7D854Ll7PreviewfMf_.swift:22:21: warning: initialization of immutable value 'mockAssets' was never used; consider replacing with assignment to '_' or removing it
                let mockAssets = [
                    ^
/Users/sander/dev/Immich-Gallery/Immich Gallery/Views/LockScreenStyleOverlay.swift:190:1: note: in expansion of macro 'Preview' here
#Preview {
^~~~~~~~~~
/Users/sander/dev/Immich-Gallery/Immich Gallery/Views/LockScreenStyleOverlay.swift:190:1: note: in expansion of macro 'Preview' here
#Preview {
^~~~~~~~~~

SwiftCompile normal x86_64 /Users/sander/dev/Immich-Gallery/Immich\ Gallery/Views/MemoriesSlideItem.swift (in target 'Immich Gallery' from project 'Immich Gallery')
    cd /Users/sander/dev/Immich-Gallery
    
@__swiftmacro_14Immich_Gallery0033LockScreenStyleOverlayswift_DbGHjfMX189_0_33_55F5540CBE00C8AD946C0B24DDA7D854Ll7PreviewfMf_.swift:19:31: warning: immutable value 'assetService' was never used; consider replacing with '_' or removing it
                let (_, _, _, assetService, _, _, _, _) = MockServiceFactory.createMockServices()
                              ^
/Users/sander/dev/Immich-Gallery/Immich Gallery/Views/LockScreenStyleOverlay.swift:190:1: note: in expansion of macro 'Preview' here
#Preview {
^~~~~~~~~~
/Users/sander/dev/Immich-Gallery/Immich Gallery/Views/LockScreenStyleOverlay.swift:190:1: note: in expansion of macro 'Preview' here
#Preview {
^~~~~~~~~~
@__swiftmacro_14Immich_Gallery0033LockScreenStyleOverlayswift_DbGHjfMX189_0_33_55F5540CBE00C8AD946C0B24DDA7D854Ll7PreviewfMf_.swift:22:21: warning: initialization of immutable value 'mockAssets' was never used; consider replacing with assignment to '_' or removing it
                let mockAssets = [
                    ^
/Users/sander/dev/Immich-Gallery/Immich Gallery/Views/LockScreenStyleOverlay.swift:190:1: note: in expansion of macro 'Preview' here
#Preview {
^~~~~~~~~~
/Users/sander/dev/Immich-Gallery/Immich Gallery/Views/LockScreenStyleOverlay.swift:190:1: note: in expansion of macro 'Preview' here
#Preview {
^~~~~~~~~~

SwiftCompile normal x86_64 /Users/sander/dev/Immich-Gallery/Immich\ Gallery/Views/MemoriesSlideshowTransition.swift (in target 'Immich Gallery' from project 'Immich Gallery')
    cd /Users/sander/dev/Immich-Gallery
    
@__swiftmacro_14Immich_Gallery0033LockScreenStyleOverlayswift_DbGHjfMX189_0_33_55F5540CBE00C8AD946C0B24DDA7D854Ll7PreviewfMf_.swift:19:31: warning: immutable value 'assetService' was never used; consider replacing with '_' or removing it
                let (_, _, _, assetService, _, _, _, _) = MockServiceFactory.createMockServices()
                              ^
/Users/sander/dev/Immich-Gallery/Immich Gallery/Views/LockScreenStyleOverlay.swift:190:1: note: in expansion of macro 'Preview' here
#Preview {
^~~~~~~~~~
/Users/sander/dev/Immich-Gallery/Immich Gallery/Views/LockScreenStyleOverlay.swift:190:1: note: in expansion of macro 'Preview' here
#Preview {
^~~~~~~~~~
@__swiftmacro_14Immich_Gallery0033LockScreenStyleOverlayswift_DbGHjfMX189_0_33_55F5540CBE00C8AD946C0B24DDA7D854Ll7PreviewfMf_.swift:22:21: warning: initialization of immutable value 'mockAssets' was never used; consider replacing with assignment to '_' or removing it
                let mockAssets = [
                    ^
/Users/sander/dev/Immich-Gallery/Immich Gallery/Views/LockScreenStyleOverlay.swift:190:1: note: in expansion of macro 'Preview' here
#Preview {
^~~~~~~~~~
/Users/sander/dev/Immich-Gallery/Immich Gallery/Views/LockScreenStyleOverlay.swift:190:1: note: in expansion of macro 'Preview' here
#Preview {
^~~~~~~~~~

SwiftCompile normal x86_64 /Users/sander/dev/Immich-Gallery/Immich\ Gallery/Views/MemoriesSlideshowView.swift (in target 'Immich Gallery' from project 'Immich Gallery')
    cd /Users/sander/dev/Immich-Gallery
    
@__swiftmacro_14Immich_Gallery0033LockScreenStyleOverlayswift_DbGHjfMX189_0_33_55F5540CBE00C8AD946C0B24DDA7D854Ll7PreviewfMf_.swift:19:31: warning: immutable value 'assetService' was never used; consider replacing with '_' or removing it
                let (_, _, _, assetService, _, _, _, _) = MockServiceFactory.createMockServices()
                              ^
/Users/sander/dev/Immich-Gallery/Immich Gallery/Views/LockScreenStyleOverlay.swift:190:1: note: in expansion of macro 'Preview' here
#Preview {
^~~~~~~~~~
/Users/sander/dev/Immich-Gallery/Immich Gallery/Views/LockScreenStyleOverlay.swift:190:1: note: in expansion of macro 'Preview' here
#Preview {
^~~~~~~~~~
@__swiftmacro_14Immich_Gallery0033LockScreenStyleOverlayswift_DbGHjfMX189_0_33_55F5540CBE00C8AD946C0B24DDA7D854Ll7PreviewfMf_.swift:22:21: warning: initialization of immutable value 'mockAssets' was never used; consider replacing with assignment to '_' or removing it
                let mockAssets = [
                    ^
/Users/sander/dev/Immich-Gallery/Immich Gallery/Views/LockScreenStyleOverlay.swift:190:1: note: in expansion of macro 'Preview' here
#Preview {
^~~~~~~~~~
/Users/sander/dev/Immich-Gallery/Immich Gallery/Views/LockScreenStyleOverlay.swift:190:1: note: in expansion of macro 'Preview' here
#Preview {
^~~~~~~~~~

SwiftCompile normal x86_64 /Users/sander/dev/Immich-Gallery/Immich\ Gallery/Views/MemoriesView.swift (in target 'Immich Gallery' from project 'Immich Gallery')
    cd /Users/sander/dev/Immich-Gallery
    
@__swiftmacro_14Immich_Gallery0033LockScreenStyleOverlayswift_DbGHjfMX189_0_33_55F5540CBE00C8AD946C0B24DDA7D854Ll7PreviewfMf_.swift:19:31: warning: immutable value 'assetService' was never used; consider replacing with '_' or removing it
                let (_, _, _, assetService, _, _, _, _) = MockServiceFactory.createMockServices()
                              ^
/Users/sander/dev/Immich-Gallery/Immich Gallery/Views/LockScreenStyleOverlay.swift:190:1: note: in expansion of macro 'Preview' here
#Preview {
^~~~~~~~~~
/Users/sander/dev/Immich-Gallery/Immich Gallery/Views/LockScreenStyleOverlay.swift:190:1: note: in expansion of macro 'Preview' here
#Preview {
^~~~~~~~~~
@__swiftmacro_14Immich_Gallery0033LockScreenStyleOverlayswift_DbGHjfMX189_0_33_55F5540CBE00C8AD946C0B24DDA7D854Ll7PreviewfMf_.swift:22:21: warning: initialization of immutable value 'mockAssets' was never used; consider replacing with assignment to '_' or removing it
                let mockAssets = [
                    ^
/Users/sander/dev/Immich-Gallery/Immich Gallery/Views/LockScreenStyleOverlay.swift:190:1: note: in expansion of macro 'Preview' here
#Preview {
^~~~~~~~~~
/Users/sander/dev/Immich-Gallery/Immich Gallery/Views/LockScreenStyleOverlay.swift:190:1: note: in expansion of macro 'Preview' here
#Preview {
^~~~~~~~~~

SwiftCompile normal x86_64 Compiling\ TagsGridView.swift,\ TechnicalInfoItem.swift,\ UniversalErrorHandler.swift,\ VideoPlayerView.swift,\ ContentView.swift,\ Immich_GalleryApp.swift,\ AppConstants.swift,\ GeneratedAssetSymbols.swift /Users/sander/dev/Immich-Gallery/Immich\ Gallery/Views/TagsGridView.swift /Users/sander/dev/Immich-Gallery/Immich\ Gallery/Views/TechnicalInfoItem.swift /Users/sander/dev/Immich-Gallery/Immich\ Gallery/Views/UniversalErrorHandler.swift /Users/sander/dev/Immich-Gallery/Immich\ Gallery/Views/VideoPlayerView.swift /Users/sander/dev/Immich-Gallery/Immich\ Gallery/ContentView.swift /Users/sander/dev/Immich-Gallery/Immich\ Gallery/Immich_GalleryApp.swift /Users/sander/dev/Immich-Gallery/Shared/AppConstants.swift /Users/sander/Library/Developer/Xcode/DerivedData/Immich_Gallery-eittrmpavvicbzfinpapxnnmzxht/Build/Intermediates.noindex/Immich\ Gallery.build/Debug-appletvsimulator/Immich\ Gallery.build/DerivedSources/GeneratedAssetSymbols.swift (in target 'Immich Gallery' from project 'Immich Gallery')
SwiftCompile normal x86_64 /Users/sander/dev/Immich-Gallery/Immich\ Gallery/Views/TagsGridView.swift (in target 'Immich Gallery' from project 'Immich Gallery')
    cd /Users/sander/dev/Immich-Gallery
    
/Users/sander/dev/Immich-Gallery/Immich Gallery/Views/Settings/SlideShowSettings.swift:282:5: warning: '@State' used inline will not work unless tagged with '@Previewable' (from macro 'Preview')
    @State var slideshowInterval: Double = 8.0
    ^
/Users/sander/dev/Immich-Gallery/Immich Gallery/Views/Settings/SlideShowSettings.swift:282:5: note: Add '@Previewable'
    @State var slideshowInterval: Double = 8.0
    ^~~~~~
    @Previewable @State
/Users/sander/dev/Immich-Gallery/Immich Gallery/Views/Settings/SlideShowSettings.swift:283:5: warning: '@State' used inline will not work unless tagged with '@Previewable' (from macro 'Preview')
    @State var slideshowBackgroundColor = "white"
    ^
/Users/sander/dev/Immich-Gallery/Immich Gallery/Views/Settings/SlideShowSettings.swift:283:5: note: Add '@Previewable'
    @State var slideshowBackgroundColor = "white"
    ^~~~~~
    @Previewable @State
/Users/sander/dev/Immich-Gallery/Immich Gallery/Views/Settings/SlideShowSettings.swift:284:5: warning: '@State' used inline will not work unless tagged with '@Previewable' (from macro 'Preview')
    @State var use24HourClock = true
    ^
/Users/sander/dev/Immich-Gallery/Immich Gallery/Views/Settings/SlideShowSettings.swift:284:5: note: Add '@Previewable'
    @State var use24HourClock = true
    ^~~~~~
    @Previewable @State
/Users/sander/dev/Immich-Gallery/Immich Gallery/Views/Settings/SlideShowSettings.swift:285:5: warning: '@State' used inline will not work unless tagged with '@Previewable' (from macro 'Preview')
    @State var hideOverlay = true
    ^
/Users/sander/dev/Immich-Gallery/Immich Gallery/Views/Settings/SlideShowSettings.swift:285:5: note: Add '@Previewable'
    @State var hideOverlay = true
    ^~~~~~
    @Previewable @State
/Users/sander/dev/Immich-Gallery/Immich Gallery/Views/Settings/SlideShowSettings.swift:286:5: warning: '@State' used inline will not work unless tagged with '@Previewable' (from macro 'Preview')
    @State var enableReflections = true
    ^
/Users/sander/dev/Immich-Gallery/Immich Gallery/Views/Settings/SlideShowSettings.swift:286:5: note: Add '@Previewable'
    @State var enableReflections = true
    ^~~~~~
    @Previewable @State
/Users/sander/dev/Immich-Gallery/Immich Gallery/Views/Settings/SlideShowSettings.swift:287:5: warning: '@State' used inline will not work unless tagged with '@Previewable' (from macro 'Preview')
    @State var enableKenBurns = false
    ^
/Users/sander/dev/Immich-Gallery/Immich Gallery/Views/Settings/SlideShowSettings.swift:287:5: note: Add '@Previewable'
    @State var enableKenBurns = false
    ^~~~~~
    @Previewable @State
/Users/sander/dev/Immich-Gallery/Immich Gallery/Views/Settings/SlideShowSettings.swift:288:5: warning: '@State' used inline will not work unless tagged with '@Previewable' (from macro 'Preview')
    @State var enableMemoriesSlideshow = false
    ^
/Users/sander/dev/Immich-Gallery/Immich Gallery/Views/Settings/SlideShowSettings.swift:288:5: note: Add '@Previewable'
    @State var enableMemoriesSlideshow = false
    ^~~~~~
    @Previewable @State
/Users/sander/dev/Immich-Gallery/Immich Gallery/Views/Settings/SlideShowSettings.swift:289:5: warning: '@State' used inline will not work unless tagged with '@Previewable' (from macro 'Preview')
    @State var enableShuffle = false
    ^
/Users/sander/dev/Immich-Gallery/Immich Gallery/Views/Settings/SlideShowSettings.swift:289:5: note: Add '@Previewable'
    @State var enableShuffle = false
    ^~~~~~
    @Previewable @State
/Users/sander/dev/Immich-Gallery/Immich Gallery/Views/Settings/SlideShowSettings.swift:290:5: warning: '@State' used inline will not work unless tagged with '@Previewable' (from macro 'Preview')
    @State var slideshowTransition = "fade"
    ^
/Users/sander/dev/Immich-Gallery/Immich Gallery/Views/Settings/SlideShowSettings.swift:290:5: note: Add '@Previewable'
    @State var slideshowTransition = "fade"
    ^~~~~~
    @Previewable @State
/Users/sander/dev/Immich-Gallery/Immich Gallery/Views/Settings/SlideShowSettings.swift:291:5: warning: '@State' used inline will not work unless tagged with '@Previewable' (from macro 'Preview')
    @State var autoSlideshowTimeout = 5
    ^
/Users/sander/dev/Immich-Gallery/Immich Gallery/Views/Settings/SlideShowSettings.swift:291:5: note: Add '@Previewable'
    @State var autoSlideshowTimeout = 5
    ^~~~~~
    @Previewable @State

SwiftCompile normal x86_64 /Users/sander/dev/Immich-Gallery/Immich\ Gallery/Views/TechnicalInfoItem.swift (in target 'Immich Gallery' from project 'Immich Gallery')
    cd /Users/sander/dev/Immich-Gallery
    

SwiftCompile normal x86_64 /Users/sander/dev/Immich-Gallery/Immich\ Gallery/Views/UniversalErrorHandler.swift (in target 'Immich Gallery' from project 'Immich Gallery')
    cd /Users/sander/dev/Immich-Gallery
    

SwiftCompile normal x86_64 /Users/sander/dev/Immich-Gallery/Immich\ Gallery/Views/VideoPlayerView.swift (in target 'Immich Gallery' from project 'Immich Gallery')
    cd /Users/sander/dev/Immich-Gallery
    

SwiftCompile normal x86_64 /Users/sander/dev/Immich-Gallery/Immich\ Gallery/ContentView.swift (in target 'Immich Gallery' from project 'Immich Gallery')
    cd /Users/sander/dev/Immich-Gallery
    

SwiftCompile normal x86_64 /Users/sander/dev/Immich-Gallery/Immich\ Gallery/Immich_GalleryApp.swift (in target 'Immich Gallery' from project 'Immich Gallery')
    cd /Users/sander/dev/Immich-Gallery
    

SwiftCompile normal x86_64 /Users/sander/dev/Immich-Gallery/Shared/AppConstants.swift (in target 'Immich Gallery' from project 'Immich Gallery')
    cd /Users/sander/dev/Immich-Gallery
    

SwiftCompile normal x86_64 /Users/sander/Library/Developer/Xcode/DerivedData/Immich_Gallery-eittrmpavvicbzfinpapxnnmzxht/Build/Intermediates.noindex/Immich\ Gallery.build/Debug-appletvsimulator/Immich\ Gallery.build/DerivedSources/GeneratedAssetSymbols.swift (in target 'Immich Gallery' from project 'Immich Gallery')
    cd /Users/sander/dev/Immich-Gallery
    

SwiftCompile normal x86_64 Compiling\ PeopleGridView.swift,\ SearchView.swift,\ SharedGradientBackground.swift,\ SignInView.swift,\ SimpleVideoPlayerView.swift,\ SlideshowView.swift,\ SplashScreenView.swift,\ StatsView.swift,\ SwipeGestureView.swift /Users/sander/dev/Immich-Gallery/Immich\ Gallery/Views/PeopleGridView.swift /Users/sander/dev/Immich-Gallery/Immich\ Gallery/Views/SearchView.swift /Users/sander/dev/Immich-Gallery/Immich\ Gallery/Views/SharedGradientBackground.swift /Users/sander/dev/Immich-Gallery/Immich\ Gallery/Views/SignInView.swift /Users/sander/dev/Immich-Gallery/Immich\ Gallery/Views/SimpleVideoPlayerView.swift /Users/sander/dev/Immich-Gallery/Immich\ Gallery/Views/SlideshowView.swift /Users/sander/dev/Immich-Gallery/Immich\ Gallery/Views/SplashScreenView.swift /Users/sander/dev/Immich-Gallery/Immich\ Gallery/Views/StatsView.swift /Users/sander/dev/Immich-Gallery/Immich\ Gallery/Views/SwipeGestureView.swift (in target 'Immich Gallery' from project 'Immich Gallery')
SwiftCompile normal x86_64 /Users/sander/dev/Immich-Gallery/Immich\ Gallery/Views/PeopleGridView.swift (in target 'Immich Gallery' from project 'Immich Gallery')
    cd /Users/sander/dev/Immich-Gallery
    
/Users/sander/dev/Immich-Gallery/Immich Gallery/Views/Settings/SlideShowSettings.swift:282:5: warning: '@State' used inline will not work unless tagged with '@Previewable' (from macro 'Preview')
    @State var slideshowInterval: Double = 8.0
    ^
/Users/sander/dev/Immich-Gallery/Immich Gallery/Views/Settings/SlideShowSettings.swift:282:5: note: Add '@Previewable'
    @State var slideshowInterval: Double = 8.0
    ^~~~~~
    @Previewable @State
/Users/sander/dev/Immich-Gallery/Immich Gallery/Views/Settings/SlideShowSettings.swift:283:5: warning: '@State' used inline will not work unless tagged with '@Previewable' (from macro 'Preview')
    @State var slideshowBackgroundColor = "white"
    ^
/Users/sander/dev/Immich-Gallery/Immich Gallery/Views/Settings/SlideShowSettings.swift:283:5: note: Add '@Previewable'
    @State var slideshowBackgroundColor = "white"
    ^~~~~~
    @Previewable @State
/Users/sander/dev/Immich-Gallery/Immich Gallery/Views/Settings/SlideShowSettings.swift:284:5: warning: '@State' used inline will not work unless tagged with '@Previewable' (from macro 'Preview')
    @State var use24HourClock = true
    ^
/Users/sander/dev/Immich-Gallery/Immich Gallery/Views/Settings/SlideShowSettings.swift:284:5: note: Add '@Previewable'
    @State var use24HourClock = true
    ^~~~~~
    @Previewable @State
/Users/sander/dev/Immich-Gallery/Immich Gallery/Views/Settings/SlideShowSettings.swift:285:5: warning: '@State' used inline will not work unless tagged with '@Previewable' (from macro 'Preview')
    @State var hideOverlay = true
    ^
/Users/sander/dev/Immich-Gallery/Immich Gallery/Views/Settings/SlideShowSettings.swift:285:5: note: Add '@Previewable'
    @State var hideOverlay = true
    ^~~~~~
    @Previewable @State
/Users/sander/dev/Immich-Gallery/Immich Gallery/Views/Settings/SlideShowSettings.swift:286:5: warning: '@State' used inline will not work unless tagged with '@Previewable' (from macro 'Preview')
    @State var enableReflections = true
    ^
/Users/sander/dev/Immich-Gallery/Immich Gallery/Views/Settings/SlideShowSettings.swift:286:5: note: Add '@Previewable'
    @State var enableReflections = true
    ^~~~~~
    @Previewable @State
/Users/sander/dev/Immich-Gallery/Immich Gallery/Views/Settings/SlideShowSettings.swift:287:5: warning: '@State' used inline will not work unless tagged with '@Previewable' (from macro 'Preview')
    @State var enableKenBurns = false
    ^
/Users/sander/dev/Immich-Gallery/Immich Gallery/Views/Settings/SlideShowSettings.swift:287:5: note: Add '@Previewable'
    @State var enableKenBurns = false
    ^~~~~~
    @Previewable @State
/Users/sander/dev/Immich-Gallery/Immich Gallery/Views/Settings/SlideShowSettings.swift:288:5: warning: '@State' used inline will not work unless tagged with '@Previewable' (from macro 'Preview')
    @State var enableMemoriesSlideshow = false
    ^
/Users/sander/dev/Immich-Gallery/Immich Gallery/Views/Settings/SlideShowSettings.swift:288:5: note: Add '@Previewable'
    @State var enableMemoriesSlideshow = false
    ^~~~~~
    @Previewable @State
/Users/sander/dev/Immich-Gallery/Immich Gallery/Views/Settings/SlideShowSettings.swift:289:5: warning: '@State' used inline will not work unless tagged with '@Previewable' (from macro 'Preview')
    @State var enableShuffle = false
    ^
/Users/sander/dev/Immich-Gallery/Immich Gallery/Views/Settings/SlideShowSettings.swift:289:5: note: Add '@Previewable'
    @State var enableShuffle = false
    ^~~~~~
    @Previewable @State
/Users/sander/dev/Immich-Gallery/Immich Gallery/Views/Settings/SlideShowSettings.swift:290:5: warning: '@State' used inline will not work unless tagged with '@Previewable' (from macro 'Preview')
    @State var slideshowTransition = "fade"
    ^
/Users/sander/dev/Immich-Gallery/Immich Gallery/Views/Settings/SlideShowSettings.swift:290:5: note: Add '@Previewable'
    @State var slideshowTransition = "fade"
    ^~~~~~
    @Previewable @State
/Users/sander/dev/Immich-Gallery/Immich Gallery/Views/Settings/SlideShowSettings.swift:291:5: warning: '@State' used inline will not work unless tagged with '@Previewable' (from macro 'Preview')
    @State var autoSlideshowTimeout = 5
    ^
/Users/sander/dev/Immich-Gallery/Immich Gallery/Views/Settings/SlideShowSettings.swift:291:5: note: Add '@Previewable'
    @State var autoSlideshowTimeout = 5
    ^~~~~~
    @Previewable @State
@__swiftmacro_14Immich_Gallery0024SlideshowViewswift_ynAHffMX762_0_33_2C1E79635FFF774D24F079C96DAB34A1Ll7PreviewfMf_.swift:25:31: warning: immutable value 'assetService' was never used; consider replacing with '_' or removing it
                let (_, _, _, assetService, _, _, _, _) = MockServiceFactory.createMockServices()
                              ^
/Users/sander/dev/Immich-Gallery/Immich Gallery/Views/SlideshowView.swift:763:1: note: in expansion of macro 'Preview' here
#Preview {
^~~~~~~~~~
/Users/sander/dev/Immich-Gallery/Immich Gallery/Views/SlideshowView.swift:763:1: note: in expansion of macro 'Preview' here
#Preview {
^~~~~~~~~~
@__swiftmacro_14Immich_Gallery0024SlideshowViewswift_ynAHffMX762_0_33_2C1E79635FFF774D24F079C96DAB34A1Ll7PreviewfMf_.swift:28:21: warning: initialization of immutable value 'mockAssets' was never used; consider replacing with assignment to '_' or removing it
                let mockAssets = [
                    ^
/Users/sander/dev/Immich-Gallery/Immich Gallery/Views/SlideshowView.swift:763:1: note: in expansion of macro 'Preview' here
#Preview {
^~~~~~~~~~
/Users/sander/dev/Immich-Gallery/Immich Gallery/Views/SlideshowView.swift:763:1: note: in expansion of macro 'Preview' here
#Preview {
^~~~~~~~~~

SwiftCompile normal x86_64 /Users/sander/dev/Immich-Gallery/Immich\ Gallery/Views/SearchView.swift (in target 'Immich Gallery' from project 'Immich Gallery')
    cd /Users/sander/dev/Immich-Gallery
    
@__swiftmacro_14Immich_Gallery0024SlideshowViewswift_ynAHffMX762_0_33_2C1E79635FFF774D24F079C96DAB34A1Ll7PreviewfMf_.swift:25:31: warning: immutable value 'assetService' was never used; consider replacing with '_' or removing it
                let (_, _, _, assetService, _, _, _, _) = MockServiceFactory.createMockServices()
                              ^
/Users/sander/dev/Immich-Gallery/Immich Gallery/Views/SlideshowView.swift:763:1: note: in expansion of macro 'Preview' here
#Preview {
^~~~~~~~~~
/Users/sander/dev/Immich-Gallery/Immich Gallery/Views/SlideshowView.swift:763:1: note: in expansion of macro 'Preview' here
#Preview {
^~~~~~~~~~
@__swiftmacro_14Immich_Gallery0024SlideshowViewswift_ynAHffMX762_0_33_2C1E79635FFF774D24F079C96DAB34A1Ll7PreviewfMf_.swift:28:21: warning: initialization of immutable value 'mockAssets' was never used; consider replacing with assignment to '_' or removing it
                let mockAssets = [
                    ^
/Users/sander/dev/Immich-Gallery/Immich Gallery/Views/SlideshowView.swift:763:1: note: in expansion of macro 'Preview' here
#Preview {
^~~~~~~~~~
/Users/sander/dev/Immich-Gallery/Immich Gallery/Views/SlideshowView.swift:763:1: note: in expansion of macro 'Preview' here
#Preview {
^~~~~~~~~~

SwiftCompile normal x86_64 /Users/sander/dev/Immich-Gallery/Immich\ Gallery/Views/SharedGradientBackground.swift (in target 'Immich Gallery' from project 'Immich Gallery')
    cd /Users/sander/dev/Immich-Gallery
    
@__swiftmacro_14Immich_Gallery0024SlideshowViewswift_ynAHffMX762_0_33_2C1E79635FFF774D24F079C96DAB34A1Ll7PreviewfMf_.swift:25:31: warning: immutable value 'assetService' was never used; consider replacing with '_' or removing it
                let (_, _, _, assetService, _, _, _, _) = MockServiceFactory.createMockServices()
                              ^
/Users/sander/dev/Immich-Gallery/Immich Gallery/Views/SlideshowView.swift:763:1: note: in expansion of macro 'Preview' here
#Preview {
^~~~~~~~~~
/Users/sander/dev/Immich-Gallery/Immich Gallery/Views/SlideshowView.swift:763:1: note: in expansion of macro 'Preview' here
#Preview {
^~~~~~~~~~
@__swiftmacro_14Immich_Gallery0024SlideshowViewswift_ynAHffMX762_0_33_2C1E79635FFF774D24F079C96DAB34A1Ll7PreviewfMf_.swift:28:21: warning: initialization of immutable value 'mockAssets' was never used; consider replacing with assignment to '_' or removing it
                let mockAssets = [
                    ^
/Users/sander/dev/Immich-Gallery/Immich Gallery/Views/SlideshowView.swift:763:1: note: in expansion of macro 'Preview' here
#Preview {
^~~~~~~~~~
/Users/sander/dev/Immich-Gallery/Immich Gallery/Views/SlideshowView.swift:763:1: note: in expansion of macro 'Preview' here
#Preview {
^~~~~~~~~~

SwiftCompile normal x86_64 /Users/sander/dev/Immich-Gallery/Immich\ Gallery/Views/SignInView.swift (in target 'Immich Gallery' from project 'Immich Gallery')
    cd /Users/sander/dev/Immich-Gallery
    
/Users/sander/dev/Immich-Gallery/Immich Gallery/Views/SignInView.swift:199:25: warning: immutable value 'token' was never used; consider removing it
                    let token: String
                        ^
@__swiftmacro_14Immich_Gallery0024SlideshowViewswift_ynAHffMX762_0_33_2C1E79635FFF774D24F079C96DAB34A1Ll7PreviewfMf_.swift:25:31: warning: immutable value 'assetService' was never used; consider replacing with '_' or removing it
                let (_, _, _, assetService, _, _, _, _) = MockServiceFactory.createMockServices()
                              ^
/Users/sander/dev/Immich-Gallery/Immich Gallery/Views/SlideshowView.swift:763:1: note: in expansion of macro 'Preview' here
#Preview {
^~~~~~~~~~
/Users/sander/dev/Immich-Gallery/Immich Gallery/Views/SlideshowView.swift:763:1: note: in expansion of macro 'Preview' here
#Preview {
^~~~~~~~~~
@__swiftmacro_14Immich_Gallery0024SlideshowViewswift_ynAHffMX762_0_33_2C1E79635FFF774D24F079C96DAB34A1Ll7PreviewfMf_.swift:28:21: warning: initialization of immutable value 'mockAssets' was never used; consider replacing with assignment to '_' or removing it
                let mockAssets = [
                    ^
/Users/sander/dev/Immich-Gallery/Immich Gallery/Views/SlideshowView.swift:763:1: note: in expansion of macro 'Preview' here
#Preview {
^~~~~~~~~~
/Users/sander/dev/Immich-Gallery/Immich Gallery/Views/SlideshowView.swift:763:1: note: in expansion of macro 'Preview' here
#Preview {
^~~~~~~~~~

SwiftCompile normal x86_64 /Users/sander/dev/Immich-Gallery/Immich\ Gallery/Views/SimpleVideoPlayerView.swift (in target 'Immich Gallery' from project 'Immich Gallery')
    cd /Users/sander/dev/Immich-Gallery
    
@__swiftmacro_14Immich_Gallery0024SlideshowViewswift_ynAHffMX762_0_33_2C1E79635FFF774D24F079C96DAB34A1Ll7PreviewfMf_.swift:25:31: warning: immutable value 'assetService' was never used; consider replacing with '_' or removing it
                let (_, _, _, assetService, _, _, _, _) = MockServiceFactory.createMockServices()
                              ^
/Users/sander/dev/Immich-Gallery/Immich Gallery/Views/SlideshowView.swift:763:1: note: in expansion of macro 'Preview' here
#Preview {
^~~~~~~~~~
/Users/sander/dev/Immich-Gallery/Immich Gallery/Views/SlideshowView.swift:763:1: note: in expansion of macro 'Preview' here
#Preview {
^~~~~~~~~~
@__swiftmacro_14Immich_Gallery0024SlideshowViewswift_ynAHffMX762_0_33_2C1E79635FFF774D24F079C96DAB34A1Ll7PreviewfMf_.swift:28:21: warning: initialization of immutable value 'mockAssets' was never used; consider replacing with assignment to '_' or removing it
                let mockAssets = [
                    ^
/Users/sander/dev/Immich-Gallery/Immich Gallery/Views/SlideshowView.swift:763:1: note: in expansion of macro 'Preview' here
#Preview {
^~~~~~~~~~
/Users/sander/dev/Immich-Gallery/Immich Gallery/Views/SlideshowView.swift:763:1: note: in expansion of macro 'Preview' here
#Preview {
^~~~~~~~~~

SwiftCompile normal x86_64 /Users/sander/dev/Immich-Gallery/Immich\ Gallery/Views/SlideshowView.swift (in target 'Immich Gallery' from project 'Immich Gallery')
    cd /Users/sander/dev/Immich-Gallery
    
@__swiftmacro_14Immich_Gallery0024SlideshowViewswift_ynAHffMX762_0_33_2C1E79635FFF774D24F079C96DAB34A1Ll7PreviewfMf_.swift:25:31: warning: immutable value 'assetService' was never used; consider replacing with '_' or removing it
                let (_, _, _, assetService, _, _, _, _) = MockServiceFactory.createMockServices()
                              ^
/Users/sander/dev/Immich-Gallery/Immich Gallery/Views/SlideshowView.swift:763:1: note: in expansion of macro 'Preview' here
#Preview {
^~~~~~~~~~
/Users/sander/dev/Immich-Gallery/Immich Gallery/Views/SlideshowView.swift:763:1: note: in expansion of macro 'Preview' here
#Preview {
^~~~~~~~~~
@__swiftmacro_14Immich_Gallery0024SlideshowViewswift_ynAHffMX762_0_33_2C1E79635FFF774D24F079C96DAB34A1Ll7PreviewfMf_.swift:28:21: warning: initialization of immutable value 'mockAssets' was never used; consider replacing with assignment to '_' or removing it
                let mockAssets = [
                    ^
/Users/sander/dev/Immich-Gallery/Immich Gallery/Views/SlideshowView.swift:763:1: note: in expansion of macro 'Preview' here
#Preview {
^~~~~~~~~~
/Users/sander/dev/Immich-Gallery/Immich Gallery/Views/SlideshowView.swift:763:1: note: in expansion of macro 'Preview' here
#Preview {
^~~~~~~~~~

SwiftCompile normal x86_64 /Users/sander/dev/Immich-Gallery/Immich\ Gallery/Views/SplashScreenView.swift (in target 'Immich Gallery' from project 'Immich Gallery')
    cd /Users/sander/dev/Immich-Gallery
    
@__swiftmacro_14Immich_Gallery0024SlideshowViewswift_ynAHffMX762_0_33_2C1E79635FFF774D24F079C96DAB34A1Ll7PreviewfMf_.swift:25:31: warning: immutable value 'assetService' was never used; consider replacing with '_' or removing it
                let (_, _, _, assetService, _, _, _, _) = MockServiceFactory.createMockServices()
                              ^
/Users/sander/dev/Immich-Gallery/Immich Gallery/Views/SlideshowView.swift:763:1: note: in expansion of macro 'Preview' here
#Preview {
^~~~~~~~~~
/Users/sander/dev/Immich-Gallery/Immich Gallery/Views/SlideshowView.swift:763:1: note: in expansion of macro 'Preview' here
#Preview {
^~~~~~~~~~
@__swiftmacro_14Immich_Gallery0024SlideshowViewswift_ynAHffMX762_0_33_2C1E79635FFF774D24F079C96DAB34A1Ll7PreviewfMf_.swift:28:21: warning: initialization of immutable value 'mockAssets' was never used; consider replacing with assignment to '_' or removing it
                let mockAssets = [
                    ^
/Users/sander/dev/Immich-Gallery/Immich Gallery/Views/SlideshowView.swift:763:1: note: in expansion of macro 'Preview' here
#Preview {
^~~~~~~~~~
/Users/sander/dev/Immich-Gallery/Immich Gallery/Views/SlideshowView.swift:763:1: note: in expansion of macro 'Preview' here
#Preview {
^~~~~~~~~~

SwiftCompile normal x86_64 /Users/sander/dev/Immich-Gallery/Immich\ Gallery/Views/StatsView.swift (in target 'Immich Gallery' from project 'Immich Gallery')
    cd /Users/sander/dev/Immich-Gallery
    
@__swiftmacro_14Immich_Gallery0024SlideshowViewswift_ynAHffMX762_0_33_2C1E79635FFF774D24F079C96DAB34A1Ll7PreviewfMf_.swift:25:31: warning: immutable value 'assetService' was never used; consider replacing with '_' or removing it
                let (_, _, _, assetService, _, _, _, _) = MockServiceFactory.createMockServices()
                              ^
/Users/sander/dev/Immich-Gallery/Immich Gallery/Views/SlideshowView.swift:763:1: note: in expansion of macro 'Preview' here
#Preview {
^~~~~~~~~~
/Users/sander/dev/Immich-Gallery/Immich Gallery/Views/SlideshowView.swift:763:1: note: in expansion of macro 'Preview' here
#Preview {
^~~~~~~~~~
@__swiftmacro_14Immich_Gallery0024SlideshowViewswift_ynAHffMX762_0_33_2C1E79635FFF774D24F079C96DAB34A1Ll7PreviewfMf_.swift:28:21: warning: initialization of immutable value 'mockAssets' was never used; consider replacing with assignment to '_' or removing it
                let mockAssets = [
                    ^
/Users/sander/dev/Immich-Gallery/Immich Gallery/Views/SlideshowView.swift:763:1: note: in expansion of macro 'Preview' here
#Preview {
^~~~~~~~~~
/Users/sander/dev/Immich-Gallery/Immich Gallery/Views/SlideshowView.swift:763:1: note: in expansion of macro 'Preview' here
#Preview {
^~~~~~~~~~

SwiftCompile normal x86_64 /Users/sander/dev/Immich-Gallery/Immich\ Gallery/Views/SwipeGestureView.swift (in target 'Immich Gallery' from project 'Immich Gallery')
    cd /Users/sander/dev/Immich-Gallery
    
@__swiftmacro_14Immich_Gallery0024SlideshowViewswift_ynAHffMX762_0_33_2C1E79635FFF774D24F079C96DAB34A1Ll7PreviewfMf_.swift:25:31: warning: immutable value 'assetService' was never used; consider replacing with '_' or removing it
                let (_, _, _, assetService, _, _, _, _) = MockServiceFactory.createMockServices()
                              ^
/Users/sander/dev/Immich-Gallery/Immich Gallery/Views/SlideshowView.swift:763:1: note: in expansion of macro 'Preview' here
#Preview {
^~~~~~~~~~
/Users/sander/dev/Immich-Gallery/Immich Gallery/Views/SlideshowView.swift:763:1: note: in expansion of macro 'Preview' here
#Preview {
^~~~~~~~~~
@__swiftmacro_14Immich_Gallery0024SlideshowViewswift_ynAHffMX762_0_33_2C1E79635FFF774D24F079C96DAB34A1Ll7PreviewfMf_.swift:28:21: warning: initialization of immutable value 'mockAssets' was never used; consider replacing with assignment to '_' or removing it
                let mockAssets = [
                    ^
/Users/sander/dev/Immich-Gallery/Immich Gallery/Views/SlideshowView.swift:763:1: note: in expansion of macro 'Preview' here
#Preview {
^~~~~~~~~~
/Users/sander/dev/Immich-Gallery/Immich Gallery/Views/SlideshowView.swift:763:1: note: in expansion of macro 'Preview' here
#Preview {
^~~~~~~~~~

SwiftCompile normal x86_64 Compiling\ PauseShelfView.swift,\ SlideImageView.swift,\ SlideVideoView.swift,\ ViewHelpers.swift,\ AutoSlideshowTimeoutPicker.swift,\ Sections.swift,\ SettingsView.swift,\ SlideShowSettings.swift,\ UserDefaults.swift /Users/sander/dev/Immich-Gallery/Immich\ Gallery/Views/OmniSlide/Views/PauseShelfView.swift /Users/sander/dev/Immich-Gallery/Immich\ Gallery/Views/OmniSlide/Views/SlideImageView.swift /Users/sander/dev/Immich-Gallery/Immich\ Gallery/Views/OmniSlide/Views/SlideVideoView.swift /Users/sander/dev/Immich-Gallery/Immich\ Gallery/Views/OmniSlide/Views/ViewHelpers.swift /Users/sander/dev/Immich-Gallery/Immich\ Gallery/Views/Settings/AutoSlideshowTimeoutPicker.swift /Users/sander/dev/Immich-Gallery/Immich\ Gallery/Views/Settings/Sections.swift /Users/sander/dev/Immich-Gallery/Immich\ Gallery/Views/Settings/SettingsView.swift /Users/sander/dev/Immich-Gallery/Immich\ Gallery/Views/Settings/SlideShowSettings.swift /Users/sander/dev/Immich-Gallery/Immich\ Gallery/Views/Settings/UserDefaults.swift (in target 'Immich Gallery' from project 'Immich Gallery')

SwiftCompile normal x86_64 /Users/sander/dev/Immich-Gallery/Immich\ Gallery/Views/OmniSlide/Views/PauseShelfView.swift (in target 'Immich Gallery' from project 'Immich Gallery')
    cd /Users/sander/dev/Immich-Gallery
    

SwiftCompile normal x86_64 /Users/sander/dev/Immich-Gallery/Immich\ Gallery/Views/OmniSlide/Views/SlideImageView.swift (in target 'Immich Gallery' from project 'Immich Gallery')
    cd /Users/sander/dev/Immich-Gallery
    

SwiftCompile normal x86_64 /Users/sander/dev/Immich-Gallery/Immich\ Gallery/Views/OmniSlide/Views/SlideVideoView.swift (in target 'Immich Gallery' from project 'Immich Gallery')
    cd /Users/sander/dev/Immich-Gallery
    

SwiftCompile normal x86_64 /Users/sander/dev/Immich-Gallery/Immich\ Gallery/Views/OmniSlide/Views/ViewHelpers.swift (in target 'Immich Gallery' from project 'Immich Gallery')
    cd /Users/sander/dev/Immich-Gallery
    

SwiftCompile normal x86_64 /Users/sander/dev/Immich-Gallery/Immich\ Gallery/Views/Settings/AutoSlideshowTimeoutPicker.swift (in target 'Immich Gallery' from project 'Immich Gallery')
    cd /Users/sander/dev/Immich-Gallery
    

SwiftCompile normal x86_64 /Users/sander/dev/Immich-Gallery/Immich\ Gallery/Views/Settings/Sections.swift (in target 'Immich Gallery' from project 'Immich Gallery')
    cd /Users/sander/dev/Immich-Gallery
    

SwiftCompile normal x86_64 /Users/sander/dev/Immich-Gallery/Immich\ Gallery/Views/Settings/SettingsView.swift (in target 'Immich Gallery' from project 'Immich Gallery')
    cd /Users/sander/dev/Immich-Gallery
    

SwiftCompile normal x86_64 /Users/sander/dev/Immich-Gallery/Immich\ Gallery/Views/Settings/SlideShowSettings.swift (in target 'Immich Gallery' from project 'Immich Gallery')
    cd /Users/sander/dev/Immich-Gallery
    
/Users/sander/dev/Immich-Gallery/Immich Gallery/Views/Settings/SlideShowSettings.swift:282:5: warning: '@State' used inline will not work unless tagged with '@Previewable' (from macro 'Preview')
    @State var slideshowInterval: Double = 8.0
    ^
/Users/sander/dev/Immich-Gallery/Immich Gallery/Views/Settings/SlideShowSettings.swift:282:5: note: Add '@Previewable'
    @State var slideshowInterval: Double = 8.0
    ^~~~~~
    @Previewable @State
/Users/sander/dev/Immich-Gallery/Immich Gallery/Views/Settings/SlideShowSettings.swift:283:5: warning: '@State' used inline will not work unless tagged with '@Previewable' (from macro 'Preview')
    @State var slideshowBackgroundColor = "white"
    ^
/Users/sander/dev/Immich-Gallery/Immich Gallery/Views/Settings/SlideShowSettings.swift:283:5: note: Add '@Previewable'
    @State var slideshowBackgroundColor = "white"
    ^~~~~~
    @Previewable @State
/Users/sander/dev/Immich-Gallery/Immich Gallery/Views/Settings/SlideShowSettings.swift:284:5: warning: '@State' used inline will not work unless tagged with '@Previewable' (from macro 'Preview')
    @State var use24HourClock = true
    ^
/Users/sander/dev/Immich-Gallery/Immich Gallery/Views/Settings/SlideShowSettings.swift:284:5: note: Add '@Previewable'
    @State var use24HourClock = true
    ^~~~~~
    @Previewable @State
/Users/sander/dev/Immich-Gallery/Immich Gallery/Views/Settings/SlideShowSettings.swift:285:5: warning: '@State' used inline will not work unless tagged with '@Previewable' (from macro 'Preview')
    @State var hideOverlay = true
    ^
/Users/sander/dev/Immich-Gallery/Immich Gallery/Views/Settings/SlideShowSettings.swift:285:5: note: Add '@Previewable'
    @State var hideOverlay = true
    ^~~~~~
    @Previewable @State
/Users/sander/dev/Immich-Gallery/Immich Gallery/Views/Settings/SlideShowSettings.swift:286:5: warning: '@State' used inline will not work unless tagged with '@Previewable' (from macro 'Preview')
    @State var enableReflections = true
    ^
/Users/sander/dev/Immich-Gallery/Immich Gallery/Views/Settings/SlideShowSettings.swift:286:5: note: Add '@Previewable'
    @State var enableReflections = true
    ^~~~~~
    @Previewable @State
/Users/sander/dev/Immich-Gallery/Immich Gallery/Views/Settings/SlideShowSettings.swift:287:5: warning: '@State' used inline will not work unless tagged with '@Previewable' (from macro 'Preview')
    @State var enableKenBurns = false
    ^
/Users/sander/dev/Immich-Gallery/Immich Gallery/Views/Settings/SlideShowSettings.swift:287:5: note: Add '@Previewable'
    @State var enableKenBurns = false
    ^~~~~~
    @Previewable @State
/Users/sander/dev/Immich-Gallery/Immich Gallery/Views/Settings/SlideShowSettings.swift:288:5: warning: '@State' used inline will not work unless tagged with '@Previewable' (from macro 'Preview')
    @State var enableMemoriesSlideshow = false
    ^
/Users/sander/dev/Immich-Gallery/Immich Gallery/Views/Settings/SlideShowSettings.swift:288:5: note: Add '@Previewable'
    @State var enableMemoriesSlideshow = false
    ^~~~~~
    @Previewable @State
/Users/sander/dev/Immich-Gallery/Immich Gallery/Views/Settings/SlideShowSettings.swift:289:5: warning: '@State' used inline will not work unless tagged with '@Previewable' (from macro 'Preview')
    @State var enableShuffle = false
    ^
/Users/sander/dev/Immich-Gallery/Immich Gallery/Views/Settings/SlideShowSettings.swift:289:5: note: Add '@Previewable'
    @State var enableShuffle = false
    ^~~~~~
    @Previewable @State
/Users/sander/dev/Immich-Gallery/Immich Gallery/Views/Settings/SlideShowSettings.swift:290:5: warning: '@State' used inline will not work unless tagged with '@Previewable' (from macro 'Preview')
    @State var slideshowTransition = "fade"
    ^
/Users/sander/dev/Immich-Gallery/Immich Gallery/Views/Settings/SlideShowSettings.swift:290:5: note: Add '@Previewable'
    @State var slideshowTransition = "fade"
    ^~~~~~
    @Previewable @State
/Users/sander/dev/Immich-Gallery/Immich Gallery/Views/Settings/SlideShowSettings.swift:291:5: warning: '@State' used inline will not work unless tagged with '@Previewable' (from macro 'Preview')
    @State var autoSlideshowTimeout = 5
    ^
/Users/sander/dev/Immich-Gallery/Immich Gallery/Views/Settings/SlideShowSettings.swift:291:5: note: Add '@Previewable'
    @State var autoSlideshowTimeout = 5
    ^~~~~~
    @Previewable @State

SwiftCompile normal x86_64 /Users/sander/dev/Immich-Gallery/Immich\ Gallery/Views/Settings/UserDefaults.swift (in target 'Immich Gallery' from project 'Immich Gallery')
    cd /Users/sander/dev/Immich-Gallery
    

SwiftCompile normal x86_64 Compiling\ Badge.swift,\ AlbumListView.swift,\ AssetGridView.swift,\ AssetThumbnailView.swift,\ ExifInfoOverlay.swift,\ ExploreDetailView.swift,\ ExploreView.swift,\ FoldersView.swift,\ FullScreenImageView.swift /Users/sander/dev/Immich-Gallery/Immich\ Gallery/Views/shared/Badge.swift /Users/sander/dev/Immich-Gallery/Immich\ Gallery/Views/AlbumListView.swift /Users/sander/dev/Immich-Gallery/Immich\ Gallery/Views/AssetGridView.swift /Users/sander/dev/Immich-Gallery/Immich\ Gallery/Views/AssetThumbnailView.swift /Users/sander/dev/Immich-Gallery/Immich\ Gallery/Views/ExifInfoOverlay.swift /Users/sander/dev/Immich-Gallery/Immich\ Gallery/Views/ExploreDetailView.swift /Users/sander/dev/Immich-Gallery/Immich\ Gallery/Views/ExploreView.swift /Users/sander/dev/Immich-Gallery/Immich\ Gallery/Views/FoldersView.swift /Users/sander/dev/Immich-Gallery/Immich\ Gallery/Views/FullScreenImageView.swift (in target 'Immich Gallery' from project 'Immich Gallery')
SwiftCompile normal x86_64 /Users/sander/dev/Immich-Gallery/Immich\ Gallery/Views/shared/Badge.swift (in target 'Immich Gallery' from project 'Immich Gallery')
    cd /Users/sander/dev/Immich-Gallery
    
@__swiftmacro_14Immich_Gallery0024AlbumListViewswift_ynAHffMX235_0_33_8E4C8C3C900D7E754AFE1CDF382D01DBLl7PreviewfMf_.swift:19:79: warning: immutable value 'peopleService' was never used; consider replacing with '_' or removing it
                let (_, userManager, authService, assetService, albumService, peopleService, _, _) =
                                                                              ^
/Users/sander/dev/Immich-Gallery/Immich Gallery/Views/AlbumListView.swift:236:1: note: in expansion of macro 'Preview' here
#Preview {
^~~~~~~~~~
/Users/sander/dev/Immich-Gallery/Immich Gallery/Views/AlbumListView.swift:236:1: note: in expansion of macro 'Preview' here
#Preview {
^~~~~~~~~~

SwiftCompile normal x86_64 /Users/sander/dev/Immich-Gallery/Immich\ Gallery/Views/AlbumListView.swift (in target 'Immich Gallery' from project 'Immich Gallery')
    cd /Users/sander/dev/Immich-Gallery
    
/Users/sander/dev/Immich-Gallery/Immich Gallery/Views/Settings/SlideShowSettings.swift:282:5: warning: '@State' used inline will not work unless tagged with '@Previewable' (from macro 'Preview')
    @State var slideshowInterval: Double = 8.0
    ^
/Users/sander/dev/Immich-Gallery/Immich Gallery/Views/Settings/SlideShowSettings.swift:282:5: note: Add '@Previewable'
    @State var slideshowInterval: Double = 8.0
    ^~~~~~
    @Previewable @State
/Users/sander/dev/Immich-Gallery/Immich Gallery/Views/Settings/SlideShowSettings.swift:283:5: warning: '@State' used inline will not work unless tagged with '@Previewable' (from macro 'Preview')
    @State var slideshowBackgroundColor = "white"
    ^
/Users/sander/dev/Immich-Gallery/Immich Gallery/Views/Settings/SlideShowSettings.swift:283:5: note: Add '@Previewable'
    @State var slideshowBackgroundColor = "white"
    ^~~~~~
    @Previewable @State
/Users/sander/dev/Immich-Gallery/Immich Gallery/Views/Settings/SlideShowSettings.swift:284:5: warning: '@State' used inline will not work unless tagged with '@Previewable' (from macro 'Preview')
    @State var use24HourClock = true
    ^
/Users/sander/dev/Immich-Gallery/Immich Gallery/Views/Settings/SlideShowSettings.swift:284:5: note: Add '@Previewable'
    @State var use24HourClock = true
    ^~~~~~
    @Previewable @State
/Users/sander/dev/Immich-Gallery/Immich Gallery/Views/Settings/SlideShowSettings.swift:285:5: warning: '@State' used inline will not work unless tagged with '@Previewable' (from macro 'Preview')
    @State var hideOverlay = true
    ^
/Users/sander/dev/Immich-Gallery/Immich Gallery/Views/Settings/SlideShowSettings.swift:285:5: note: Add '@Previewable'
    @State var hideOverlay = true
    ^~~~~~
    @Previewable @State
/Users/sander/dev/Immich-Gallery/Immich Gallery/Views/Settings/SlideShowSettings.swift:286:5: warning: '@State' used inline will not work unless tagged with '@Previewable' (from macro 'Preview')
    @State var enableReflections = true
    ^
/Users/sander/dev/Immich-Gallery/Immich Gallery/Views/Settings/SlideShowSettings.swift:286:5: note: Add '@Previewable'
    @State var enableReflections = true
    ^~~~~~
    @Previewable @State
/Users/sander/dev/Immich-Gallery/Immich Gallery/Views/Settings/SlideShowSettings.swift:287:5: warning: '@State' used inline will not work unless tagged with '@Previewable' (from macro 'Preview')
    @State var enableKenBurns = false
    ^
/Users/sander/dev/Immich-Gallery/Immich Gallery/Views/Settings/SlideShowSettings.swift:287:5: note: Add '@Previewable'
    @State var enableKenBurns = false
    ^~~~~~
    @Previewable @State
/Users/sander/dev/Immich-Gallery/Immich Gallery/Views/Settings/SlideShowSettings.swift:288:5: warning: '@State' used inline will not work unless tagged with '@Previewable' (from macro 'Preview')
    @State var enableMemoriesSlideshow = false
    ^
/Users/sander/dev/Immich-Gallery/Immich Gallery/Views/Settings/SlideShowSettings.swift:288:5: note: Add '@Previewable'
    @State var enableMemoriesSlideshow = false
    ^~~~~~
    @Previewable @State
/Users/sander/dev/Immich-Gallery/Immich Gallery/Views/Settings/SlideShowSettings.swift:289:5: warning: '@State' used inline will not work unless tagged with '@Previewable' (from macro 'Preview')
    @State var enableShuffle = false
    ^
/Users/sander/dev/Immich-Gallery/Immich Gallery/Views/Settings/SlideShowSettings.swift:289:5: note: Add '@Previewable'
    @State var enableShuffle = false
    ^~~~~~
    @Previewable @State
/Users/sander/dev/Immich-Gallery/Immich Gallery/Views/Settings/SlideShowSettings.swift:290:5: warning: '@State' used inline will not work unless tagged with '@Previewable' (from macro 'Preview')
    @State var slideshowTransition = "fade"
    ^
/Users/sander/dev/Immich-Gallery/Immich Gallery/Views/Settings/SlideShowSettings.swift:290:5: note: Add '@Previewable'
    @State var slideshowTransition = "fade"
    ^~~~~~
    @Previewable @State
/Users/sander/dev/Immich-Gallery/Immich Gallery/Views/Settings/SlideShowSettings.swift:291:5: warning: '@State' used inline will not work unless tagged with '@Previewable' (from macro 'Preview')
    @State var autoSlideshowTimeout = 5
    ^
/Users/sander/dev/Immich-Gallery/Immich Gallery/Views/Settings/SlideShowSettings.swift:291:5: note: Add '@Previewable'
    @State var autoSlideshowTimeout = 5
    ^~~~~~
    @Previewable @State
@__swiftmacro_14Immich_Gallery0024AlbumListViewswift_ynAHffMX235_0_33_8E4C8C3C900D7E754AFE1CDF382D01DBLl7PreviewfMf_.swift:19:79: warning: immutable value 'peopleService' was never used; consider replacing with '_' or removing it
                let (_, userManager, authService, assetService, albumService, peopleService, _, _) =
                                                                              ^
/Users/sander/dev/Immich-Gallery/Immich Gallery/Views/AlbumListView.swift:236:1: note: in expansion of macro 'Preview' here
#Preview {
^~~~~~~~~~
/Users/sander/dev/Immich-Gallery/Immich Gallery/Views/AlbumListView.swift:236:1: note: in expansion of macro 'Preview' here
#Preview {
^~~~~~~~~~

SwiftCompile normal x86_64 /Users/sander/dev/Immich-Gallery/Immich\ Gallery/Views/AssetGridView.swift (in target 'Immich Gallery' from project 'Immich Gallery')
    cd /Users/sander/dev/Immich-Gallery
    
@__swiftmacro_14Immich_Gallery0024AlbumListViewswift_ynAHffMX235_0_33_8E4C8C3C900D7E754AFE1CDF382D01DBLl7PreviewfMf_.swift:19:79: warning: immutable value 'peopleService' was never used; consider replacing with '_' or removing it
                let (_, userManager, authService, assetService, albumService, peopleService, _, _) =
                                                                              ^
/Users/sander/dev/Immich-Gallery/Immich Gallery/Views/AlbumListView.swift:236:1: note: in expansion of macro 'Preview' here
#Preview {
^~~~~~~~~~
/Users/sander/dev/Immich-Gallery/Immich Gallery/Views/AlbumListView.swift:236:1: note: in expansion of macro 'Preview' here
#Preview {
^~~~~~~~~~
/Users/sander/dev/Immich-Gallery/Immich Gallery/Views/AssetGridView.swift:143:26: warning: 'onChange(of:perform:)' was deprecated in tvOS 17.0: Use `onChange` with a two or zero parameter action closure instead.
                        .onChange(of: focusedAssetId) { newFocusedId in
                         ^
/Users/sander/dev/Immich-Gallery/Immich Gallery/Views/AssetGridView.swift:170:26: warning: 'onChange(of:perform:)' was deprecated in tvOS 17.0: Use `onChange` with a two or zero parameter action closure instead.
                        .onChange(of: shouldScrollToAsset) { assetId in
                         ^
/Users/sander/dev/Immich-Gallery/Immich Gallery/Views/AssetGridView.swift:185:26: warning: 'onChange(of:perform:)' was deprecated in tvOS 17.0: Use `onChange` with a two or zero parameter action closure instead.
                        .onChange(of: deepLinkAssetId) { assetId in
                         ^

SwiftCompile normal x86_64 /Users/sander/dev/Immich-Gallery/Immich\ Gallery/Views/AssetThumbnailView.swift (in target 'Immich Gallery' from project 'Immich Gallery')
    cd /Users/sander/dev/Immich-Gallery
    
@__swiftmacro_14Immich_Gallery0024AlbumListViewswift_ynAHffMX235_0_33_8E4C8C3C900D7E754AFE1CDF382D01DBLl7PreviewfMf_.swift:19:79: warning: immutable value 'peopleService' was never used; consider replacing with '_' or removing it
                let (_, userManager, authService, assetService, albumService, peopleService, _, _) =
                                                                              ^
/Users/sander/dev/Immich-Gallery/Immich Gallery/Views/AlbumListView.swift:236:1: note: in expansion of macro 'Preview' here
#Preview {
^~~~~~~~~~
/Users/sander/dev/Immich-Gallery/Immich Gallery/Views/AlbumListView.swift:236:1: note: in expansion of macro 'Preview' here
#Preview {
^~~~~~~~~~

SwiftCompile normal x86_64 /Users/sander/dev/Immich-Gallery/Immich\ Gallery/Views/ExifInfoOverlay.swift (in target 'Immich Gallery' from project 'Immich Gallery')
    cd /Users/sander/dev/Immich-Gallery
    
@__swiftmacro_14Immich_Gallery0024AlbumListViewswift_ynAHffMX235_0_33_8E4C8C3C900D7E754AFE1CDF382D01DBLl7PreviewfMf_.swift:19:79: warning: immutable value 'peopleService' was never used; consider replacing with '_' or removing it
                let (_, userManager, authService, assetService, albumService, peopleService, _, _) =
                                                                              ^
/Users/sander/dev/Immich-Gallery/Immich Gallery/Views/AlbumListView.swift:236:1: note: in expansion of macro 'Preview' here
#Preview {
^~~~~~~~~~
/Users/sander/dev/Immich-Gallery/Immich Gallery/Views/AlbumListView.swift:236:1: note: in expansion of macro 'Preview' here
#Preview {
^~~~~~~~~~

SwiftCompile normal x86_64 /Users/sander/dev/Immich-Gallery/Immich\ Gallery/Views/ExploreDetailView.swift (in target 'Immich Gallery' from project 'Immich Gallery')
    cd /Users/sander/dev/Immich-Gallery
    
@__swiftmacro_14Immich_Gallery0024AlbumListViewswift_ynAHffMX235_0_33_8E4C8C3C900D7E754AFE1CDF382D01DBLl7PreviewfMf_.swift:19:79: warning: immutable value 'peopleService' was never used; consider replacing with '_' or removing it
                let (_, userManager, authService, assetService, albumService, peopleService, _, _) =
                                                                              ^
/Users/sander/dev/Immich-Gallery/Immich Gallery/Views/AlbumListView.swift:236:1: note: in expansion of macro 'Preview' here
#Preview {
^~~~~~~~~~
/Users/sander/dev/Immich-Gallery/Immich Gallery/Views/AlbumListView.swift:236:1: note: in expansion of macro 'Preview' here
#Preview {
^~~~~~~~~~

SwiftCompile normal x86_64 /Users/sander/dev/Immich-Gallery/Immich\ Gallery/Views/ExploreView.swift (in target 'Immich Gallery' from project 'Immich Gallery')
    cd /Users/sander/dev/Immich-Gallery
    
@__swiftmacro_14Immich_Gallery0024AlbumListViewswift_ynAHffMX235_0_33_8E4C8C3C900D7E754AFE1CDF382D01DBLl7PreviewfMf_.swift:19:79: warning: immutable value 'peopleService' was never used; consider replacing with '_' or removing it
                let (_, userManager, authService, assetService, albumService, peopleService, _, _) =
                                                                              ^
/Users/sander/dev/Immich-Gallery/Immich Gallery/Views/AlbumListView.swift:236:1: note: in expansion of macro 'Preview' here
#Preview {
^~~~~~~~~~
/Users/sander/dev/Immich-Gallery/Immich Gallery/Views/AlbumListView.swift:236:1: note: in expansion of macro 'Preview' here
#Preview {
^~~~~~~~~~
/Users/sander/dev/Immich-Gallery/Immich Gallery/Views/ExploreView.swift:796:35: warning: use of protocol 'GridDisplayable' as a type must be written 'any GridDisplayable'; this will be an error in a future Swift language mode
    func loadThumbnails(for item: GridDisplayable) async -> [UIImage] {
                                  ^~~~~~~~~~~~~~~
                                  any GridDisplayable

SwiftCompile normal x86_64 /Users/sander/dev/Immich-Gallery/Immich\ Gallery/Views/FoldersView.swift (in target 'Immich Gallery' from project 'Immich Gallery')
    cd /Users/sander/dev/Immich-Gallery
    
@__swiftmacro_14Immich_Gallery0024AlbumListViewswift_ynAHffMX235_0_33_8E4C8C3C900D7E754AFE1CDF382D01DBLl7PreviewfMf_.swift:19:79: warning: immutable value 'peopleService' was never used; consider replacing with '_' or removing it
                let (_, userManager, authService, assetService, albumService, peopleService, _, _) =
                                                                              ^
/Users/sander/dev/Immich-Gallery/Immich Gallery/Views/AlbumListView.swift:236:1: note: in expansion of macro 'Preview' here
#Preview {
^~~~~~~~~~
/Users/sander/dev/Immich-Gallery/Immich Gallery/Views/AlbumListView.swift:236:1: note: in expansion of macro 'Preview' here
#Preview {
^~~~~~~~~~

SwiftCompile normal x86_64 /Users/sander/dev/Immich-Gallery/Immich\ Gallery/Views/FullScreenImageView.swift (in target 'Immich Gallery' from project 'Immich Gallery')
    cd /Users/sander/dev/Immich-Gallery
    
@__swiftmacro_14Immich_Gallery0024AlbumListViewswift_ynAHffMX235_0_33_8E4C8C3C900D7E754AFE1CDF382D01DBLl7PreviewfMf_.swift:19:79: warning: immutable value 'peopleService' was never used; consider replacing with '_' or removing it
                let (_, userManager, authService, assetService, albumService, peopleService, _, _) =
                                                                              ^
/Users/sander/dev/Immich-Gallery/Immich Gallery/Views/AlbumListView.swift:236:1: note: in expansion of macro 'Preview' here
#Preview {
^~~~~~~~~~
/Users/sander/dev/Immich-Gallery/Immich Gallery/Views/AlbumListView.swift:236:1: note: in expansion of macro 'Preview' here
#Preview {
^~~~~~~~~~

SwiftCompile normal x86_64 Compiling\ VideoPrefetcher.swift,\ OverlaySplitTransition.swift,\ TransitionManager.swift,\ TransitionModifiers.swift,\ TransitionPairView.swift,\ TransitionType.swift,\ SlideshowViewModel.swift,\ AVPlayerLayerView.swift,\ OmniSlideshowView.swift /Users/sander/dev/Immich-Gallery/Immich\ Gallery/Views/OmniSlide/Services/VideoPrefetcher.swift /Users/sander/dev/Immich-Gallery/Immich\ Gallery/Views/OmniSlide/Transitions/OverlaySplitTransition.swift /Users/sander/dev/Immich-Gallery/Immich\ Gallery/Views/OmniSlide/Transitions/TransitionManager.swift /Users/sander/dev/Immich-Gallery/Immich\ Gallery/Views/OmniSlide/Transitions/TransitionModifiers.swift /Users/sander/dev/Immich-Gallery/Immich\ Gallery/Views/OmniSlide/Transitions/TransitionPairView.swift /Users/sander/dev/Immich-Gallery/Immich\ Gallery/Views/OmniSlide/Transitions/TransitionType.swift /Users/sander/dev/Immich-Gallery/Immich\ Gallery/Views/OmniSlide/ViewModels/SlideshowViewModel.swift /Users/sander/dev/Immich-Gallery/Immich\ Gallery/Views/OmniSlide/Views/AVPlayerLayerView.swift /Users/sander/dev/Immich-Gallery/Immich\ Gallery/Views/OmniSlide/Views/OmniSlideshowView.swift (in target 'Immich Gallery' from project 'Immich Gallery')

SwiftCompile normal x86_64 /Users/sander/dev/Immich-Gallery/Immich\ Gallery/Views/OmniSlide/Services/VideoPrefetcher.swift (in target 'Immich Gallery' from project 'Immich Gallery')
    cd /Users/sander/dev/Immich-Gallery
    

SwiftCompile normal x86_64 /Users/sander/dev/Immich-Gallery/Immich\ Gallery/Views/OmniSlide/Transitions/OverlaySplitTransition.swift (in target 'Immich Gallery' from project 'Immich Gallery')
    cd /Users/sander/dev/Immich-Gallery
    
/Users/sander/dev/Immich-Gallery/Immich Gallery/Views/OmniSlide/Transitions/OverlaySplitTransition.swift:89:10: warning: 'onChange(of:perform:)' was deprecated in tvOS 17.0: Use `onChange` with a two or zero parameter action closure instead.
        .onChange(of: trigger) { _ in
         ^

SwiftCompile normal x86_64 /Users/sander/dev/Immich-Gallery/Immich\ Gallery/Views/OmniSlide/Transitions/TransitionManager.swift (in target 'Immich Gallery' from project 'Immich Gallery')
    cd /Users/sander/dev/Immich-Gallery
    

SwiftCompile normal x86_64 /Users/sander/dev/Immich-Gallery/Immich\ Gallery/Views/OmniSlide/Transitions/TransitionModifiers.swift (in target 'Immich Gallery' from project 'Immich Gallery')
    cd /Users/sander/dev/Immich-Gallery
    

SwiftCompile normal x86_64 /Users/sander/dev/Immich-Gallery/Immich\ Gallery/Views/OmniSlide/Transitions/TransitionPairView.swift (in target 'Immich Gallery' from project 'Immich Gallery')
    cd /Users/sander/dev/Immich-Gallery
    
/Users/sander/dev/Immich-Gallery/Immich Gallery/Views/OmniSlide/Transitions/TransitionPairView.swift:71:10: warning: 'onChange(of:perform:)' was deprecated in tvOS 17.0: Use `onChange` with a two or zero parameter action closure instead.
        .onChange(of: trigger) { _ in
         ^

SwiftCompile normal x86_64 /Users/sander/dev/Immich-Gallery/Immich\ Gallery/Views/OmniSlide/Transitions/TransitionType.swift (in target 'Immich Gallery' from project 'Immich Gallery')
    cd /Users/sander/dev/Immich-Gallery
    

SwiftCompile normal x86_64 /Users/sander/dev/Immich-Gallery/Immich\ Gallery/Views/OmniSlide/ViewModels/SlideshowViewModel.swift (in target 'Immich Gallery' from project 'Immich Gallery')
    cd /Users/sander/dev/Immich-Gallery
    

SwiftCompile normal x86_64 /Users/sander/dev/Immich-Gallery/Immich\ Gallery/Views/OmniSlide/Views/AVPlayerLayerView.swift (in target 'Immich Gallery' from project 'Immich Gallery')
    cd /Users/sander/dev/Immich-Gallery
    

SwiftCompile normal x86_64 /Users/sander/dev/Immich-Gallery/Immich\ Gallery/Views/OmniSlide/Views/OmniSlideshowView.swift (in target 'Immich Gallery' from project 'Immich Gallery')
    cd /Users/sander/dev/Immich-Gallery
    

SwiftDriverJobDiscovery normal arm64 Compiling LockScreenStyleOverlay.swift, SharedGradientBackground.swift (in target 'Immich Gallery' from project 'Immich Gallery')

SwiftCompile normal x86_64 Compiling\ AssetProvider.swift,\ AssetService.swift,\ AuthenticationService.swift,\ ExploreService.swift,\ FolderService.swift,\ ImageColorExtractor.swift,\ MockImmichService.swift,\ NetworkService.swift,\ PeopleService.swift /Users/sander/dev/Immich-Gallery/Immich\ Gallery/Services/AssetProvider.swift /Users/sander/dev/Immich-Gallery/Immich\ Gallery/Services/AssetService.swift /Users/sander/dev/Immich-Gallery/Immich\ Gallery/Services/AuthenticationService.swift /Users/sander/dev/Immich-Gallery/Immich\ Gallery/Services/ExploreService.swift /Users/sander/dev/Immich-Gallery/Immich\ Gallery/Services/FolderService.swift /Users/sander/dev/Immich-Gallery/Immich\ Gallery/Services/ImageColorExtractor.swift /Users/sander/dev/Immich-Gallery/Immich\ Gallery/Services/MockImmichService.swift /Users/sander/dev/Immich-Gallery/Immich\ Gallery/Services/NetworkService.swift /Users/sander/dev/Immich-Gallery/Immich\ Gallery/Services/PeopleService.swift (in target 'Immich Gallery' from project 'Immich Gallery')

SwiftCompile normal x86_64 /Users/sander/dev/Immich-Gallery/Immich\ Gallery/Services/AssetProvider.swift (in target 'Immich Gallery' from project 'Immich Gallery')
    cd /Users/sander/dev/Immich-Gallery
    

SwiftCompile normal x86_64 /Users/sander/dev/Immich-Gallery/Immich\ Gallery/Services/AssetService.swift (in target 'Immich Gallery' from project 'Immich Gallery')
    cd /Users/sander/dev/Immich-Gallery
    

SwiftCompile normal x86_64 /Users/sander/dev/Immich-Gallery/Immich\ Gallery/Services/AuthenticationService.swift (in target 'Immich Gallery' from project 'Immich Gallery')
    cd /Users/sander/dev/Immich-Gallery
    
/Users/sander/dev/Immich-Gallery/Immich Gallery/Services/AuthenticationService.swift:59:21: warning: initialization of immutable value 'token' was never used; consider replacing with assignment to '_' or removing it
                let token = try await userManager.authenticateWithCredentials(
                ~~~~^~~~~
                _
/Users/sander/dev/Immich-Gallery/Immich Gallery/Services/AuthenticationService.swift:107:21: warning: initialization of immutable value 'token' was never used; consider replacing with assignment to '_' or removing it
                let token = try await userManager.authenticateWithApiKey(
                ~~~~^~~~~
                _
/Users/sander/dev/Immich-Gallery/Immich Gallery/Services/AuthenticationService.swift:200:13: warning: initialization of immutable value 'token' was never used; consider replacing with assignment to '_' or removing it
        let token = try await userManager.switchToUser(user)
        ~~~~^~~~~
        _
/Users/sander/dev/Immich-Gallery/Immich Gallery/Services/AuthenticationService.swift:259:13: warning: capture of 'self' with non-Sendable type 'AuthenticationService' in a '@Sendable' closure
            self.currentUser = owner
            ^
/Users/sander/dev/Immich-Gallery/Immich Gallery/Services/AuthenticationService.swift:11:7: note: class 'AuthenticationService' does not conform to the 'Sendable' protocol
class AuthenticationService: ObservableObject {
      ^
/Users/sander/dev/Immich-Gallery/Immich Gallery/Services/AuthenticationService.swift:279:25: warning: capture of 'self' with non-Sendable type 'AuthenticationService' in a '@Sendable' closure
                        self.signOut()
                        ^
/Users/sander/dev/Immich-Gallery/Immich Gallery/Services/AuthenticationService.swift:11:7: note: class 'AuthenticationService' does not conform to the 'Sendable' protocol
class AuthenticationService: ObservableObject {
      ^

SwiftCompile normal x86_64 /Users/sander/dev/Immich-Gallery/Immich\ Gallery/Services/ExploreService.swift (in target 'Immich Gallery' from project 'Immich Gallery')
    cd /Users/sander/dev/Immich-Gallery
    

SwiftCompile normal x86_64 /Users/sander/dev/Immich-Gallery/Immich\ Gallery/Services/FolderService.swift (in target 'Immich Gallery' from project 'Immich Gallery')
    cd /Users/sander/dev/Immich-Gallery
    

SwiftCompile normal x86_64 /Users/sander/dev/Immich-Gallery/Immich\ Gallery/Services/ImageColorExtractor.swift (in target 'Immich Gallery' from project 'Immich Gallery')
    cd /Users/sander/dev/Immich-Gallery
    

SwiftCompile normal x86_64 /Users/sander/dev/Immich-Gallery/Immich\ Gallery/Services/MockImmichService.swift (in target 'Immich Gallery' from project 'Immich Gallery')
    cd /Users/sander/dev/Immich-Gallery
    

SwiftCompile normal x86_64 /Users/sander/dev/Immich-Gallery/Immich\ Gallery/Services/NetworkService.swift (in target 'Immich Gallery' from project 'Immich Gallery')
    cd /Users/sander/dev/Immich-Gallery
    

SwiftCompile normal x86_64 /Users/sander/dev/Immich-Gallery/Immich\ Gallery/Services/PeopleService.swift (in target 'Immich Gallery' from project 'Immich Gallery')
    cd /Users/sander/dev/Immich-Gallery
    

SwiftDriverJobDiscovery normal arm64 Compiling SettingsView.swift, SlideShowSettings.swift (in target 'Immich Gallery' from project 'Immich Gallery')

SwiftCompile normal x86_64 Compiling\ StorageMigration.swift,\ UserDefaultsStorage.swift,\ AdaptiveBackgroundView.swift,\ ArtModeOverlay.swift,\ ProfileImageView.swift,\ SlideItem.swift,\ CacheManager.swift,\ ImageCache.swift,\ ImageLoader.swift /Users/sander/dev/Immich-Gallery/Immich\ Gallery/Storage/StorageMigration.swift /Users/sander/dev/Immich-Gallery/Immich\ Gallery/Storage/UserDefaultsStorage.swift /Users/sander/dev/Immich-Gallery/Immich\ Gallery/Views/Components/AdaptiveBackgroundView.swift /Users/sander/dev/Immich-Gallery/Immich\ Gallery/Views/Components/ArtModeOverlay.swift /Users/sander/dev/Immich-Gallery/Immich\ Gallery/Views/Components/ProfileImageView.swift /Users/sander/dev/Immich-Gallery/Immich\ Gallery/Views/OmniSlide/Models/SlideItem.swift /Users/sander/dev/Immich-Gallery/Immich\ Gallery/Views/OmniSlide/Services/CacheManager.swift /Users/sander/dev/Immich-Gallery/Immich\ Gallery/Views/OmniSlide/Services/ImageCache.swift /Users/sander/dev/Immich-Gallery/Immich\ Gallery/Views/OmniSlide/Services/ImageLoader.swift (in target 'Immich Gallery' from project 'Immich Gallery')

SwiftCompile normal x86_64 /Users/sander/dev/Immich-Gallery/Immich\ Gallery/Storage/StorageMigration.swift (in target 'Immich Gallery' from project 'Immich Gallery')
    cd /Users/sander/dev/Immich-Gallery
    
/Users/sander/dev/Immich-Gallery/Immich Gallery/Storage/StorageMigration.swift:42:52: warning: 'getToken(forUserId:)' is deprecated: Token storage moved to Keychain. This method is only for migration.
                if let token = userDefaultsStorage.getToken(forUserId: user.id) {
                                                   ^

SwiftCompile normal x86_64 /Users/sander/dev/Immich-Gallery/Immich\ Gallery/Storage/UserDefaultsStorage.swift (in target 'Immich Gallery' from project 'Immich Gallery')
    cd /Users/sander/dev/Immich-Gallery
    

SwiftCompile normal x86_64 /Users/sander/dev/Immich-Gallery/Immich\ Gallery/Views/Components/AdaptiveBackgroundView.swift (in target 'Immich Gallery' from project 'Immich Gallery')
    cd /Users/sander/dev/Immich-Gallery
    
/Users/sander/dev/Immich-Gallery/Immich Gallery/Views/Settings/SlideShowSettings.swift:282:5: warning: '@State' used inline will not work unless tagged with '@Previewable' (from macro 'Preview')
    @State var slideshowInterval: Double = 8.0
    ^
/Users/sander/dev/Immich-Gallery/Immich Gallery/Views/Settings/SlideShowSettings.swift:282:5: note: Add '@Previewable'
    @State var slideshowInterval: Double = 8.0
    ^~~~~~
    @Previewable @State
/Users/sander/dev/Immich-Gallery/Immich Gallery/Views/Settings/SlideShowSettings.swift:283:5: warning: '@State' used inline will not work unless tagged with '@Previewable' (from macro 'Preview')
    @State var slideshowBackgroundColor = "white"
    ^
/Users/sander/dev/Immich-Gallery/Immich Gallery/Views/Settings/SlideShowSettings.swift:283:5: note: Add '@Previewable'
    @State var slideshowBackgroundColor = "white"
    ^~~~~~
    @Previewable @State
/Users/sander/dev/Immich-Gallery/Immich Gallery/Views/Settings/SlideShowSettings.swift:284:5: warning: '@State' used inline will not work unless tagged with '@Previewable' (from macro 'Preview')
    @State var use24HourClock = true
    ^
/Users/sander/dev/Immich-Gallery/Immich Gallery/Views/Settings/SlideShowSettings.swift:284:5: note: Add '@Previewable'
    @State var use24HourClock = true
    ^~~~~~
    @Previewable @State
/Users/sander/dev/Immich-Gallery/Immich Gallery/Views/Settings/SlideShowSettings.swift:285:5: warning: '@State' used inline will not work unless tagged with '@Previewable' (from macro 'Preview')
    @State var hideOverlay = true
    ^
/Users/sander/dev/Immich-Gallery/Immich Gallery/Views/Settings/SlideShowSettings.swift:285:5: note: Add '@Previewable'
    @State var hideOverlay = true
    ^~~~~~
    @Previewable @State
/Users/sander/dev/Immich-Gallery/Immich Gallery/Views/Settings/SlideShowSettings.swift:286:5: warning: '@State' used inline will not work unless tagged with '@Previewable' (from macro 'Preview')
    @State var enableReflections = true
    ^
/Users/sander/dev/Immich-Gallery/Immich Gallery/Views/Settings/SlideShowSettings.swift:286:5: note: Add '@Previewable'
    @State var enableReflections = true
    ^~~~~~
    @Previewable @State
/Users/sander/dev/Immich-Gallery/Immich Gallery/Views/Settings/SlideShowSettings.swift:287:5: warning: '@State' used inline will not work unless tagged with '@Previewable' (from macro 'Preview')
    @State var enableKenBurns = false
    ^
/Users/sander/dev/Immich-Gallery/Immich Gallery/Views/Settings/SlideShowSettings.swift:287:5: note: Add '@Previewable'
    @State var enableKenBurns = false
    ^~~~~~
    @Previewable @State
/Users/sander/dev/Immich-Gallery/Immich Gallery/Views/Settings/SlideShowSettings.swift:288:5: warning: '@State' used inline will not work unless tagged with '@Previewable' (from macro 'Preview')
    @State var enableMemoriesSlideshow = false
    ^
/Users/sander/dev/Immich-Gallery/Immich Gallery/Views/Settings/SlideShowSettings.swift:288:5: note: Add '@Previewable'
    @State var enableMemoriesSlideshow = false
    ^~~~~~
    @Previewable @State
/Users/sander/dev/Immich-Gallery/Immich Gallery/Views/Settings/SlideShowSettings.swift:289:5: warning: '@State' used inline will not work unless tagged with '@Previewable' (from macro 'Preview')
    @State var enableShuffle = false
    ^
/Users/sander/dev/Immich-Gallery/Immich Gallery/Views/Settings/SlideShowSettings.swift:289:5: note: Add '@Previewable'
    @State var enableShuffle = false
    ^~~~~~
    @Previewable @State
/Users/sander/dev/Immich-Gallery/Immich Gallery/Views/Settings/SlideShowSettings.swift:290:5: warning: '@State' used inline will not work unless tagged with '@Previewable' (from macro 'Preview')
    @State var slideshowTransition = "fade"
    ^
/Users/sander/dev/Immich-Gallery/Immich Gallery/Views/Settings/SlideShowSettings.swift:290:5: note: Add '@Previewable'
    @State var slideshowTransition = "fade"
    ^~~~~~
    @Previewable @State
/Users/sander/dev/Immich-Gallery/Immich Gallery/Views/Settings/SlideShowSettings.swift:291:5: warning: '@State' used inline will not work unless tagged with '@Previewable' (from macro 'Preview')
    @State var autoSlideshowTimeout = 5
    ^
/Users/sander/dev/Immich-Gallery/Immich Gallery/Views/Settings/SlideShowSettings.swift:291:5: note: Add '@Previewable'
    @State var autoSlideshowTimeout = 5
    ^~~~~~
    @Previewable @State

SwiftCompile normal x86_64 /Users/sander/dev/Immich-Gallery/Immich\ Gallery/Views/Components/ArtModeOverlay.swift (in target 'Immich Gallery' from project 'Immich Gallery')
    cd /Users/sander/dev/Immich-Gallery
    

SwiftCompile normal x86_64 /Users/sander/dev/Immich-Gallery/Immich\ Gallery/Views/Components/ProfileImageView.swift (in target 'Immich Gallery' from project 'Immich Gallery')
    cd /Users/sander/dev/Immich-Gallery
    

SwiftCompile normal x86_64 /Users/sander/dev/Immich-Gallery/Immich\ Gallery/Views/OmniSlide/Models/SlideItem.swift (in target 'Immich Gallery' from project 'Immich Gallery')
    cd /Users/sander/dev/Immich-Gallery
    

SwiftCompile normal x86_64 /Users/sander/dev/Immich-Gallery/Immich\ Gallery/Views/OmniSlide/Services/CacheManager.swift (in target 'Immich Gallery' from project 'Immich Gallery')
    cd /Users/sander/dev/Immich-Gallery
    

SwiftCompile normal x86_64 /Users/sander/dev/Immich-Gallery/Immich\ Gallery/Views/OmniSlide/Services/ImageCache.swift (in target 'Immich Gallery' from project 'Immich Gallery')
    cd /Users/sander/dev/Immich-Gallery
    

SwiftCompile normal x86_64 /Users/sander/dev/Immich-Gallery/Immich\ Gallery/Views/OmniSlide/Services/ImageLoader.swift (in target 'Immich Gallery' from project 'Immich Gallery')
    cd /Users/sander/dev/Immich-Gallery
    

SwiftDriverJobDiscovery normal arm64 Compiling SignInView.swift, SlideshowView.swift (in target 'Immich Gallery' from project 'Immich Gallery')

SwiftCompile normal x86_64 Compiling\ SearchService.swift,\ SlideshowConfigService.swift,\ StatsCache.swift,\ StatsService.swift,\ TagService.swift,\ ThumbnailCache.swift,\ UserManager.swift,\ HybridUserStorage.swift,\ KeychainTokenStorage.swift /Users/sander/dev/Immich-Gallery/Immich\ Gallery/Services/SearchService.swift /Users/sander/dev/Immich-Gallery/Immich\ Gallery/Services/SlideshowConfigService.swift /Users/sander/dev/Immich-Gallery/Immich\ Gallery/Services/StatsCache.swift /Users/sander/dev/Immich-Gallery/Immich\ Gallery/Services/StatsService.swift /Users/sander/dev/Immich-Gallery/Immich\ Gallery/Services/TagService.swift /Users/sander/dev/Immich-Gallery/Immich\ Gallery/Services/ThumbnailCache.swift /Users/sander/dev/Immich-Gallery/Immich\ Gallery/Services/UserManager.swift /Users/sander/dev/Immich-Gallery/Immich\ Gallery/Storage/HybridUserStorage.swift /Users/sander/dev/Immich-Gallery/Immich\ Gallery/Storage/KeychainTokenStorage.swift (in target 'Immich Gallery' from project 'Immich Gallery')

SwiftCompile normal x86_64 /Users/sander/dev/Immich-Gallery/Immich\ Gallery/Services/SearchService.swift (in target 'Immich Gallery' from project 'Immich Gallery')
    cd /Users/sander/dev/Immich-Gallery
    

SwiftCompile normal x86_64 /Users/sander/dev/Immich-Gallery/Immich\ Gallery/Services/SlideshowConfigService.swift (in target 'Immich Gallery' from project 'Immich Gallery')
    cd /Users/sander/dev/Immich-Gallery
    

SwiftCompile normal x86_64 /Users/sander/dev/Immich-Gallery/Immich\ Gallery/Services/StatsCache.swift (in target 'Immich Gallery' from project 'Immich Gallery')
    cd /Users/sander/dev/Immich-Gallery
    

SwiftCompile normal x86_64 /Users/sander/dev/Immich-Gallery/Immich\ Gallery/Services/StatsService.swift (in target 'Immich Gallery' from project 'Immich Gallery')
    cd /Users/sander/dev/Immich-Gallery
    

SwiftCompile normal x86_64 /Users/sander/dev/Immich-Gallery/Immich\ Gallery/Services/TagService.swift (in target 'Immich Gallery' from project 'Immich Gallery')
    cd /Users/sander/dev/Immich-Gallery
    

SwiftCompile normal x86_64 /Users/sander/dev/Immich-Gallery/Immich\ Gallery/Services/ThumbnailCache.swift (in target 'Immich Gallery' from project 'Immich Gallery')
    cd /Users/sander/dev/Immich-Gallery
    
/Users/sander/dev/Immich-Gallery/Immich Gallery/Services/ThumbnailCache.swift:87:17: warning: capture of 'self' with non-Sendable type 'ThumbnailCache' in a '@Sendable' closure
                self.memoryCacheSize += cachedImage.size
                ^
/Users/sander/dev/Immich-Gallery/Immich Gallery/Services/ThumbnailCache.swift:11:7: note: class 'ThumbnailCache' does not conform to the 'Sendable' protocol
class ThumbnailCache: NSObject, ObservableObject {
      ^
/Users/sander/dev/Immich-Gallery/Immich Gallery/Services/ThumbnailCache.swift:87:41: warning: capture of 'cachedImage' with non-Sendable type 'CachedImage' in a '@Sendable' closure
                self.memoryCacheSize += cachedImage.size
                                        ^
/Users/sander/dev/Immich-Gallery/Immich Gallery/Services/ThumbnailCache.swift:376:7: note: class 'CachedImage' does not conform to the 'Sendable' protocol
class CachedImage {
      ^
/Users/sander/dev/Immich-Gallery/Immich Gallery/Services/ThumbnailCache.swift:131:23: warning: 'catch' block is unreachable because no errors are thrown in 'do' block
                    } catch {
                      ^
/Users/sander/dev/Immich-Gallery/Immich Gallery/Services/ThumbnailCache.swift:197:13: warning: capture of 'self' with non-Sendable type 'ThumbnailCache' in a '@Sendable' closure
            self.memoryCacheSize += cachedImage.size
            ^
/Users/sander/dev/Immich-Gallery/Immich Gallery/Services/ThumbnailCache.swift:11:7: note: class 'ThumbnailCache' does not conform to the 'Sendable' protocol
class ThumbnailCache: NSObject, ObservableObject {
      ^
/Users/sander/dev/Immich-Gallery/Immich Gallery/Services/ThumbnailCache.swift:197:37: warning: capture of 'cachedImage' with non-Sendable type 'CachedImage' in a '@Sendable' closure
            self.memoryCacheSize += cachedImage.size
                                    ^
/Users/sander/dev/Immich-Gallery/Immich Gallery/Services/ThumbnailCache.swift:376:7: note: class 'CachedImage' does not conform to the 'Sendable' protocol
class CachedImage {
      ^
/Users/sander/dev/Immich-Gallery/Immich Gallery/Services/ThumbnailCache.swift:209:17: warning: capture of 'self' with non-Sendable type 'ThumbnailCache' in a '@Sendable' closure
                self.ensureCacheDirectoryExists()
                ^
/Users/sander/dev/Immich-Gallery/Immich Gallery/Services/ThumbnailCache.swift:11:7: note: class 'ThumbnailCache' does not conform to the 'Sendable' protocol
class ThumbnailCache: NSObject, ObservableObject {
      ^
/Users/sander/dev/Immich-Gallery/Immich Gallery/Services/ThumbnailCache.swift:242:174: warning: left side of nil coalescing operator '??' has non-optional type 'Int', so the right side is never used
                    print("📊 Cache directory now contains: \(try? FileManager.default.contentsOfDirectory(at: self.cacheDirectory, includingPropertiesForKeys: nil).count ?? 0) files")
/Users/sander/dev/Immich-Gallery/Immich Gallery/Services/ThumbnailCache.swift:242:65: warning: string interpolation produces a debug description for an optional value; did you mean to make this explicit?
                    print("📊 Cache directory now contains: \(try? FileManager.default.contentsOfDirectory(at: self.cacheDirectory, includingPropertiesForKeys: nil).count ?? 0) files")
/Users/sander/dev/Immich-Gallery/Immich Gallery/Services/ThumbnailCache.swift:242:174: note: use a default value parameter to avoid this warning
                    print("📊 Cache directory now contains: \(try? FileManager.default.contentsOfDirectory(at: self.cacheDirectory, includingPropertiesForKeys: nil).count ?? 0) files")
/Users/sander/dev/Immich-Gallery/Immich Gallery/Services/ThumbnailCache.swift:242:174: note: provide a default value to avoid this warning
                    print("📊 Cache directory now contains: \(try? FileManager.default.contentsOfDirectory(at: self.cacheDirectory, includingPropertiesForKeys: nil).count ?? 0) files")
/Users/sander/dev/Immich-Gallery/Immich Gallery/Services/ThumbnailCache.swift:242:174: note: use 'String(describing:)' to silence this warning
                    print("📊 Cache directory now contains: \(try? FileManager.default.contentsOfDirectory(at: self.cacheDirectory, includingPropertiesForKeys: nil).count ?? 0) files")
/Users/sander/dev/Immich-Gallery/Immich Gallery/Services/ThumbnailCache.swift:229:17: warning: capture of 'self' with non-Sendable type 'ThumbnailCache' in a '@Sendable' closure
                self.ensureCacheDirectoryExists()
                ^
/Users/sander/dev/Immich-Gallery/Immich Gallery/Services/ThumbnailCache.swift:11:7: note: class 'ThumbnailCache' does not conform to the 'Sendable' protocol
class ThumbnailCache: NSObject, ObservableObject {
      ^
/Users/sander/dev/Immich-Gallery/Immich Gallery/Services/ThumbnailCache.swift:263:17: warning: capture of 'self' with non-Sendable type 'ThumbnailCache' in a '@Sendable' closure
                self.ensureCacheDirectoryExists()
                ^
/Users/sander/dev/Immich-Gallery/Immich Gallery/Services/ThumbnailCache.swift:11:7: note: class 'ThumbnailCache' does not conform to the 'Sendable' protocol
class ThumbnailCache: NSObject, ObservableObject {
      ^
/Users/sander/dev/Immich-Gallery/Immich Gallery/Services/ThumbnailCache.swift:346:13: warning: initialization of variable 'totalSize' was never used; consider replacing with assignment to '_' or removing it
        var totalSize = 0
        ~~~~^~~~~~~~~
        _
/Users/sander/dev/Immich-Gallery/Immich Gallery/Services/ThumbnailCache.swift:347:13: warning: initialization of variable 'count' was never used; consider replacing with assignment to '_' or removing it
        var count = 0
        ~~~~^~~~~
        _

SwiftCompile normal x86_64 /Users/sander/dev/Immich-Gallery/Immich\ Gallery/Services/UserManager.swift (in target 'Immich Gallery' from project 'Immich Gallery')
    cd /Users/sander/dev/Immich-Gallery
    

SwiftCompile normal x86_64 /Users/sander/dev/Immich-Gallery/Immich\ Gallery/Storage/HybridUserStorage.swift (in target 'Immich Gallery' from project 'Immich Gallery')
    cd /Users/sander/dev/Immich-Gallery
    

SwiftCompile normal x86_64 /Users/sander/dev/Immich-Gallery/Immich\ Gallery/Storage/KeychainTokenStorage.swift (in target 'Immich Gallery' from project 'Immich Gallery')
    cd /Users/sander/dev/Immich-Gallery
    

SwiftDriverJobDiscovery normal arm64 Compiling UniversalErrorHandler.swift (in target 'Immich Gallery' from project 'Immich Gallery')

SwiftDriver\ Compilation Immich\ Gallery normal arm64 com.apple.xcode.tools.swift.compiler (in target 'Immich Gallery' from project 'Immich Gallery')
    cd /Users/sander/dev/Immich-Gallery
    builtin-Swift-Compilation -- /Applications/Xcode.app/Contents/Developer/Toolchains/XcodeDefault.xctoolchain/usr/bin/swiftc -module-name Immich_Gallery -Onone -enforce-exclusivity\=checked @/Users/sander/Library/Developer/Xcode/DerivedData/Immich_Gallery-eittrmpavvicbzfinpapxnnmzxht/Build/Intermediates.noindex/Immich\ Gallery.build/Debug-appletvsimulator/Immich\ Gallery.build/Objects-normal/arm64/Immich\ Gallery.SwiftFileList -DDEBUG -enable-bare-slash-regex -enable-experimental-feature DebugDescriptionMacro -sdk /Applications/Xcode.app/Contents/Developer/Platforms/AppleTVSimulator.platform/Developer/SDKs/AppleTVSimulator26.2.sdk -target arm64-apple-tvos26.0-simulator -g -module-cache-path /Users/sander/Library/Developer/Xcode/DerivedData/ModuleCache.noindex -Xfrontend -serialize-debugging-options -profile-coverage-mapping -profile-generate -enable-testing -index-store-path /Users/sander/Library/Developer/Xcode/DerivedData/Immich_Gallery-eittrmpavvicbzfinpapxnnmzxht/Index.noindex/DataStore -Xcc -D_LIBCPP_HARDENING_MODE\=_LIBCPP_HARDENING_MODE_DEBUG -swift-version 5 -I /Users/sander/Library/Developer/Xcode/DerivedData/Immich_Gallery-eittrmpavvicbzfinpapxnnmzxht/Build/Products/Debug-appletvsimulator -F /Users/sander/Library/Developer/Xcode/DerivedData/Immich_Gallery-eittrmpavvicbzfinpapxnnmzxht/Build/Products/Debug-appletvsimulator -emit-localized-strings -emit-localized-strings-path /Users/sander/Library/Developer/Xcode/DerivedData/Immich_Gallery-eittrmpavvicbzfinpapxnnmzxht/Build/Intermediates.noindex/Immich\ Gallery.build/Debug-appletvsimulator/Immich\ Gallery.build/Objects-normal/arm64 -c -j10 -enable-batch-mode -incremental -Xcc -ivfsstatcache -Xcc /Users/sander/Library/Developer/Xcode/DerivedData/SDKStatCaches.noindex/appletvsimulator26.2-23K50-3885c01c3e6b6a337905948deab2002e080c9acb371011151a58bc032572b023.sdkstatcache -output-file-map /Users/sander/Library/Developer/Xcode/DerivedData/Immich_Gallery-eittrmpavvicbzfinpapxnnmzxht/Build/Intermediates.noindex/Immich\ Gallery.build/Debug-appletvsimulator/Immich\ Gallery.build/Objects-normal/arm64/Immich\ Gallery-OutputFileMap.json -use-frontend-parseable-output -save-temps -no-color-diagnostics -explicit-module-build -module-cache-path /Users/sander/Library/Developer/Xcode/DerivedData/Immich_Gallery-eittrmpavvicbzfinpapxnnmzxht/Build/Intermediates.noindex/SwiftExplicitPrecompiledModules -clang-scanner-module-cache-path /Users/sander/Library/Developer/Xcode/DerivedData/ModuleCache.noindex -sdk-module-cache-path /Users/sander/Library/Developer/Xcode/DerivedData/ModuleCache.noindex -serialize-diagnostics -emit-dependencies -emit-module -emit-module-path /Users/sander/Library/Developer/Xcode/DerivedData/Immich_Gallery-eittrmpavvicbzfinpapxnnmzxht/Build/Intermediates.noindex/Immich\ Gallery.build/Debug-appletvsimulator/Immich\ Gallery.build/Objects-normal/arm64/Immich_Gallery.swiftmodule -validate-clang-modules-once -clang-build-session-file /Users/sander/Library/Developer/Xcode/DerivedData/ModuleCache.noindex/Session.modulevalidation -Xcc -I/Users/sander/Library/Developer/Xcode/DerivedData/Immich_Gallery-eittrmpavvicbzfinpapxnnmzxht/Build/Intermediates.noindex/Immich\ Gallery.build/Debug-appletvsimulator/Immich\ Gallery.build/swift-overrides.hmap -emit-const-values -Xfrontend -const-gather-protocols-file -Xfrontend /Users/sander/Library/Developer/Xcode/DerivedData/Immich_Gallery-eittrmpavvicbzfinpapxnnmzxht/Build/Intermediates.noindex/Immich\ Gallery.build/Debug-appletvsimulator/Immich\ Gallery.build/Objects-normal/arm64/Immich\ Gallery_const_extract_protocols.json -Xcc -iquote -Xcc /Users/sander/Library/Developer/Xcode/DerivedData/Immich_Gallery-eittrmpavvicbzfinpapxnnmzxht/Build/Intermediates.noindex/Immich\ Gallery.build/Debug-appletvsimulator/Immich\ Gallery.build/Immich\ Gallery-generated-files.hmap -Xcc -I/Users/sander/Library/Developer/Xcode/DerivedData/Immich_Gallery-eittrmpavvicbzfinpapxnnmzxht/Build/Intermediates.noindex/Immich\ Gallery.build/Debug-appletvsimulator/Immich\ Gallery.build/Immich\ Gallery-own-target-headers.hmap -Xcc -I/Users/sander/Library/Developer/Xcode/DerivedData/Immich_Gallery-eittrmpavvicbzfinpapxnnmzxht/Build/Intermediates.noindex/Immich\ Gallery.build/Debug-appletvsimulator/Immich\ Gallery.build/Immich\ Gallery-all-target-headers.hmap -Xcc -iquote -Xcc /Users/sander/Library/Developer/Xcode/DerivedData/Immich_Gallery-eittrmpavvicbzfinpapxnnmzxht/Build/Intermediates.noindex/Immich\ Gallery.build/Debug-appletvsimulator/Immich\ Gallery.build/Immich\ Gallery-project-headers.hmap -Xcc -I/Users/sander/Library/Developer/Xcode/DerivedData/Immich_Gallery-eittrmpavvicbzfinpapxnnmzxht/Build/Products/Debug-appletvsimulator/include -Xcc -I/Users/sander/Library/Developer/Xcode/DerivedData/Immich_Gallery-eittrmpavvicbzfinpapxnnmzxht/Build/Intermediates.noindex/Immich\ Gallery.build/Debug-appletvsimulator/Immich\ Gallery.build/DerivedSources-normal/arm64 -Xcc -I/Users/sander/Library/Developer/Xcode/DerivedData/Immich_Gallery-eittrmpavvicbzfinpapxnnmzxht/Build/Intermediates.noindex/Immich\ Gallery.build/Debug-appletvsimulator/Immich\ Gallery.build/DerivedSources/arm64 -Xcc -I/Users/sander/Library/Developer/Xcode/DerivedData/Immich_Gallery-eittrmpavvicbzfinpapxnnmzxht/Build/Intermediates.noindex/Immich\ Gallery.build/Debug-appletvsimulator/Immich\ Gallery.build/DerivedSources -Xcc -DDEBUG\=1 -emit-objc-header -emit-objc-header-path /Users/sander/Library/Developer/Xcode/DerivedData/Immich_Gallery-eittrmpavvicbzfinpapxnnmzxht/Build/Intermediates.noindex/Immich\ Gallery.build/Debug-appletvsimulator/Immich\ Gallery.build/Objects-normal/arm64/Immich_Gallery-Swift.h -working-directory /Users/sander/dev/Immich-Gallery -experimental-emit-module-separately -disable-cmo

SwiftDriverJobDiscovery normal x86_64 Emitting module for Immich_Gallery (in target 'Immich Gallery' from project 'Immich Gallery')

SwiftDriver\ Compilation\ Requirements Immich\ Gallery normal x86_64 com.apple.xcode.tools.swift.compiler (in target 'Immich Gallery' from project 'Immich Gallery')
    cd /Users/sander/dev/Immich-Gallery
    builtin-Swift-Compilation-Requirements -- /Applications/Xcode.app/Contents/Developer/Toolchains/XcodeDefault.xctoolchain/usr/bin/swiftc -module-name Immich_Gallery -Onone -enforce-exclusivity\=checked @/Users/sander/Library/Developer/Xcode/DerivedData/Immich_Gallery-eittrmpavvicbzfinpapxnnmzxht/Build/Intermediates.noindex/Immich\ Gallery.build/Debug-appletvsimulator/Immich\ Gallery.build/Objects-normal/x86_64/Immich\ Gallery.SwiftFileList -DDEBUG -enable-bare-slash-regex -enable-experimental-feature DebugDescriptionMacro -sdk /Applications/Xcode.app/Contents/Developer/Platforms/AppleTVSimulator.platform/Developer/SDKs/AppleTVSimulator26.2.sdk -target x86_64-apple-tvos26.0-simulator -g -module-cache-path /Users/sander/Library/Developer/Xcode/DerivedData/ModuleCache.noindex -Xfrontend -serialize-debugging-options -profile-coverage-mapping -profile-generate -enable-testing -index-store-path /Users/sander/Library/Developer/Xcode/DerivedData/Immich_Gallery-eittrmpavvicbzfinpapxnnmzxht/Index.noindex/DataStore -Xcc -D_LIBCPP_HARDENING_MODE\=_LIBCPP_HARDENING_MODE_DEBUG -swift-version 5 -I /Users/sander/Library/Developer/Xcode/DerivedData/Immich_Gallery-eittrmpavvicbzfinpapxnnmzxht/Build/Products/Debug-appletvsimulator -F /Users/sander/Library/Developer/Xcode/DerivedData/Immich_Gallery-eittrmpavvicbzfinpapxnnmzxht/Build/Products/Debug-appletvsimulator -emit-localized-strings -emit-localized-strings-path /Users/sander/Library/Developer/Xcode/DerivedData/Immich_Gallery-eittrmpavvicbzfinpapxnnmzxht/Build/Intermediates.noindex/Immich\ Gallery.build/Debug-appletvsimulator/Immich\ Gallery.build/Objects-normal/x86_64 -c -j10 -enable-batch-mode -incremental -Xcc -ivfsstatcache -Xcc /Users/sander/Library/Developer/Xcode/DerivedData/SDKStatCaches.noindex/appletvsimulator26.2-23K50-3885c01c3e6b6a337905948deab2002e080c9acb371011151a58bc032572b023.sdkstatcache -output-file-map /Users/sander/Library/Developer/Xcode/DerivedData/Immich_Gallery-eittrmpavvicbzfinpapxnnmzxht/Build/Intermediates.noindex/Immich\ Gallery.build/Debug-appletvsimulator/Immich\ Gallery.build/Objects-normal/x86_64/Immich\ Gallery-OutputFileMap.json -use-frontend-parseable-output -save-temps -no-color-diagnostics -explicit-module-build -module-cache-path /Users/sander/Library/Developer/Xcode/DerivedData/Immich_Gallery-eittrmpavvicbzfinpapxnnmzxht/Build/Intermediates.noindex/SwiftExplicitPrecompiledModules -clang-scanner-module-cache-path /Users/sander/Library/Developer/Xcode/DerivedData/ModuleCache.noindex -sdk-module-cache-path /Users/sander/Library/Developer/Xcode/DerivedData/ModuleCache.noindex -serialize-diagnostics -emit-dependencies -emit-module -emit-module-path /Users/sander/Library/Developer/Xcode/DerivedData/Immich_Gallery-eittrmpavvicbzfinpapxnnmzxht/Build/Intermediates.noindex/Immich\ Gallery.build/Debug-appletvsimulator/Immich\ Gallery.build/Objects-normal/x86_64/Immich_Gallery.swiftmodule -validate-clang-modules-once -clang-build-session-file /Users/sander/Library/Developer/Xcode/DerivedData/ModuleCache.noindex/Session.modulevalidation -Xcc -I/Users/sander/Library/Developer/Xcode/DerivedData/Immich_Gallery-eittrmpavvicbzfinpapxnnmzxht/Build/Intermediates.noindex/Immich\ Gallery.build/Debug-appletvsimulator/Immich\ Gallery.build/swift-overrides.hmap -emit-const-values -Xfrontend -const-gather-protocols-file -Xfrontend /Users/sander/Library/Developer/Xcode/DerivedData/Immich_Gallery-eittrmpavvicbzfinpapxnnmzxht/Build/Intermediates.noindex/Immich\ Gallery.build/Debug-appletvsimulator/Immich\ Gallery.build/Objects-normal/x86_64/Immich\ Gallery_const_extract_protocols.json -Xcc -iquote -Xcc /Users/sander/Library/Developer/Xcode/DerivedData/Immich_Gallery-eittrmpavvicbzfinpapxnnmzxht/Build/Intermediates.noindex/Immich\ Gallery.build/Debug-appletvsimulator/Immich\ Gallery.build/Immich\ Gallery-generated-files.hmap -Xcc -I/Users/sander/Library/Developer/Xcode/DerivedData/Immich_Gallery-eittrmpavvicbzfinpapxnnmzxht/Build/Intermediates.noindex/Immich\ Gallery.build/Debug-appletvsimulator/Immich\ Gallery.build/Immich\ Gallery-own-target-headers.hmap -Xcc -I/Users/sander/Library/Developer/Xcode/DerivedData/Immich_Gallery-eittrmpavvicbzfinpapxnnmzxht/Build/Intermediates.noindex/Immich\ Gallery.build/Debug-appletvsimulator/Immich\ Gallery.build/Immich\ Gallery-all-target-headers.hmap -Xcc -iquote -Xcc /Users/sander/Library/Developer/Xcode/DerivedData/Immich_Gallery-eittrmpavvicbzfinpapxnnmzxht/Build/Intermediates.noindex/Immich\ Gallery.build/Debug-appletvsimulator/Immich\ Gallery.build/Immich\ Gallery-project-headers.hmap -Xcc -I/Users/sander/Library/Developer/Xcode/DerivedData/Immich_Gallery-eittrmpavvicbzfinpapxnnmzxht/Build/Products/Debug-appletvsimulator/include -Xcc -I/Users/sander/Library/Developer/Xcode/DerivedData/Immich_Gallery-eittrmpavvicbzfinpapxnnmzxht/Build/Intermediates.noindex/Immich\ Gallery.build/Debug-appletvsimulator/Immich\ Gallery.build/DerivedSources-normal/x86_64 -Xcc -I/Users/sander/Library/Developer/Xcode/DerivedData/Immich_Gallery-eittrmpavvicbzfinpapxnnmzxht/Build/Intermediates.noindex/Immich\ Gallery.build/Debug-appletvsimulator/Immich\ Gallery.build/DerivedSources/x86_64 -Xcc -I/Users/sander/Library/Developer/Xcode/DerivedData/Immich_Gallery-eittrmpavvicbzfinpapxnnmzxht/Build/Intermediates.noindex/Immich\ Gallery.build/Debug-appletvsimulator/Immich\ Gallery.build/DerivedSources -Xcc -DDEBUG\=1 -emit-objc-header -emit-objc-header-path /Users/sander/Library/Developer/Xcode/DerivedData/Immich_Gallery-eittrmpavvicbzfinpapxnnmzxht/Build/Intermediates.noindex/Immich\ Gallery.build/Debug-appletvsimulator/Immich\ Gallery.build/Objects-normal/x86_64/Immich_Gallery-Swift.h -working-directory /Users/sander/dev/Immich-Gallery -experimental-emit-module-separately -disable-cmo

SwiftCompile normal x86_64 Compiling\ SharedGridView.swift,\ ThumbnailProviders.swift,\ DateFormatter+Extensions.swift,\ GridDisplayableExtensions.swift,\ ImmichModels.swift,\ NavigationStyle.swift,\ UserModels.swift,\ UserStorage.swift,\ AlbumService.swift /Users/sander/dev/Immich-Gallery/Immich\ Gallery/Components/SharedGridView.swift /Users/sander/dev/Immich-Gallery/Immich\ Gallery/Components/ThumbnailProviders.swift /Users/sander/dev/Immich-Gallery/Immich\ Gallery/Extensions/DateFormatter+Extensions.swift /Users/sander/dev/Immich-Gallery/Immich\ Gallery/Extensions/GridDisplayableExtensions.swift /Users/sander/dev/Immich-Gallery/Immich\ Gallery/Models/ImmichModels.swift /Users/sander/dev/Immich-Gallery/Immich\ Gallery/Models/NavigationStyle.swift /Users/sander/dev/Immich-Gallery/Immich\ Gallery/Models/UserModels.swift /Users/sander/dev/Immich-Gallery/Immich\ Gallery/Protocols/UserStorage.swift /Users/sander/dev/Immich-Gallery/Immich\ Gallery/Services/AlbumService.swift (in target 'Immich Gallery' from project 'Immich Gallery')
SwiftCompile normal x86_64 /Users/sander/dev/Immich-Gallery/Immich\ Gallery/Components/SharedGridView.swift (in target 'Immich Gallery' from project 'Immich Gallery')
    cd /Users/sander/dev/Immich-Gallery
    

SwiftCompile normal x86_64 /Users/sander/dev/Immich-Gallery/Immich\ Gallery/Components/ThumbnailProviders.swift (in target 'Immich Gallery' from project 'Immich Gallery')
    cd /Users/sander/dev/Immich-Gallery
    
/Users/sander/dev/Immich-Gallery/Immich Gallery/Components/ThumbnailProviders.swift:21:35: warning: use of protocol 'GridDisplayable' as a type must be written 'any GridDisplayable'; this will be an error in a future Swift language mode
    func loadThumbnails(for item: GridDisplayable) async -> [UIImage] {
                                  ^~~~~~~~~~~~~~~
                                  any GridDisplayable
/Users/sander/dev/Immich-Gallery/Immich Gallery/Components/ThumbnailProviders.swift:89:35: warning: use of protocol 'GridDisplayable' as a type must be written 'any GridDisplayable'; this will be an error in a future Swift language mode
    func loadThumbnails(for item: GridDisplayable) async -> [UIImage] {
                                  ^~~~~~~~~~~~~~~
                                  any GridDisplayable
/Users/sander/dev/Immich-Gallery/Immich Gallery/Components/ThumbnailProviders.swift:128:35: warning: use of protocol 'GridDisplayable' as a type must be written 'any GridDisplayable'; this will be an error in a future Swift language mode
    func loadThumbnails(for item: GridDisplayable) async -> [UIImage] {
                                  ^~~~~~~~~~~~~~~
                                  any GridDisplayable
/Users/sander/dev/Immich-Gallery/Immich Gallery/Components/ThumbnailProviders.swift:167:35: warning: use of protocol 'GridDisplayable' as a type must be written 'any GridDisplayable'; this will be an error in a future Swift language mode
    func loadThumbnails(for item: GridDisplayable) async -> [UIImage] {
                                  ^~~~~~~~~~~~~~~
                                  any GridDisplayable

SwiftCompile normal x86_64 /Users/sander/dev/Immich-Gallery/Immich\ Gallery/Extensions/DateFormatter+Extensions.swift (in target 'Immich Gallery' from project 'Immich Gallery')
    cd /Users/sander/dev/Immich-Gallery
    

SwiftCompile normal x86_64 /Users/sander/dev/Immich-Gallery/Immich\ Gallery/Extensions/GridDisplayableExtensions.swift (in target 'Immich Gallery' from project 'Immich Gallery')
    cd /Users/sander/dev/Immich-Gallery
    

SwiftCompile normal x86_64 /Users/sander/dev/Immich-Gallery/Immich\ Gallery/Models/ImmichModels.swift (in target 'Immich Gallery' from project 'Immich Gallery')
    cd /Users/sander/dev/Immich-Gallery
    

SwiftCompile normal x86_64 /Users/sander/dev/Immich-Gallery/Immich\ Gallery/Models/NavigationStyle.swift (in target 'Immich Gallery' from project 'Immich Gallery')
    cd /Users/sander/dev/Immich-Gallery
    

SwiftCompile normal x86_64 /Users/sander/dev/Immich-Gallery/Immich\ Gallery/Models/UserModels.swift (in target 'Immich Gallery' from project 'Immich Gallery')
    cd /Users/sander/dev/Immich-Gallery
    

SwiftCompile normal x86_64 /Users/sander/dev/Immich-Gallery/Immich\ Gallery/Protocols/UserStorage.swift (in target 'Immich Gallery' from project 'Immich Gallery')
    cd /Users/sander/dev/Immich-Gallery
    

SwiftCompile normal x86_64 /Users/sander/dev/Immich-Gallery/Immich\ Gallery/Services/AlbumService.swift (in target 'Immich Gallery' from project 'Immich Gallery')
    cd /Users/sander/dev/Immich-Gallery
    

SwiftMergeGeneratedHeaders /Users/sander/Library/Developer/Xcode/DerivedData/Immich_Gallery-eittrmpavvicbzfinpapxnnmzxht/Build/Intermediates.noindex/Immich\ Gallery.build/Debug-appletvsimulator/Immich\ Gallery.build/DerivedSources/Immich_Gallery-Swift.h /Users/sander/Library/Developer/Xcode/DerivedData/Immich_Gallery-eittrmpavvicbzfinpapxnnmzxht/Build/Intermediates.noindex/Immich\ Gallery.build/Debug-appletvsimulator/Immich\ Gallery.build/Objects-normal/arm64/Immich_Gallery-Swift.h /Users/sander/Library/Developer/Xcode/DerivedData/Immich_Gallery-eittrmpavvicbzfinpapxnnmzxht/Build/Intermediates.noindex/Immich\ Gallery.build/Debug-appletvsimulator/Immich\ Gallery.build/Objects-normal/x86_64/Immich_Gallery-Swift.h (in target 'Immich Gallery' from project 'Immich Gallery')
    cd /Users/sander/dev/Immich-Gallery
    builtin-swiftHeaderTool -arch arm64 /Users/sander/Library/Developer/Xcode/DerivedData/Immich_Gallery-eittrmpavvicbzfinpapxnnmzxht/Build/Intermediates.noindex/Immich\ Gallery.build/Debug-appletvsimulator/Immich\ Gallery.build/Objects-normal/arm64/Immich_Gallery-Swift.h -arch x86_64 /Users/sander/Library/Developer/Xcode/DerivedData/Immich_Gallery-eittrmpavvicbzfinpapxnnmzxht/Build/Intermediates.noindex/Immich\ Gallery.build/Debug-appletvsimulator/Immich\ Gallery.build/Objects-normal/x86_64/Immich_Gallery-Swift.h -o /Users/sander/Library/Developer/Xcode/DerivedData/Immich_Gallery-eittrmpavvicbzfinpapxnnmzxht/Build/Intermediates.noindex/Immich\ Gallery.build/Debug-appletvsimulator/Immich\ Gallery.build/DerivedSources/Immich_Gallery-Swift.h

SwiftDriverJobDiscovery normal x86_64 Compiling AssetProvider.swift, AssetService.swift, AuthenticationService.swift, ExploreService.swift, FolderService.swift, ImageColorExtractor.swift, MockImmichService.swift, NetworkService.swift, PeopleService.swift (in target 'Immich Gallery' from project 'Immich Gallery')

Copy /Users/sander/Library/Developer/Xcode/DerivedData/Immich_Gallery-eittrmpavvicbzfinpapxnnmzxht/Build/Products/Debug-appletvsimulator/Immich_Gallery.swiftmodule/x86_64-apple-tvos-simulator.swiftmodule /Users/sander/Library/Developer/Xcode/DerivedData/Immich_Gallery-eittrmpavvicbzfinpapxnnmzxht/Build/Intermediates.noindex/Immich\ Gallery.build/Debug-appletvsimulator/Immich\ Gallery.build/Objects-normal/x86_64/Immich_Gallery.swiftmodule (in target 'Immich Gallery' from project 'Immich Gallery')
    cd /Users/sander/dev/Immich-Gallery
    builtin-copy -exclude .DS_Store -exclude CVS -exclude .svn -exclude .git -exclude .hg -resolve-src-symlinks -rename /Users/sander/Library/Developer/Xcode/DerivedData/Immich_Gallery-eittrmpavvicbzfinpapxnnmzxht/Build/Intermediates.noindex/Immich\ Gallery.build/Debug-appletvsimulator/Immich\ Gallery.build/Objects-normal/x86_64/Immich_Gallery.swiftmodule /Users/sander/Library/Developer/Xcode/DerivedData/Immich_Gallery-eittrmpavvicbzfinpapxnnmzxht/Build/Products/Debug-appletvsimulator/Immich_Gallery.swiftmodule/x86_64-apple-tvos-simulator.swiftmodule

Copy /Users/sander/Library/Developer/Xcode/DerivedData/Immich_Gallery-eittrmpavvicbzfinpapxnnmzxht/Build/Products/Debug-appletvsimulator/Immich_Gallery.swiftmodule/x86_64-apple-tvos-simulator.swiftdoc /Users/sander/Library/Developer/Xcode/DerivedData/Immich_Gallery-eittrmpavvicbzfinpapxnnmzxht/Build/Intermediates.noindex/Immich\ Gallery.build/Debug-appletvsimulator/Immich\ Gallery.build/Objects-normal/x86_64/Immich_Gallery.swiftdoc (in target 'Immich Gallery' from project 'Immich Gallery')
    cd /Users/sander/dev/Immich-Gallery
    builtin-copy -exclude .DS_Store -exclude CVS -exclude .svn -exclude .git -exclude .hg -resolve-src-symlinks -rename /Users/sander/Library/Developer/Xcode/DerivedData/Immich_Gallery-eittrmpavvicbzfinpapxnnmzxht/Build/Intermediates.noindex/Immich\ Gallery.build/Debug-appletvsimulator/Immich\ Gallery.build/Objects-normal/x86_64/Immich_Gallery.swiftdoc /Users/sander/Library/Developer/Xcode/DerivedData/Immich_Gallery-eittrmpavvicbzfinpapxnnmzxht/Build/Products/Debug-appletvsimulator/Immich_Gallery.swiftmodule/x86_64-apple-tvos-simulator.swiftdoc

Copy /Users/sander/Library/Developer/Xcode/DerivedData/Immich_Gallery-eittrmpavvicbzfinpapxnnmzxht/Build/Products/Debug-appletvsimulator/Immich_Gallery.swiftmodule/x86_64-apple-tvos-simulator.abi.json /Users/sander/Library/Developer/Xcode/DerivedData/Immich_Gallery-eittrmpavvicbzfinpapxnnmzxht/Build/Intermediates.noindex/Immich\ Gallery.build/Debug-appletvsimulator/Immich\ Gallery.build/Objects-normal/x86_64/Immich_Gallery.abi.json (in target 'Immich Gallery' from project 'Immich Gallery')
    cd /Users/sander/dev/Immich-Gallery
    builtin-copy -exclude .DS_Store -exclude CVS -exclude .svn -exclude .git -exclude .hg -resolve-src-symlinks -rename /Users/sander/Library/Developer/Xcode/DerivedData/Immich_Gallery-eittrmpavvicbzfinpapxnnmzxht/Build/Intermediates.noindex/Immich\ Gallery.build/Debug-appletvsimulator/Immich\ Gallery.build/Objects-normal/x86_64/Immich_Gallery.abi.json /Users/sander/Library/Developer/Xcode/DerivedData/Immich_Gallery-eittrmpavvicbzfinpapxnnmzxht/Build/Products/Debug-appletvsimulator/Immich_Gallery.swiftmodule/x86_64-apple-tvos-simulator.abi.json

Copy /Users/sander/Library/Developer/Xcode/DerivedData/Immich_Gallery-eittrmpavvicbzfinpapxnnmzxht/Build/Products/Debug-appletvsimulator/Immich_Gallery.swiftmodule/Project/x86_64-apple-tvos-simulator.swiftsourceinfo /Users/sander/Library/Developer/Xcode/DerivedData/Immich_Gallery-eittrmpavvicbzfinpapxnnmzxht/Build/Intermediates.noindex/Immich\ Gallery.build/Debug-appletvsimulator/Immich\ Gallery.build/Objects-normal/x86_64/Immich_Gallery.swiftsourceinfo (in target 'Immich Gallery' from project 'Immich Gallery')
    cd /Users/sander/dev/Immich-Gallery
    builtin-copy -exclude .DS_Store -exclude CVS -exclude .svn -exclude .git -exclude .hg -resolve-src-symlinks -rename /Users/sander/Library/Developer/Xcode/DerivedData/Immich_Gallery-eittrmpavvicbzfinpapxnnmzxht/Build/Intermediates.noindex/Immich\ Gallery.build/Debug-appletvsimulator/Immich\ Gallery.build/Objects-normal/x86_64/Immich_Gallery.swiftsourceinfo /Users/sander/Library/Developer/Xcode/DerivedData/Immich_Gallery-eittrmpavvicbzfinpapxnnmzxht/Build/Products/Debug-appletvsimulator/Immich_Gallery.swiftmodule/Project/x86_64-apple-tvos-simulator.swiftsourceinfo

Ld /Users/sander/Library/Developer/Xcode/DerivedData/Immich_Gallery-eittrmpavvicbzfinpapxnnmzxht/Build/Intermediates.noindex/Immich\ Gallery.build/Debug-appletvsimulator/Immich\ Gallery.build/Objects-normal/arm64/Binary/Immich\ Gallery.debug.dylib normal arm64 (in target 'Immich Gallery' from project 'Immich Gallery')
    cd /Users/sander/dev/Immich-Gallery
    /Applications/Xcode.app/Contents/Developer/Toolchains/XcodeDefault.xctoolchain/usr/bin/clang -Xlinker -reproducible -target arm64-apple-tvos26.0-simulator -dynamiclib -isysroot /Applications/Xcode.app/Contents/Developer/Platforms/AppleTVSimulator.platform/Developer/SDKs/AppleTVSimulator26.2.sdk -O0 -L/Users/sander/Library/Developer/Xcode/DerivedData/Immich_Gallery-eittrmpavvicbzfinpapxnnmzxht/Build/Intermediates.noindex/EagerLinkingTBDs/Debug-appletvsimulator -L/Users/sander/Library/Developer/Xcode/DerivedData/Immich_Gallery-eittrmpavvicbzfinpapxnnmzxht/Build/Products/Debug-appletvsimulator -F/Users/sander/Library/Developer/Xcode/DerivedData/Immich_Gallery-eittrmpavvicbzfinpapxnnmzxht/Build/Intermediates.noindex/EagerLinkingTBDs/Debug-appletvsimulator -F/Users/sander/Library/Developer/Xcode/DerivedData/Immich_Gallery-eittrmpavvicbzfinpapxnnmzxht/Build/Products/Debug-appletvsimulator -filelist /Users/sander/Library/Developer/Xcode/DerivedData/Immich_Gallery-eittrmpavvicbzfinpapxnnmzxht/Build/Intermediates.noindex/Immich\ Gallery.build/Debug-appletvsimulator/Immich\ Gallery.build/Objects-normal/arm64/Immich\ Gallery.LinkFileList -install_name @rpath/Immich\ Gallery.debug.dylib -Xlinker -rpath -Xlinker @executable_path/Frameworks -dead_strip -Xlinker -object_path_lto -Xlinker /Users/sander/Library/Developer/Xcode/DerivedData/Immich_Gallery-eittrmpavvicbzfinpapxnnmzxht/Build/Intermediates.noindex/Immich\ Gallery.build/Debug-appletvsimulator/Immich\ Gallery.build/Objects-normal/arm64/Immich\ Gallery_lto.o -rdynamic -Xlinker -no_deduplicate -Xlinker -objc_abi_version -Xlinker 2 -Xlinker -debug_variant -Xlinker -dependency_info -Xlinker /Users/sander/Library/Developer/Xcode/DerivedData/Immich_Gallery-eittrmpavvicbzfinpapxnnmzxht/Build/Intermediates.noindex/Immich\ Gallery.build/Debug-appletvsimulator/Immich\ Gallery.build/Objects-normal/arm64/Immich\ Gallery_dependency_info.dat -fobjc-link-runtime -fprofile-instr-generate -L/Applications/Xcode.app/Contents/Developer/Toolchains/XcodeDefault.xctoolchain/usr/lib/swift/appletvsimulator -L/usr/lib/swift -Xlinker -add_ast_path -Xlinker /Users/sander/Library/Developer/Xcode/DerivedData/Immich_Gallery-eittrmpavvicbzfinpapxnnmzxht/Build/Intermediates.noindex/Immich\ Gallery.build/Debug-appletvsimulator/Immich\ Gallery.build/Objects-normal/arm64/Immich_Gallery.swiftmodule @/Users/sander/Library/Developer/Xcode/DerivedData/Immich_Gallery-eittrmpavvicbzfinpapxnnmzxht/Build/Intermediates.noindex/Immich\ Gallery.build/Debug-appletvsimulator/Immich\ Gallery.build/Objects-normal/arm64/Immich_Gallery-linker-args.resp -Xlinker -alias -Xlinker _main -Xlinker ___debug_main_executable_dylib_entry_point -Xlinker -no_adhoc_codesign -o /Users/sander/Library/Developer/Xcode/DerivedData/Immich_Gallery-eittrmpavvicbzfinpapxnnmzxht/Build/Intermediates.noindex/Immich\ Gallery.build/Debug-appletvsimulator/Immich\ Gallery.build/Objects-normal/arm64/Binary/Immich\ Gallery.debug.dylib

SwiftDriverJobDiscovery normal x86_64 Compiling VideoPrefetcher.swift, OverlaySplitTransition.swift, TransitionManager.swift, TransitionModifiers.swift, TransitionPairView.swift, TransitionType.swift, SlideshowViewModel.swift, AVPlayerLayerView.swift, OmniSlideshowView.swift (in target 'Immich Gallery' from project 'Immich Gallery')

SwiftDriverJobDiscovery normal x86_64 Compiling SearchService.swift, SlideshowConfigService.swift, StatsCache.swift, StatsService.swift, TagService.swift, ThumbnailCache.swift, UserManager.swift, HybridUserStorage.swift, KeychainTokenStorage.swift (in target 'Immich Gallery' from project 'Immich Gallery')

SwiftDriverJobDiscovery normal x86_64 Compiling StorageMigration.swift, UserDefaultsStorage.swift, AdaptiveBackgroundView.swift, ArtModeOverlay.swift, ProfileImageView.swift, SlideItem.swift, CacheManager.swift, ImageCache.swift, ImageLoader.swift (in target 'Immich Gallery' from project 'Immich Gallery')

ConstructStubExecutorLinkFileList /Users/sander/Library/Developer/Xcode/DerivedData/Immich_Gallery-eittrmpavvicbzfinpapxnnmzxht/Build/Intermediates.noindex/Immich\ Gallery.build/Debug-appletvsimulator/Immich\ Gallery.build/Immich\ Gallery-ExecutorLinkFileList-normal-arm64.txt (in target 'Immich Gallery' from project 'Immich Gallery')
    cd /Users/sander/dev/Immich-Gallery
    construct-stub-executor-link-file-list /Users/sander/Library/Developer/Xcode/DerivedData/Immich_Gallery-eittrmpavvicbzfinpapxnnmzxht/Build/Intermediates.noindex/Immich\ Gallery.build/Debug-appletvsimulator/Immich\ Gallery.build/Objects-normal/arm64/Binary/Immich\ Gallery.debug.dylib /Applications/Xcode.app/Contents/Developer/Platforms/AppleTVSimulator.platform/Developer/usr/lib/libPreviewsJITStubExecutor_no_swift_entry_point.a /Applications/Xcode.app/Contents/Developer/Platforms/AppleTVSimulator.platform/Developer/usr/lib/libPreviewsJITStubExecutor.a --output /Users/sander/Library/Developer/Xcode/DerivedData/Immich_Gallery-eittrmpavvicbzfinpapxnnmzxht/Build/Intermediates.noindex/Immich\ Gallery.build/Debug-appletvsimulator/Immich\ Gallery.build/Immich\ Gallery-ExecutorLinkFileList-normal-arm64.txt
note: Using stub executor library with Swift entry point. (in target 'Immich Gallery' from project 'Immich Gallery')

Ld /Users/sander/Library/Developer/Xcode/DerivedData/Immich_Gallery-eittrmpavvicbzfinpapxnnmzxht/Build/Intermediates.noindex/Immich\ Gallery.build/Debug-appletvsimulator/Immich\ Gallery.build/Objects-normal/arm64/Binary/Immich\ Gallery normal arm64 (in target 'Immich Gallery' from project 'Immich Gallery')
    cd /Users/sander/dev/Immich-Gallery
    /Applications/Xcode.app/Contents/Developer/Toolchains/XcodeDefault.xctoolchain/usr/bin/clang -Xlinker -reproducible -target arm64-apple-tvos26.0-simulator -isysroot /Applications/Xcode.app/Contents/Developer/Platforms/AppleTVSimulator.platform/Developer/SDKs/AppleTVSimulator26.2.sdk -O0 -L/Users/sander/Library/Developer/Xcode/DerivedData/Immich_Gallery-eittrmpavvicbzfinpapxnnmzxht/Build/Products/Debug-appletvsimulator -F/Users/sander/Library/Developer/Xcode/DerivedData/Immich_Gallery-eittrmpavvicbzfinpapxnnmzxht/Build/Products/Debug-appletvsimulator -Xlinker -rpath -Xlinker @executable_path -Xlinker -rpath -Xlinker @executable_path/Frameworks -rdynamic -Xlinker -no_deduplicate -Xlinker -objc_abi_version -Xlinker 2 -Xlinker -debug_variant -e ___debug_blank_executor_main -Xlinker -sectcreate -Xlinker __TEXT -Xlinker __debug_dylib -Xlinker /Users/sander/Library/Developer/Xcode/DerivedData/Immich_Gallery-eittrmpavvicbzfinpapxnnmzxht/Build/Intermediates.noindex/Immich\ Gallery.build/Debug-appletvsimulator/Immich\ Gallery.build/Immich\ Gallery-DebugDylibPath-normal-arm64.txt -Xlinker -sectcreate -Xlinker __TEXT -Xlinker __debug_instlnm -Xlinker /Users/sander/Library/Developer/Xcode/DerivedData/Immich_Gallery-eittrmpavvicbzfinpapxnnmzxht/Build/Intermediates.noindex/Immich\ Gallery.build/Debug-appletvsimulator/Immich\ Gallery.build/Immich\ Gallery-DebugDylibInstallName-normal-arm64.txt -Xlinker -filelist -Xlinker /Users/sander/Library/Developer/Xcode/DerivedData/Immich_Gallery-eittrmpavvicbzfinpapxnnmzxht/Build/Intermediates.noindex/Immich\ Gallery.build/Debug-appletvsimulator/Immich\ Gallery.build/Immich\ Gallery-ExecutorLinkFileList-normal-arm64.txt -Xlinker -sectcreate -Xlinker __TEXT -Xlinker __entitlements -Xlinker /Users/sander/Library/Developer/Xcode/DerivedData/Immich_Gallery-eittrmpavvicbzfinpapxnnmzxht/Build/Intermediates.noindex/Immich\ Gallery.build/Debug-appletvsimulator/Immich\ Gallery.build/Immich\ Gallery.app-Simulated.xcent -Xlinker -sectcreate -Xlinker __TEXT -Xlinker __ents_der -Xlinker /Users/sander/Library/Developer/Xcode/DerivedData/Immich_Gallery-eittrmpavvicbzfinpapxnnmzxht/Build/Intermediates.noindex/Immich\ Gallery.build/Debug-appletvsimulator/Immich\ Gallery.build/Immich\ Gallery.app-Simulated.xcent.der /Users/sander/Library/Developer/Xcode/DerivedData/Immich_Gallery-eittrmpavvicbzfinpapxnnmzxht/Build/Intermediates.noindex/Immich\ Gallery.build/Debug-appletvsimulator/Immich\ Gallery.build/Objects-normal/arm64/Binary/Immich\ Gallery.debug.dylib -Xlinker -no_adhoc_codesign -o /Users/sander/Library/Developer/Xcode/DerivedData/Immich_Gallery-eittrmpavvicbzfinpapxnnmzxht/Build/Intermediates.noindex/Immich\ Gallery.build/Debug-appletvsimulator/Immich\ Gallery.build/Objects-normal/arm64/Binary/Immich\ Gallery

SwiftDriverJobDiscovery normal x86_64 Compiling InfoRow.swift, LockScreenStyleOverlay.swift, MemoriesDetailView.swift, MemoriesPauseShelfView.swift, MemoriesSlideImageView.swift, MemoriesSlideItem.swift, MemoriesSlideshowTransition.swift, MemoriesSlideshowView.swift, MemoriesView.swift (in target 'Immich Gallery' from project 'Immich Gallery')

SwiftDriverJobDiscovery normal x86_64 Compiling TagsGridView.swift, TechnicalInfoItem.swift, UniversalErrorHandler.swift, VideoPlayerView.swift, ContentView.swift, Immich_GalleryApp.swift, AppConstants.swift, GeneratedAssetSymbols.swift (in target 'Immich Gallery' from project 'Immich Gallery')

SwiftDriverJobDiscovery normal x86_64 Compiling PauseShelfView.swift, SlideImageView.swift, SlideVideoView.swift, ViewHelpers.swift, AutoSlideshowTimeoutPicker.swift, Sections.swift, SettingsView.swift, SlideShowSettings.swift, UserDefaults.swift (in target 'Immich Gallery' from project 'Immich Gallery')

SwiftDriverJobDiscovery normal x86_64 Compiling PeopleGridView.swift, SearchView.swift, SharedGradientBackground.swift, SignInView.swift, SimpleVideoPlayerView.swift, SlideshowView.swift, SplashScreenView.swift, StatsView.swift, SwipeGestureView.swift (in target 'Immich Gallery' from project 'Immich Gallery')

SwiftDriverJobDiscovery normal x86_64 Compiling Badge.swift, AlbumListView.swift, AssetGridView.swift, AssetThumbnailView.swift, ExifInfoOverlay.swift, ExploreDetailView.swift, ExploreView.swift, FoldersView.swift, FullScreenImageView.swift (in target 'Immich Gallery' from project 'Immich Gallery')

SwiftDriverJobDiscovery normal x86_64 Compiling SharedGridView.swift, ThumbnailProviders.swift, DateFormatter+Extensions.swift, GridDisplayableExtensions.swift, ImmichModels.swift, NavigationStyle.swift, UserModels.swift, UserStorage.swift, AlbumService.swift (in target 'Immich Gallery' from project 'Immich Gallery')

SwiftDriver\ Compilation Immich\ Gallery normal x86_64 com.apple.xcode.tools.swift.compiler (in target 'Immich Gallery' from project 'Immich Gallery')
    cd /Users/sander/dev/Immich-Gallery
    builtin-Swift-Compilation -- /Applications/Xcode.app/Contents/Developer/Toolchains/XcodeDefault.xctoolchain/usr/bin/swiftc -module-name Immich_Gallery -Onone -enforce-exclusivity\=checked @/Users/sander/Library/Developer/Xcode/DerivedData/Immich_Gallery-eittrmpavvicbzfinpapxnnmzxht/Build/Intermediates.noindex/Immich\ Gallery.build/Debug-appletvsimulator/Immich\ Gallery.build/Objects-normal/x86_64/Immich\ Gallery.SwiftFileList -DDEBUG -enable-bare-slash-regex -enable-experimental-feature DebugDescriptionMacro -sdk /Applications/Xcode.app/Contents/Developer/Platforms/AppleTVSimulator.platform/Developer/SDKs/AppleTVSimulator26.2.sdk -target x86_64-apple-tvos26.0-simulator -g -module-cache-path /Users/sander/Library/Developer/Xcode/DerivedData/ModuleCache.noindex -Xfrontend -serialize-debugging-options -profile-coverage-mapping -profile-generate -enable-testing -index-store-path /Users/sander/Library/Developer/Xcode/DerivedData/Immich_Gallery-eittrmpavvicbzfinpapxnnmzxht/Index.noindex/DataStore -Xcc -D_LIBCPP_HARDENING_MODE\=_LIBCPP_HARDENING_MODE_DEBUG -swift-version 5 -I /Users/sander/Library/Developer/Xcode/DerivedData/Immich_Gallery-eittrmpavvicbzfinpapxnnmzxht/Build/Products/Debug-appletvsimulator -F /Users/sander/Library/Developer/Xcode/DerivedData/Immich_Gallery-eittrmpavvicbzfinpapxnnmzxht/Build/Products/Debug-appletvsimulator -emit-localized-strings -emit-localized-strings-path /Users/sander/Library/Developer/Xcode/DerivedData/Immich_Gallery-eittrmpavvicbzfinpapxnnmzxht/Build/Intermediates.noindex/Immich\ Gallery.build/Debug-appletvsimulator/Immich\ Gallery.build/Objects-normal/x86_64 -c -j10 -enable-batch-mode -incremental -Xcc -ivfsstatcache -Xcc /Users/sander/Library/Developer/Xcode/DerivedData/SDKStatCaches.noindex/appletvsimulator26.2-23K50-3885c01c3e6b6a337905948deab2002e080c9acb371011151a58bc032572b023.sdkstatcache -output-file-map /Users/sander/Library/Developer/Xcode/DerivedData/Immich_Gallery-eittrmpavvicbzfinpapxnnmzxht/Build/Intermediates.noindex/Immich\ Gallery.build/Debug-appletvsimulator/Immich\ Gallery.build/Objects-normal/x86_64/Immich\ Gallery-OutputFileMap.json -use-frontend-parseable-output -save-temps -no-color-diagnostics -explicit-module-build -module-cache-path /Users/sander/Library/Developer/Xcode/DerivedData/Immich_Gallery-eittrmpavvicbzfinpapxnnmzxht/Build/Intermediates.noindex/SwiftExplicitPrecompiledModules -clang-scanner-module-cache-path /Users/sander/Library/Developer/Xcode/DerivedData/ModuleCache.noindex -sdk-module-cache-path /Users/sander/Library/Developer/Xcode/DerivedData/ModuleCache.noindex -serialize-diagnostics -emit-dependencies -emit-module -emit-module-path /Users/sander/Library/Developer/Xcode/DerivedData/Immich_Gallery-eittrmpavvicbzfinpapxnnmzxht/Build/Intermediates.noindex/Immich\ Gallery.build/Debug-appletvsimulator/Immich\ Gallery.build/Objects-normal/x86_64/Immich_Gallery.swiftmodule -validate-clang-modules-once -clang-build-session-file /Users/sander/Library/Developer/Xcode/DerivedData/ModuleCache.noindex/Session.modulevalidation -Xcc -I/Users/sander/Library/Developer/Xcode/DerivedData/Immich_Gallery-eittrmpavvicbzfinpapxnnmzxht/Build/Intermediates.noindex/Immich\ Gallery.build/Debug-appletvsimulator/Immich\ Gallery.build/swift-overrides.hmap -emit-const-values -Xfrontend -const-gather-protocols-file -Xfrontend /Users/sander/Library/Developer/Xcode/DerivedData/Immich_Gallery-eittrmpavvicbzfinpapxnnmzxht/Build/Intermediates.noindex/Immich\ Gallery.build/Debug-appletvsimulator/Immich\ Gallery.build/Objects-normal/x86_64/Immich\ Gallery_const_extract_protocols.json -Xcc -iquote -Xcc /Users/sander/Library/Developer/Xcode/DerivedData/Immich_Gallery-eittrmpavvicbzfinpapxnnmzxht/Build/Intermediates.noindex/Immich\ Gallery.build/Debug-appletvsimulator/Immich\ Gallery.build/Immich\ Gallery-generated-files.hmap -Xcc -I/Users/sander/Library/Developer/Xcode/DerivedData/Immich_Gallery-eittrmpavvicbzfinpapxnnmzxht/Build/Intermediates.noindex/Immich\ Gallery.build/Debug-appletvsimulator/Immich\ Gallery.build/Immich\ Gallery-own-target-headers.hmap -Xcc -I/Users/sander/Library/Developer/Xcode/DerivedData/Immich_Gallery-eittrmpavvicbzfinpapxnnmzxht/Build/Intermediates.noindex/Immich\ Gallery.build/Debug-appletvsimulator/Immich\ Gallery.build/Immich\ Gallery-all-target-headers.hmap -Xcc -iquote -Xcc /Users/sander/Library/Developer/Xcode/DerivedData/Immich_Gallery-eittrmpavvicbzfinpapxnnmzxht/Build/Intermediates.noindex/Immich\ Gallery.build/Debug-appletvsimulator/Immich\ Gallery.build/Immich\ Gallery-project-headers.hmap -Xcc -I/Users/sander/Library/Developer/Xcode/DerivedData/Immich_Gallery-eittrmpavvicbzfinpapxnnmzxht/Build/Products/Debug-appletvsimulator/include -Xcc -I/Users/sander/Library/Developer/Xcode/DerivedData/Immich_Gallery-eittrmpavvicbzfinpapxnnmzxht/Build/Intermediates.noindex/Immich\ Gallery.build/Debug-appletvsimulator/Immich\ Gallery.build/DerivedSources-normal/x86_64 -Xcc -I/Users/sander/Library/Developer/Xcode/DerivedData/Immich_Gallery-eittrmpavvicbzfinpapxnnmzxht/Build/Intermediates.noindex/Immich\ Gallery.build/Debug-appletvsimulator/Immich\ Gallery.build/DerivedSources/x86_64 -Xcc -I/Users/sander/Library/Developer/Xcode/DerivedData/Immich_Gallery-eittrmpavvicbzfinpapxnnmzxht/Build/Intermediates.noindex/Immich\ Gallery.build/Debug-appletvsimulator/Immich\ Gallery.build/DerivedSources -Xcc -DDEBUG\=1 -emit-objc-header -emit-objc-header-path /Users/sander/Library/Developer/Xcode/DerivedData/Immich_Gallery-eittrmpavvicbzfinpapxnnmzxht/Build/Intermediates.noindex/Immich\ Gallery.build/Debug-appletvsimulator/Immich\ Gallery.build/Objects-normal/x86_64/Immich_Gallery-Swift.h -working-directory /Users/sander/dev/Immich-Gallery -experimental-emit-module-separately -disable-cmo

Ld /Users/sander/Library/Developer/Xcode/DerivedData/Immich_Gallery-eittrmpavvicbzfinpapxnnmzxht/Build/Intermediates.noindex/Immich\ Gallery.build/Debug-appletvsimulator/Immich\ Gallery.build/Objects-normal/x86_64/Binary/Immich\ Gallery.debug.dylib normal x86_64 (in target 'Immich Gallery' from project 'Immich Gallery')
    cd /Users/sander/dev/Immich-Gallery
    /Applications/Xcode.app/Contents/Developer/Toolchains/XcodeDefault.xctoolchain/usr/bin/clang -Xlinker -reproducible -target x86_64-apple-tvos26.0-simulator -dynamiclib -isysroot /Applications/Xcode.app/Contents/Developer/Platforms/AppleTVSimulator.platform/Developer/SDKs/AppleTVSimulator26.2.sdk -O0 -L/Users/sander/Library/Developer/Xcode/DerivedData/Immich_Gallery-eittrmpavvicbzfinpapxnnmzxht/Build/Intermediates.noindex/EagerLinkingTBDs/Debug-appletvsimulator -L/Users/sander/Library/Developer/Xcode/DerivedData/Immich_Gallery-eittrmpavvicbzfinpapxnnmzxht/Build/Products/Debug-appletvsimulator -F/Users/sander/Library/Developer/Xcode/DerivedData/Immich_Gallery-eittrmpavvicbzfinpapxnnmzxht/Build/Intermediates.noindex/EagerLinkingTBDs/Debug-appletvsimulator -F/Users/sander/Library/Developer/Xcode/DerivedData/Immich_Gallery-eittrmpavvicbzfinpapxnnmzxht/Build/Products/Debug-appletvsimulator -filelist /Users/sander/Library/Developer/Xcode/DerivedData/Immich_Gallery-eittrmpavvicbzfinpapxnnmzxht/Build/Intermediates.noindex/Immich\ Gallery.build/Debug-appletvsimulator/Immich\ Gallery.build/Objects-normal/x86_64/Immich\ Gallery.LinkFileList -install_name @rpath/Immich\ Gallery.debug.dylib -Xlinker -rpath -Xlinker @executable_path/Frameworks -dead_strip -Xlinker -object_path_lto -Xlinker /Users/sander/Library/Developer/Xcode/DerivedData/Immich_Gallery-eittrmpavvicbzfinpapxnnmzxht/Build/Intermediates.noindex/Immich\ Gallery.build/Debug-appletvsimulator/Immich\ Gallery.build/Objects-normal/x86_64/Immich\ Gallery_lto.o -rdynamic -Xlinker -no_deduplicate -Xlinker -objc_abi_version -Xlinker 2 -Xlinker -debug_variant -Xlinker -dependency_info -Xlinker /Users/sander/Library/Developer/Xcode/DerivedData/Immich_Gallery-eittrmpavvicbzfinpapxnnmzxht/Build/Intermediates.noindex/Immich\ Gallery.build/Debug-appletvsimulator/Immich\ Gallery.build/Objects-normal/x86_64/Immich\ Gallery_dependency_info.dat -fobjc-link-runtime -fprofile-instr-generate -L/Applications/Xcode.app/Contents/Developer/Toolchains/XcodeDefault.xctoolchain/usr/lib/swift/appletvsimulator -L/usr/lib/swift -Xlinker -add_ast_path -Xlinker /Users/sander/Library/Developer/Xcode/DerivedData/Immich_Gallery-eittrmpavvicbzfinpapxnnmzxht/Build/Intermediates.noindex/Immich\ Gallery.build/Debug-appletvsimulator/Immich\ Gallery.build/Objects-normal/x86_64/Immich_Gallery.swiftmodule @/Users/sander/Library/Developer/Xcode/DerivedData/Immich_Gallery-eittrmpavvicbzfinpapxnnmzxht/Build/Intermediates.noindex/Immich\ Gallery.build/Debug-appletvsimulator/Immich\ Gallery.build/Objects-normal/x86_64/Immich_Gallery-linker-args.resp -Xlinker -alias -Xlinker _main -Xlinker ___debug_main_executable_dylib_entry_point -Xlinker -no_adhoc_codesign -o /Users/sander/Library/Developer/Xcode/DerivedData/Immich_Gallery-eittrmpavvicbzfinpapxnnmzxht/Build/Intermediates.noindex/Immich\ Gallery.build/Debug-appletvsimulator/Immich\ Gallery.build/Objects-normal/x86_64/Binary/Immich\ Gallery.debug.dylib

ConstructStubExecutorLinkFileList /Users/sander/Library/Developer/Xcode/DerivedData/Immich_Gallery-eittrmpavvicbzfinpapxnnmzxht/Build/Intermediates.noindex/Immich\ Gallery.build/Debug-appletvsimulator/Immich\ Gallery.build/Immich\ Gallery-ExecutorLinkFileList-normal-x86_64.txt (in target 'Immich Gallery' from project 'Immich Gallery')
    cd /Users/sander/dev/Immich-Gallery
    construct-stub-executor-link-file-list /Users/sander/Library/Developer/Xcode/DerivedData/Immich_Gallery-eittrmpavvicbzfinpapxnnmzxht/Build/Intermediates.noindex/Immich\ Gallery.build/Debug-appletvsimulator/Immich\ Gallery.build/Objects-normal/x86_64/Binary/Immich\ Gallery.debug.dylib /Applications/Xcode.app/Contents/Developer/Platforms/AppleTVSimulator.platform/Developer/usr/lib/libPreviewsJITStubExecutor_no_swift_entry_point.a /Applications/Xcode.app/Contents/Developer/Platforms/AppleTVSimulator.platform/Developer/usr/lib/libPreviewsJITStubExecutor.a --output /Users/sander/Library/Developer/Xcode/DerivedData/Immich_Gallery-eittrmpavvicbzfinpapxnnmzxht/Build/Intermediates.noindex/Immich\ Gallery.build/Debug-appletvsimulator/Immich\ Gallery.build/Immich\ Gallery-ExecutorLinkFileList-normal-x86_64.txt
note: Using stub executor library with Swift entry point. (in target 'Immich Gallery' from project 'Immich Gallery')

CreateUniversalBinary /Users/sander/Library/Developer/Xcode/DerivedData/Immich_Gallery-eittrmpavvicbzfinpapxnnmzxht/Build/Products/Debug-appletvsimulator/Immich\ Gallery.app/Immich\ Gallery.debug.dylib normal arm64\ x86_64 (in target 'Immich Gallery' from project 'Immich Gallery')
    cd /Users/sander/dev/Immich-Gallery
    /Applications/Xcode.app/Contents/Developer/Toolchains/XcodeDefault.xctoolchain/usr/bin/lipo -create /Users/sander/Library/Developer/Xcode/DerivedData/Immich_Gallery-eittrmpavvicbzfinpapxnnmzxht/Build/Intermediates.noindex/Immich\ Gallery.build/Debug-appletvsimulator/Immich\ Gallery.build/Objects-normal/arm64/Binary/Immich\ Gallery.debug.dylib /Users/sander/Library/Developer/Xcode/DerivedData/Immich_Gallery-eittrmpavvicbzfinpapxnnmzxht/Build/Intermediates.noindex/Immich\ Gallery.build/Debug-appletvsimulator/Immich\ Gallery.build/Objects-normal/x86_64/Binary/Immich\ Gallery.debug.dylib -output /Users/sander/Library/Developer/Xcode/DerivedData/Immich_Gallery-eittrmpavvicbzfinpapxnnmzxht/Build/Products/Debug-appletvsimulator/Immich\ Gallery.app/Immich\ Gallery.debug.dylib

Ld /Users/sander/Library/Developer/Xcode/DerivedData/Immich_Gallery-eittrmpavvicbzfinpapxnnmzxht/Build/Intermediates.noindex/Immich\ Gallery.build/Debug-appletvsimulator/Immich\ Gallery.build/Objects-normal/x86_64/Binary/Immich\ Gallery normal x86_64 (in target 'Immich Gallery' from project 'Immich Gallery')
    cd /Users/sander/dev/Immich-Gallery
    /Applications/Xcode.app/Contents/Developer/Toolchains/XcodeDefault.xctoolchain/usr/bin/clang -Xlinker -reproducible -target x86_64-apple-tvos26.0-simulator -isysroot /Applications/Xcode.app/Contents/Developer/Platforms/AppleTVSimulator.platform/Developer/SDKs/AppleTVSimulator26.2.sdk -O0 -L/Users/sander/Library/Developer/Xcode/DerivedData/Immich_Gallery-eittrmpavvicbzfinpapxnnmzxht/Build/Products/Debug-appletvsimulator -F/Users/sander/Library/Developer/Xcode/DerivedData/Immich_Gallery-eittrmpavvicbzfinpapxnnmzxht/Build/Products/Debug-appletvsimulator -Xlinker -rpath -Xlinker @executable_path -Xlinker -rpath -Xlinker @executable_path/Frameworks -rdynamic -Xlinker -no_deduplicate -Xlinker -objc_abi_version -Xlinker 2 -Xlinker -debug_variant -e ___debug_blank_executor_main -Xlinker -sectcreate -Xlinker __TEXT -Xlinker __debug_dylib -Xlinker /Users/sander/Library/Developer/Xcode/DerivedData/Immich_Gallery-eittrmpavvicbzfinpapxnnmzxht/Build/Intermediates.noindex/Immich\ Gallery.build/Debug-appletvsimulator/Immich\ Gallery.build/Immich\ Gallery-DebugDylibPath-normal-x86_64.txt -Xlinker -sectcreate -Xlinker __TEXT -Xlinker __debug_instlnm -Xlinker /Users/sander/Library/Developer/Xcode/DerivedData/Immich_Gallery-eittrmpavvicbzfinpapxnnmzxht/Build/Intermediates.noindex/Immich\ Gallery.build/Debug-appletvsimulator/Immich\ Gallery.build/Immich\ Gallery-DebugDylibInstallName-normal-x86_64.txt -Xlinker -filelist -Xlinker /Users/sander/Library/Developer/Xcode/DerivedData/Immich_Gallery-eittrmpavvicbzfinpapxnnmzxht/Build/Intermediates.noindex/Immich\ Gallery.build/Debug-appletvsimulator/Immich\ Gallery.build/Immich\ Gallery-ExecutorLinkFileList-normal-x86_64.txt -Xlinker -sectcreate -Xlinker __TEXT -Xlinker __entitlements -Xlinker /Users/sander/Library/Developer/Xcode/DerivedData/Immich_Gallery-eittrmpavvicbzfinpapxnnmzxht/Build/Intermediates.noindex/Immich\ Gallery.build/Debug-appletvsimulator/Immich\ Gallery.build/Immich\ Gallery.app-Simulated.xcent -Xlinker -sectcreate -Xlinker __TEXT -Xlinker __ents_der -Xlinker /Users/sander/Library/Developer/Xcode/DerivedData/Immich_Gallery-eittrmpavvicbzfinpapxnnmzxht/Build/Intermediates.noindex/Immich\ Gallery.build/Debug-appletvsimulator/Immich\ Gallery.build/Immich\ Gallery.app-Simulated.xcent.der /Users/sander/Library/Developer/Xcode/DerivedData/Immich_Gallery-eittrmpavvicbzfinpapxnnmzxht/Build/Intermediates.noindex/Immich\ Gallery.build/Debug-appletvsimulator/Immich\ Gallery.build/Objects-normal/x86_64/Binary/Immich\ Gallery.debug.dylib -Xlinker -no_adhoc_codesign -o /Users/sander/Library/Developer/Xcode/DerivedData/Immich_Gallery-eittrmpavvicbzfinpapxnnmzxht/Build/Intermediates.noindex/Immich\ Gallery.build/Debug-appletvsimulator/Immich\ Gallery.build/Objects-normal/x86_64/Binary/Immich\ Gallery

CreateUniversalBinary /Users/sander/Library/Developer/Xcode/DerivedData/Immich_Gallery-eittrmpavvicbzfinpapxnnmzxht/Build/Products/Debug-appletvsimulator/Immich\ Gallery.app/Immich\ Gallery normal arm64\ x86_64 (in target 'Immich Gallery' from project 'Immich Gallery')
    cd /Users/sander/dev/Immich-Gallery
    /Applications/Xcode.app/Contents/Developer/Toolchains/XcodeDefault.xctoolchain/usr/bin/lipo -create /Users/sander/Library/Developer/Xcode/DerivedData/Immich_Gallery-eittrmpavvicbzfinpapxnnmzxht/Build/Intermediates.noindex/Immich\ Gallery.build/Debug-appletvsimulator/Immich\ Gallery.build/Objects-normal/arm64/Binary/Immich\ Gallery /Users/sander/Library/Developer/Xcode/DerivedData/Immich_Gallery-eittrmpavvicbzfinpapxnnmzxht/Build/Intermediates.noindex/Immich\ Gallery.build/Debug-appletvsimulator/Immich\ Gallery.build/Objects-normal/x86_64/Binary/Immich\ Gallery -output /Users/sander/Library/Developer/Xcode/DerivedData/Immich_Gallery-eittrmpavvicbzfinpapxnnmzxht/Build/Products/Debug-appletvsimulator/Immich\ Gallery.app/Immich\ Gallery

Copy /Users/sander/Library/Developer/Xcode/DerivedData/Immich_Gallery-eittrmpavvicbzfinpapxnnmzxht/Build/Products/Debug-appletvsimulator/Immich\ Gallery.app/PlugIns/TopShelfExtension.appex /Users/sander/Library/Developer/Xcode/DerivedData/Immich_Gallery-eittrmpavvicbzfinpapxnnmzxht/Build/Products/Debug-appletvsimulator/TopShelfExtension.appex (in target 'Immich Gallery' from project 'Immich Gallery')
    cd /Users/sander/dev/Immich-Gallery
    builtin-copy -exclude .DS_Store -exclude CVS -exclude .svn -exclude .git -exclude .hg -exclude Headers -exclude PrivateHeaders -exclude Modules -exclude \*.tbd -resolve-src-symlinks -remove-static-executable /Users/sander/Library/Developer/Xcode/DerivedData/Immich_Gallery-eittrmpavvicbzfinpapxnnmzxht/Build/Products/Debug-appletvsimulator/TopShelfExtension.appex /Users/sander/Library/Developer/Xcode/DerivedData/Immich_Gallery-eittrmpavvicbzfinpapxnnmzxht/Build/Products/Debug-appletvsimulator/Immich\ Gallery.app/PlugIns

CopySwiftLibs /Users/sander/Library/Developer/Xcode/DerivedData/Immich_Gallery-eittrmpavvicbzfinpapxnnmzxht/Build/Products/Debug-appletvsimulator/Immich\ Gallery.app (in target 'Immich Gallery' from project 'Immich Gallery')
    cd /Users/sander/dev/Immich-Gallery
    builtin-swiftStdLibTool --copy --verbose --sign - --scan-executable /Users/sander/Library/Developer/Xcode/DerivedData/Immich_Gallery-eittrmpavvicbzfinpapxnnmzxht/Build/Products/Debug-appletvsimulator/Immich\ Gallery.app/Immich\ Gallery.debug.dylib --scan-folder /Users/sander/Library/Developer/Xcode/DerivedData/Immich_Gallery-eittrmpavvicbzfinpapxnnmzxht/Build/Products/Debug-appletvsimulator/Immich\ Gallery.app/Frameworks --scan-folder /Users/sander/Library/Developer/Xcode/DerivedData/Immich_Gallery-eittrmpavvicbzfinpapxnnmzxht/Build/Products/Debug-appletvsimulator/Immich\ Gallery.app/PlugIns --scan-folder /Users/sander/Library/Developer/Xcode/DerivedData/Immich_Gallery-eittrmpavvicbzfinpapxnnmzxht/Build/Products/Debug-appletvsimulator/Immich\ Gallery.app/SystemExtensions --scan-folder /Users/sander/Library/Developer/Xcode/DerivedData/Immich_Gallery-eittrmpavvicbzfinpapxnnmzxht/Build/Products/Debug-appletvsimulator/Immich\ Gallery.app/Extensions --platform appletvsimulator --toolchain /var/run/com.apple.security.cryptexd/mnt/com.apple.MobileAsset.MetalToolchain-v17.3.48.0.P5phD8/Metal.xctoolchain --toolchain /Applications/Xcode.app/Contents/Developer/Toolchains/XcodeDefault.xctoolchain --destination /Users/sander/Library/Developer/Xcode/DerivedData/Immich_Gallery-eittrmpavvicbzfinpapxnnmzxht/Build/Products/Debug-appletvsimulator/Immich\ Gallery.app/Frameworks --strip-bitcode --strip-bitcode-tool /Applications/Xcode.app/Contents/Developer/Toolchains/XcodeDefault.xctoolchain/usr/bin/bitcode_strip --emit-dependency-info /Users/sander/Library/Developer/Xcode/DerivedData/Immich_Gallery-eittrmpavvicbzfinpapxnnmzxht/Build/Intermediates.noindex/Immich\ Gallery.build/Debug-appletvsimulator/Immich\ Gallery.build/SwiftStdLibToolInputDependencies.dep --filter-for-swift-os

ProcessInfoPlistFile /Users/sander/Library/Developer/Xcode/DerivedData/Immich_Gallery-eittrmpavvicbzfinpapxnnmzxht/Build/Products/Debug-appletvsimulator/Immich\ Gallery.app/Info.plist /Users/sander/dev/Immich-Gallery/Immich-Gallery-Info.plist (in target 'Immich Gallery' from project 'Immich Gallery')
    cd /Users/sander/dev/Immich-Gallery
    builtin-infoPlistUtility /Users/sander/dev/Immich-Gallery/Immich-Gallery-Info.plist -producttype com.apple.product-type.application -genpkginfo /Users/sander/Library/Developer/Xcode/DerivedData/Immich_Gallery-eittrmpavvicbzfinpapxnnmzxht/Build/Products/Debug-appletvsimulator/Immich\ Gallery.app/PkgInfo -expandbuildsettings -format binary -platform appletvsimulator -additionalcontentfile /Users/sander/Library/Developer/Xcode/DerivedData/Immich_Gallery-eittrmpavvicbzfinpapxnnmzxht/Build/Intermediates.noindex/Immich\ Gallery.build/Debug-appletvsimulator/Immich\ Gallery.build/assetcatalog_generated_info.plist -scanforprivacyfile /Users/sander/Library/Developer/Xcode/DerivedData/Immich_Gallery-eittrmpavvicbzfinpapxnnmzxht/Build/Products/Debug-appletvsimulator/Immich\ Gallery.app/PlugIns/TopShelfExtension.appex -o /Users/sander/Library/Developer/Xcode/DerivedData/Immich_Gallery-eittrmpavvicbzfinpapxnnmzxht/Build/Products/Debug-appletvsimulator/Immich\ Gallery.app/Info.plist

ExtractAppIntentsMetadata (in target 'Immich Gallery' from project 'Immich Gallery')
    cd /Users/sander/dev/Immich-Gallery
    /Applications/Xcode.app/Contents/Developer/Toolchains/XcodeDefault.xctoolchain/usr/bin/appintentsmetadataprocessor --toolchain-dir /var/run/com.apple.security.cryptexd/mnt/com.apple.MobileAsset.MetalToolchain-v17.3.48.0.P5phD8/Metal.xctoolchain --module-name Immich_Gallery --sdk-root /Applications/Xcode.app/Contents/Developer/Platforms/AppleTVSimulator.platform/Developer/SDKs/AppleTVSimulator26.2.sdk --xcode-version 17C52 --platform-family tvOS --deployment-target 26.0 --bundle-identifier com.ingenia.dev.Immich-Gallery --output /Users/sander/Library/Developer/Xcode/DerivedData/Immich_Gallery-eittrmpavvicbzfinpapxnnmzxht/Build/Products/Debug-appletvsimulator/Immich\ Gallery.app --target-triple arm64-apple-tvos26.0-simulator --target-triple x86_64-apple-tvos26.0-simulator --binary-file /Users/sander/Library/Developer/Xcode/DerivedData/Immich_Gallery-eittrmpavvicbzfinpapxnnmzxht/Build/Products/Debug-appletvsimulator/Immich\ Gallery.app/Immich\ Gallery --dependency-file /Users/sander/Library/Developer/Xcode/DerivedData/Immich_Gallery-eittrmpavvicbzfinpapxnnmzxht/Build/Intermediates.noindex/Immich\ Gallery.build/Debug-appletvsimulator/Immich\ Gallery.build/Objects-normal/arm64/Immich\ Gallery_dependency_info.dat --dependency-file /Users/sander/Library/Developer/Xcode/DerivedData/Immich_Gallery-eittrmpavvicbzfinpapxnnmzxht/Build/Intermediates.noindex/Immich\ Gallery.build/Debug-appletvsimulator/Immich\ Gallery.build/Objects-normal/x86_64/Immich\ Gallery_dependency_info.dat --stringsdata-file /Users/sander/Library/Developer/Xcode/DerivedData/Immich_Gallery-eittrmpavvicbzfinpapxnnmzxht/Build/Intermediates.noindex/Immich\ Gallery.build/Debug-appletvsimulator/Immich\ Gallery.build/Objects-normal/arm64/ExtractedAppShortcutsMetadata.stringsdata --stringsdata-file /Users/sander/Library/Developer/Xcode/DerivedData/Immich_Gallery-eittrmpavvicbzfinpapxnnmzxht/Build/Intermediates.noindex/Immich\ Gallery.build/Debug-appletvsimulator/Immich\ Gallery.build/Objects-normal/x86_64/ExtractedAppShortcutsMetadata.stringsdata --source-file-list /Users/sander/Library/Developer/Xcode/DerivedData/Immich_Gallery-eittrmpavvicbzfinpapxnnmzxht/Build/Intermediates.noindex/Immich\ Gallery.build/Debug-appletvsimulator/Immich\ Gallery.build/Objects-normal/arm64/Immich\ Gallery.SwiftFileList --source-file-list /Users/sander/Library/Developer/Xcode/DerivedData/Immich_Gallery-eittrmpavvicbzfinpapxnnmzxht/Build/Intermediates.noindex/Immich\ Gallery.build/Debug-appletvsimulator/Immich\ Gallery.build/Objects-normal/x86_64/Immich\ Gallery.SwiftFileList --metadata-file-list /Users/sander/Library/Developer/Xcode/DerivedData/Immich_Gallery-eittrmpavvicbzfinpapxnnmzxht/Build/Intermediates.noindex/Immich\ Gallery.build/Debug-appletvsimulator/Immich\ Gallery.build/Immich\ Gallery.DependencyMetadataFileList --static-metadata-file-list /Users/sander/Library/Developer/Xcode/DerivedData/Immich_Gallery-eittrmpavvicbzfinpapxnnmzxht/Build/Intermediates.noindex/Immich\ Gallery.build/Debug-appletvsimulator/Immich\ Gallery.build/Immich\ Gallery.DependencyStaticMetadataFileList --swift-const-vals-list /Users/sander/Library/Developer/Xcode/DerivedData/Immich_Gallery-eittrmpavvicbzfinpapxnnmzxht/Build/Intermediates.noindex/Immich\ Gallery.build/Debug-appletvsimulator/Immich\ Gallery.build/Objects-normal/arm64/Immich\ Gallery.SwiftConstValuesFileList --swift-const-vals-list /Users/sander/Library/Developer/Xcode/DerivedData/Immich_Gallery-eittrmpavvicbzfinpapxnnmzxht/Build/Intermediates.noindex/Immich\ Gallery.build/Debug-appletvsimulator/Immich\ Gallery.build/Objects-normal/x86_64/Immich\ Gallery.SwiftConstValuesFileList --compile-time-extraction --deployment-aware-processing --validate-assistant-intents --no-app-shortcuts-localization
2026-01-27 12:48:42.236 appintentsmetadataprocessor[60977:20805261] Starting appintentsmetadataprocessor export
2026-01-27 12:48:42.238 appintentsmetadataprocessor[60977:20805261] warning: Metadata extraction skipped. No AppIntents.framework dependency found.

CodeSign /Users/sander/Library/Developer/Xcode/DerivedData/Immich_Gallery-eittrmpavvicbzfinpapxnnmzxht/Build/Products/Debug-appletvsimulator/Immich\ Gallery.app/Immich\ Gallery.debug.dylib (in target 'Immich Gallery' from project 'Immich Gallery')
    cd /Users/sander/dev/Immich-Gallery
    
    Signing Identity:     "Sign to Run Locally"
    
    /usr/bin/codesign --force --sign - --timestamp\=none --generate-entitlement-der /Users/sander/Library/Developer/Xcode/DerivedData/Immich_Gallery-eittrmpavvicbzfinpapxnnmzxht/Build/Products/Debug-appletvsimulator/Immich\ Gallery.app/Immich\ Gallery.debug.dylib

CodeSign /Users/sander/Library/Developer/Xcode/DerivedData/Immich_Gallery-eittrmpavvicbzfinpapxnnmzxht/Build/Products/Debug-appletvsimulator/Immich\ Gallery.app/__preview.dylib (in target 'Immich Gallery' from project 'Immich Gallery')
    cd /Users/sander/dev/Immich-Gallery
    
    Signing Identity:     "Sign to Run Locally"
    
    /usr/bin/codesign --force --sign - --timestamp\=none --generate-entitlement-der /Users/sander/Library/Developer/Xcode/DerivedData/Immich_Gallery-eittrmpavvicbzfinpapxnnmzxht/Build/Products/Debug-appletvsimulator/Immich\ Gallery.app/__preview.dylib

CodeSign /Users/sander/Library/Developer/Xcode/DerivedData/Immich_Gallery-eittrmpavvicbzfinpapxnnmzxht/Build/Products/Debug-appletvsimulator/Immich\ Gallery.app (in target 'Immich Gallery' from project 'Immich Gallery')
    cd /Users/sander/dev/Immich-Gallery
    
    Signing Identity:     "Sign to Run Locally"
    
    /usr/bin/codesign --force --sign - --entitlements /Users/sander/Library/Developer/Xcode/DerivedData/Immich_Gallery-eittrmpavvicbzfinpapxnnmzxht/Build/Intermediates.noindex/Immich\ Gallery.build/Debug-appletvsimulator/Immich\ Gallery.build/Immich\ Gallery.app.xcent --timestamp\=none --generate-entitlement-der /Users/sander/Library/Developer/Xcode/DerivedData/Immich_Gallery-eittrmpavvicbzfinpapxnnmzxht/Build/Products/Debug-appletvsimulator/Immich\ Gallery.app

ValidateEmbeddedBinary /Users/sander/Library/Developer/Xcode/DerivedData/Immich_Gallery-eittrmpavvicbzfinpapxnnmzxht/Build/Products/Debug-appletvsimulator/Immich\ Gallery.app/PlugIns/TopShelfExtension.appex (in target 'Immich Gallery' from project 'Immich Gallery')
    cd /Users/sander/dev/Immich-Gallery
    /Applications/Xcode.app/Contents/Developer/usr/bin/embeddedBinaryValidationUtility /Users/sander/Library/Developer/Xcode/DerivedData/Immich_Gallery-eittrmpavvicbzfinpapxnnmzxht/Build/Products/Debug-appletvsimulator/Immich\ Gallery.app/PlugIns/TopShelfExtension.appex -signing-cert - -info-plist-path /Users/sander/Library/Developer/Xcode/DerivedData/Immich_Gallery-eittrmpavvicbzfinpapxnnmzxht/Build/Products/Debug-appletvsimulator/Immich\ Gallery.app/Info.plist

Validate /Users/sander/Library/Developer/Xcode/DerivedData/Immich_Gallery-eittrmpavvicbzfinpapxnnmzxht/Build/Products/Debug-appletvsimulator/Immich\ Gallery.app (in target 'Immich Gallery' from project 'Immich Gallery')
    cd /Users/sander/dev/Immich-Gallery
    builtin-validationUtility /Users/sander/Library/Developer/Xcode/DerivedData/Immich_Gallery-eittrmpavvicbzfinpapxnnmzxht/Build/Products/Debug-appletvsimulator/Immich\ Gallery.app -shallow-bundle -infoplist-subpath Info.plist

** BUILD SUCCEEDED **

